08:04:46 **** Auto Build of configuration Debug for project lab3 ****
make pre-build main-build 
a9-linaro-pre-build-step
' '
'Building target: lab3.elf'
'Invoking: ARM v7 gcc linker'
arm-none-eabi-gcc -mcpu=cortex-a9 -mfpu=vfpv3 -mfloat-abi=hard -Wl,-build-id=none -specs=Xilinx.spec -Wl,-T -Wl,../src/lscript.ld -L../../lab3_bsp/ps7_cortexa9_0/lib -o "lab3.elf"  ./src/lab3.o   -Wl,--start-group,-lxil,-lgcc,-lc,--end-group
'Finished building target: lab3.elf'
' '
'Invoking: ARM v7 Print Size'
arm-none-eabi-size lab3.elf  |tee "lab3.elf.size"
   text	   data	    bss	    dec	    hex	filename
  23896	   1184	   8244	  33324	   822c	lab3.elf
'Finished building: lab3.elf.size'
' '

08:04:47 Build Finished (took 889ms)

