
*** Running vivado
    with args -log ip_design_nco_0_0.vds -m64 -product Vivado -mode batch -messageDb vivado.pb -notrace -source ip_design_nco_0_0.tcl


****** Vivado v2021.1 (64-bit)
  **** SW Build 3247384 on Thu Jun 10 19:36:07 MDT 2021
  **** IP Build 3246043 on Fri Jun 11 00:30:35 MDT 2021
    ** Copyright 1986-2021 Xilinx, Inc. All Rights Reserved.

source ip_design_nco_0_0.tcl -notrace
INFO: [IP_Flow 19-234] Refreshing IP repositories
INFO: [IP_Flow 19-1700] Loaded user IP repository '/home/software/digilent'.
INFO: [IP_Flow 19-1700] Loaded user IP repository '/home/user/Downloads/sources/zybo/adventures_with_ip_integrator/ip'.
INFO: [IP_Flow 19-2313] Loaded Vivado IP repository '/home/software/Xilinx/Vivado/2021.1/data/ip'.
Command: synth_design -top ip_design_nco_0_0 -part xc7z010clg400-1 -mode out_of_context
Starting synth_design
Attempting to get a license for feature 'Synthesis' and/or device 'xc7z010'
INFO: [Common 17-349] Got license for feature 'Synthesis' and/or device 'xc7z010'
INFO: [Device 21-403] Loading part xc7z010clg400-1
INFO: [Synth 8-7079] Multithreading enabled for synth_design using a maximum of 4 processes.
INFO: [Synth 8-7078] Launching helper process for spawning children vivado processes
INFO: [Synth 8-7075] Helper process launched with PID 76564
---------------------------------------------------------------------------------
Starting RTL Elaboration : Time (s): cpu = 00:00:04 ; elapsed = 00:00:04 . Memory (MB): peak = 2463.227 ; gain = 0.000 ; free physical = 3163 ; free virtual = 19645
---------------------------------------------------------------------------------
INFO: [Synth 8-638] synthesizing module 'ip_design_nco_0_0' [/home/user/Desktop/lab_4/lab_4.gen/sources_1/bd/ip_design/ip/ip_design_nco_0_0/synth/ip_design_nco_0_0.vhd:80]
	Parameter C_S_AXI_AXILITES_ADDR_WIDTH bound to: 6 - type: integer 
	Parameter C_S_AXI_AXILITES_DATA_WIDTH bound to: 32 - type: integer 
INFO: [Synth 8-3491] module 'nco' declared at '/home/user/Desktop/lab_4/lab_4.gen/sources_1/bd/ip_design/ipshared/6f49/hdl/vhdl/nco.vhd:12' bound to instance 'U0' of component 'nco' [/home/user/Desktop/lab_4/lab_4.gen/sources_1/bd/ip_design/ip/ip_design_nco_0_0/synth/ip_design_nco_0_0.vhd:143]
INFO: [Synth 8-638] synthesizing module 'nco' [/home/user/Desktop/lab_4/lab_4.gen/sources_1/bd/ip_design/ipshared/6f49/hdl/vhdl/nco.vhd:39]
	Parameter DataWidth bound to: 16 - type: integer 
	Parameter AddressRange bound to: 4096 - type: integer 
	Parameter AddressWidth bound to: 12 - type: integer 
INFO: [Synth 8-3491] module 'nco_sine_lut_V' declared at '/home/user/Desktop/lab_4/lab_4.gen/sources_1/bd/ip_design/ipshared/6f49/hdl/vhdl/nco_sine_lut_V.vhd:1414' bound to instance 'sine_lut_V_U' of component 'nco_sine_lut_V' [/home/user/Desktop/lab_4/lab_4.gen/sources_1/bd/ip_design/ipshared/6f49/hdl/vhdl/nco.vhd:122]
INFO: [Synth 8-638] synthesizing module 'nco_sine_lut_V' [/home/user/Desktop/lab_4/lab_4.gen/sources_1/bd/ip_design/ipshared/6f49/hdl/vhdl/nco_sine_lut_V.vhd:1427]
INFO: [Synth 8-3491] module 'nco_sine_lut_V_rom' declared at '/home/user/Desktop/lab_4/lab_4.gen/sources_1/bd/ip_design/ipshared/6f49/hdl/vhdl/nco_sine_lut_V.vhd:12' bound to instance 'nco_sine_lut_V_rom_U' of component 'nco_sine_lut_V_rom' [/home/user/Desktop/lab_4/lab_4.gen/sources_1/bd/ip_design/ipshared/6f49/hdl/vhdl/nco_sine_lut_V.vhd:1439]
INFO: [Synth 8-638] synthesizing module 'nco_sine_lut_V_rom' [/home/user/Desktop/lab_4/lab_4.gen/sources_1/bd/ip_design/ipshared/6f49/hdl/vhdl/nco_sine_lut_V.vhd:27]
INFO: [Synth 8-256] done synthesizing module 'nco_sine_lut_V_rom' (1#1) [/home/user/Desktop/lab_4/lab_4.gen/sources_1/bd/ip_design/ipshared/6f49/hdl/vhdl/nco_sine_lut_V.vhd:27]
INFO: [Synth 8-256] done synthesizing module 'nco_sine_lut_V' (2#1) [/home/user/Desktop/lab_4/lab_4.gen/sources_1/bd/ip_design/ipshared/6f49/hdl/vhdl/nco_sine_lut_V.vhd:1427]
	Parameter C_S_AXI_ADDR_WIDTH bound to: 6 - type: integer 
	Parameter C_S_AXI_DATA_WIDTH bound to: 32 - type: integer 
INFO: [Synth 8-3491] module 'nco_AXILiteS_s_axi' declared at '/home/user/Desktop/lab_4/lab_4.gen/sources_1/bd/ip_design/ipshared/6f49/hdl/vhdl/nco_AXILiteS_s_axi.vhd:12' bound to instance 'nco_AXILiteS_s_axi_U' of component 'nco_AXILiteS_s_axi' [/home/user/Desktop/lab_4/lab_4.gen/sources_1/bd/ip_design/ipshared/6f49/hdl/vhdl/nco.vhd:134]
INFO: [Synth 8-638] synthesizing module 'nco_AXILiteS_s_axi' [/home/user/Desktop/lab_4/lab_4.gen/sources_1/bd/ip_design/ipshared/6f49/hdl/vhdl/nco_AXILiteS_s_axi.vhd:61]
WARNING: [Synth 8-614] signal 'ACLK_EN' is read in the process but is not in the sensitivity list [/home/user/Desktop/lab_4/lab_4.gen/sources_1/bd/ip_design/ipshared/6f49/hdl/vhdl/nco_AXILiteS_s_axi.vhd:136]
WARNING: [Synth 8-614] signal 'ACLK_EN' is read in the process but is not in the sensitivity list [/home/user/Desktop/lab_4/lab_4.gen/sources_1/bd/ip_design/ipshared/6f49/hdl/vhdl/nco_AXILiteS_s_axi.vhd:187]
INFO: [Synth 8-256] done synthesizing module 'nco_AXILiteS_s_axi' (3#1) [/home/user/Desktop/lab_4/lab_4.gen/sources_1/bd/ip_design/ipshared/6f49/hdl/vhdl/nco_AXILiteS_s_axi.vhd:61]
INFO: [Synth 8-256] done synthesizing module 'nco' (4#1) [/home/user/Desktop/lab_4/lab_4.gen/sources_1/bd/ip_design/ipshared/6f49/hdl/vhdl/nco.vhd:39]
INFO: [Synth 8-256] done synthesizing module 'ip_design_nco_0_0' (5#1) [/home/user/Desktop/lab_4/lab_4.gen/sources_1/bd/ip_design/ip/ip_design_nco_0_0/synth/ip_design_nco_0_0.vhd:80]
---------------------------------------------------------------------------------
Finished RTL Elaboration : Time (s): cpu = 00:00:05 ; elapsed = 00:00:05 . Memory (MB): peak = 2463.227 ; gain = 0.000 ; free physical = 2006 ; free virtual = 18489
---------------------------------------------------------------------------------
---------------------------------------------------------------------------------
Start Handling Custom Attributes
---------------------------------------------------------------------------------
---------------------------------------------------------------------------------
Finished Handling Custom Attributes : Time (s): cpu = 00:00:05 ; elapsed = 00:00:06 . Memory (MB): peak = 2463.227 ; gain = 0.000 ; free physical = 1956 ; free virtual = 18439
---------------------------------------------------------------------------------
---------------------------------------------------------------------------------
Finished RTL Optimization Phase 1 : Time (s): cpu = 00:00:05 ; elapsed = 00:00:06 . Memory (MB): peak = 2463.227 ; gain = 0.000 ; free physical = 1956 ; free virtual = 18439
---------------------------------------------------------------------------------
Netlist sorting complete. Time (s): cpu = 00:00:00 ; elapsed = 00:00:00 . Memory (MB): peak = 2463.227 ; gain = 0.000 ; free physical = 1942 ; free virtual = 18424
INFO: [Project 1-570] Preparing netlist for logic optimization

Processing XDC Constraints
Initializing timing engine
Parsing XDC File [/home/user/Desktop/lab_4/lab_4.gen/sources_1/bd/ip_design/ip/ip_design_nco_0_0/constraints/nco_ooc.xdc] for cell 'U0'
Finished Parsing XDC File [/home/user/Desktop/lab_4/lab_4.gen/sources_1/bd/ip_design/ip/ip_design_nco_0_0/constraints/nco_ooc.xdc] for cell 'U0'
Parsing XDC File [/home/user/Desktop/lab_4/lab_4.runs/ip_design_nco_0_0_synth_1/dont_touch.xdc]
Finished Parsing XDC File [/home/user/Desktop/lab_4/lab_4.runs/ip_design_nco_0_0_synth_1/dont_touch.xdc]
Completed Processing XDC Constraints

Netlist sorting complete. Time (s): cpu = 00:00:00 ; elapsed = 00:00:00 . Memory (MB): peak = 2527.125 ; gain = 0.000 ; free physical = 2543 ; free virtual = 19026
INFO: [Project 1-111] Unisim Transformation Summary:
No Unisim elements were transformed.

Constraint Validation Runtime : Time (s): cpu = 00:00:00.02 ; elapsed = 00:00:00.01 . Memory (MB): peak = 2527.125 ; gain = 0.000 ; free physical = 2522 ; free virtual = 19006
---------------------------------------------------------------------------------
Finished Constraint Validation : Time (s): cpu = 00:00:11 ; elapsed = 00:00:11 . Memory (MB): peak = 2527.125 ; gain = 63.898 ; free physical = 2605 ; free virtual = 19089
---------------------------------------------------------------------------------
---------------------------------------------------------------------------------
Start Loading Part and Timing Information
---------------------------------------------------------------------------------
Loading part: xc7z010clg400-1
---------------------------------------------------------------------------------
Finished Loading Part and Timing Information : Time (s): cpu = 00:00:11 ; elapsed = 00:00:11 . Memory (MB): peak = 2527.125 ; gain = 63.898 ; free physical = 2600 ; free virtual = 19084
---------------------------------------------------------------------------------
---------------------------------------------------------------------------------
Start Applying 'set_property' XDC Constraints
---------------------------------------------------------------------------------
Applied set_property KEEP_HIERARCHY = SOFT for U0. (constraint file  /home/user/Desktop/lab_4/lab_4.runs/ip_design_nco_0_0_synth_1/dont_touch.xdc, line 9).
---------------------------------------------------------------------------------
Finished applying 'set_property' XDC Constraints : Time (s): cpu = 00:00:11 ; elapsed = 00:00:11 . Memory (MB): peak = 2527.125 ; gain = 63.898 ; free physical = 2584 ; free virtual = 19068
---------------------------------------------------------------------------------
INFO: [Synth 8-802] inferred FSM for state register 'wstate_reg' in module 'nco_AXILiteS_s_axi'
INFO: [Synth 8-802] inferred FSM for state register 'rstate_reg' in module 'nco_AXILiteS_s_axi'
INFO: [Synth 8-4490] FSM extraction disabled for register 'ap_CS_fsm_reg' through user attribute
---------------------------------------------------------------------------------------------------
                   State |                     New Encoding |                Previous Encoding 
---------------------------------------------------------------------------------------------------
                  wridle |                              001 |                              000
                  wrdata |                              010 |                              001
                  wrresp |                              100 |                              010
---------------------------------------------------------------------------------------------------
INFO: [Synth 8-3354] encoded FSM with state register 'wstate_reg' using encoding 'one-hot' in module 'nco_AXILiteS_s_axi'
---------------------------------------------------------------------------------------------------
                   State |                     New Encoding |                Previous Encoding 
---------------------------------------------------------------------------------------------------
                  rdidle |                                0 |                              011
                  rddata |                                1 |                              100
---------------------------------------------------------------------------------------------------
INFO: [Synth 8-3354] encoded FSM with state register 'rstate_reg' using encoding 'sequential' in module 'nco_AXILiteS_s_axi'
---------------------------------------------------------------------------------
Finished RTL Optimization Phase 2 : Time (s): cpu = 00:00:11 ; elapsed = 00:00:12 . Memory (MB): peak = 2527.125 ; gain = 63.898 ; free physical = 2143 ; free virtual = 18627
---------------------------------------------------------------------------------
---------------------------------------------------------------------------------
Start RTL Component Statistics 
---------------------------------------------------------------------------------
Detailed RTL Component Info : 
+---Adders : 
	   2 Input   16 Bit       Adders := 1     
+---Registers : 
	               32 Bit    Registers := 1     
	               16 Bit    Registers := 3     
	                5 Bit    Registers := 1     
	                2 Bit    Registers := 1     
	                1 Bit    Registers := 1     
+---ROMs : 
	                    ROMs := 1     
+---Muxes : 
	   2 Input   16 Bit        Muxes := 1     
	   3 Input    3 Bit        Muxes := 1     
	   2 Input    3 Bit        Muxes := 3     
	   3 Input    2 Bit        Muxes := 1     
	   2 Input    1 Bit        Muxes := 5     
---------------------------------------------------------------------------------
Finished RTL Component Statistics 
---------------------------------------------------------------------------------
---------------------------------------------------------------------------------
Start Part Resource Summary
---------------------------------------------------------------------------------
Part Resources:
DSPs: 80 (col length:40)
BRAMs: 120 (col length: RAMB18 40 RAMB36 20)
---------------------------------------------------------------------------------
Finished Part Resource Summary
---------------------------------------------------------------------------------
---------------------------------------------------------------------------------
Start Cross Boundary and Area Optimization
---------------------------------------------------------------------------------
---------------------------------------------------------------------------------
Finished Cross Boundary and Area Optimization : Time (s): cpu = 00:00:13 ; elapsed = 00:00:14 . Memory (MB): peak = 2527.125 ; gain = 63.898 ; free physical = 2925 ; free virtual = 19409
---------------------------------------------------------------------------------
---------------------------------------------------------------------------------
Start ROM, RAM, DSP, Shift Register and Retiming Reporting
---------------------------------------------------------------------------------

ROM: Preliminary Mapping Report
+------------+------------------------------------------+---------------+----------------+
|Module Name | RTL Object                               | Depth x Width | Implemented As | 
+------------+------------------------------------------+---------------+----------------+
|nco         | sine_lut_V_U/nco_sine_lut_V_rom_U/q0_reg | 4096x16       | Block RAM      | 
+------------+------------------------------------------+---------------+----------------+

---------------------------------------------------------------------------------
Finished ROM, RAM, DSP, Shift Register and Retiming Reporting
---------------------------------------------------------------------------------
---------------------------------------------------------------------------------
Start Applying XDC Timing Constraints
---------------------------------------------------------------------------------
---------------------------------------------------------------------------------
Finished Applying XDC Timing Constraints : Time (s): cpu = 00:00:17 ; elapsed = 00:00:18 . Memory (MB): peak = 2527.125 ; gain = 63.898 ; free physical = 2609 ; free virtual = 19093
---------------------------------------------------------------------------------
---------------------------------------------------------------------------------
Start Timing Optimization
---------------------------------------------------------------------------------
---------------------------------------------------------------------------------
Finished Timing Optimization : Time (s): cpu = 00:00:17 ; elapsed = 00:00:18 . Memory (MB): peak = 2527.125 ; gain = 63.898 ; free physical = 2599 ; free virtual = 19083
---------------------------------------------------------------------------------
---------------------------------------------------------------------------------
Start Technology Mapping
---------------------------------------------------------------------------------
---------------------------------------------------------------------------------
Finished Technology Mapping : Time (s): cpu = 00:00:17 ; elapsed = 00:00:18 . Memory (MB): peak = 2527.125 ; gain = 63.898 ; free physical = 2587 ; free virtual = 19071
---------------------------------------------------------------------------------
---------------------------------------------------------------------------------
Start IO Insertion
---------------------------------------------------------------------------------
---------------------------------------------------------------------------------
Start Flattening Before IO Insertion
---------------------------------------------------------------------------------
---------------------------------------------------------------------------------
Finished Flattening Before IO Insertion
---------------------------------------------------------------------------------
---------------------------------------------------------------------------------
Start Final Netlist Cleanup
---------------------------------------------------------------------------------
---------------------------------------------------------------------------------
Finished Final Netlist Cleanup
---------------------------------------------------------------------------------
---------------------------------------------------------------------------------
Finished IO Insertion : Time (s): cpu = 00:00:20 ; elapsed = 00:00:21 . Memory (MB): peak = 2527.125 ; gain = 63.898 ; free physical = 2637 ; free virtual = 19122
---------------------------------------------------------------------------------
---------------------------------------------------------------------------------
Start Renaming Generated Instances
---------------------------------------------------------------------------------
---------------------------------------------------------------------------------
Finished Renaming Generated Instances : Time (s): cpu = 00:00:20 ; elapsed = 00:00:21 . Memory (MB): peak = 2527.125 ; gain = 63.898 ; free physical = 2641 ; free virtual = 19125
---------------------------------------------------------------------------------
---------------------------------------------------------------------------------
Start Rebuilding User Hierarchy
---------------------------------------------------------------------------------
---------------------------------------------------------------------------------
Finished Rebuilding User Hierarchy : Time (s): cpu = 00:00:20 ; elapsed = 00:00:21 . Memory (MB): peak = 2527.125 ; gain = 63.898 ; free physical = 2661 ; free virtual = 19146
---------------------------------------------------------------------------------
---------------------------------------------------------------------------------
Start Renaming Generated Ports
---------------------------------------------------------------------------------
---------------------------------------------------------------------------------
Finished Renaming Generated Ports : Time (s): cpu = 00:00:20 ; elapsed = 00:00:21 . Memory (MB): peak = 2527.125 ; gain = 63.898 ; free physical = 2661 ; free virtual = 19146
---------------------------------------------------------------------------------
---------------------------------------------------------------------------------
Start Handling Custom Attributes
---------------------------------------------------------------------------------
---------------------------------------------------------------------------------
Finished Handling Custom Attributes : Time (s): cpu = 00:00:20 ; elapsed = 00:00:21 . Memory (MB): peak = 2527.125 ; gain = 63.898 ; free physical = 2661 ; free virtual = 19146
---------------------------------------------------------------------------------
---------------------------------------------------------------------------------
Start Renaming Generated Nets
---------------------------------------------------------------------------------
---------------------------------------------------------------------------------
Finished Renaming Generated Nets : Time (s): cpu = 00:00:20 ; elapsed = 00:00:21 . Memory (MB): peak = 2527.125 ; gain = 63.898 ; free physical = 2661 ; free virtual = 19146
---------------------------------------------------------------------------------
---------------------------------------------------------------------------------
Start Writing Synthesis Report
---------------------------------------------------------------------------------

Report BlackBoxes: 
+-+--------------+----------+
| |BlackBox name |Instances |
+-+--------------+----------+
+-+--------------+----------+

Report Cell Usage: 
+------+---------+------+
|      |Cell     |Count |
+------+---------+------+
|1     |CARRY4   |     8|
|2     |LUT1     |     3|
|3     |LUT2     |    35|
|4     |LUT3     |    33|
|5     |LUT4     |     4|
|6     |LUT6     |     5|
|7     |RAMB36E1 |     2|
|9     |FDRE     |    58|
|10    |FDSE     |     2|
+------+---------+------+
---------------------------------------------------------------------------------
Finished Writing Synthesis Report : Time (s): cpu = 00:00:20 ; elapsed = 00:00:21 . Memory (MB): peak = 2527.125 ; gain = 63.898 ; free physical = 2661 ; free virtual = 19146
---------------------------------------------------------------------------------
Synthesis finished with 0 errors, 0 critical warnings and 0 warnings.
Synthesis Optimization Runtime : Time (s): cpu = 00:00:18 ; elapsed = 00:00:19 . Memory (MB): peak = 2527.125 ; gain = 0.000 ; free physical = 2712 ; free virtual = 19197
Synthesis Optimization Complete : Time (s): cpu = 00:00:20 ; elapsed = 00:00:21 . Memory (MB): peak = 2527.125 ; gain = 63.898 ; free physical = 2711 ; free virtual = 19196
INFO: [Project 1-571] Translating synthesized netlist
Netlist sorting complete. Time (s): cpu = 00:00:00 ; elapsed = 00:00:00 . Memory (MB): peak = 2527.125 ; gain = 0.000 ; free physical = 2710 ; free virtual = 19194
INFO: [Netlist 29-17] Analyzing 10 Unisim elements for replacement
INFO: [Netlist 29-28] Unisim Transformation completed in 0 CPU seconds
INFO: [Project 1-570] Preparing netlist for logic optimization
INFO: [Opt 31-138] Pushed 0 inverter(s) to 0 load pin(s).
Netlist sorting complete. Time (s): cpu = 00:00:00.01 ; elapsed = 00:00:00 . Memory (MB): peak = 2527.125 ; gain = 0.000 ; free physical = 2741 ; free virtual = 19225
INFO: [Project 1-111] Unisim Transformation Summary:
No Unisim elements were transformed.

Synth Design complete, checksum: 178f3e3d
INFO: [Common 17-83] Releasing license: Synthesis
37 Infos, 2 Warnings, 0 Critical Warnings and 0 Errors encountered.
synth_design completed successfully
synth_design: Time (s): cpu = 00:00:30 ; elapsed = 00:00:25 . Memory (MB): peak = 2527.125 ; gain = 64.031 ; free physical = 2879 ; free virtual = 19363
INFO: [Common 17-1381] The checkpoint '/home/user/Desktop/lab_4/lab_4.runs/ip_design_nco_0_0_synth_1/ip_design_nco_0_0.dcp' has been generated.
INFO: [Coretcl 2-1648] Added synthesis output to IP cache for IP ip_design_nco_0_0, cache-ID = 1376a208575107e6
INFO: [Coretcl 2-1174] Renamed 4 cell refs.
INFO: [Common 17-1381] The checkpoint '/home/user/Desktop/lab_4/lab_4.runs/ip_design_nco_0_0_synth_1/ip_design_nco_0_0.dcp' has been generated.
INFO: [runtcl-4] Executing : report_utilization -file ip_design_nco_0_0_utilization_synth.rpt -pb ip_design_nco_0_0_utilization_synth.pb
INFO: [Common 17-206] Exiting Vivado at Wed Sep 30 20:23:00 2026...
