
*** Running vivado
    with args -log zynq_interrupt_system_rst_ps7_0_100M_1.vds -m64 -product Vivado -mode batch -messageDb vivado.pb -notrace -source zynq_interrupt_system_rst_ps7_0_100M_1.tcl


****** Vivado v2021.1 (64-bit)
  **** SW Build 3247384 on Thu Jun 10 19:36:07 MDT 2021
  **** IP Build 3246043 on Fri Jun 11 00:30:35 MDT 2021
    ** Copyright 1986-2021 Xilinx, Inc. All Rights Reserved.

source zynq_interrupt_system_rst_ps7_0_100M_1.tcl -notrace
INFO: [IP_Flow 19-234] Refreshing IP repositories
INFO: [IP_Flow 19-1700] Loaded user IP repository '/home/software/digilent'.
INFO: [IP_Flow 19-2313] Loaded Vivado IP repository '/home/software/Xilinx/Vivado/2021.1/data/ip'.
Command: synth_design -top zynq_interrupt_system_rst_ps7_0_100M_1 -part xc7z010clg400-1 -mode out_of_context
Starting synth_design
Attempting to get a license for feature 'Synthesis' and/or device 'xc7z010'
INFO: [Common 17-349] Got license for feature 'Synthesis' and/or device 'xc7z010'
INFO: [Device 21-403] Loading part xc7z010clg400-1
INFO: [Synth 8-7079] Multithreading enabled for synth_design using a maximum of 4 processes.
INFO: [Synth 8-7078] Launching helper process for spawning children vivado processes
INFO: [Synth 8-7075] Helper process launched with PID 2189840
---------------------------------------------------------------------------------
Starting RTL Elaboration : Time (s): cpu = 00:00:04 ; elapsed = 00:00:06 . Memory (MB): peak = 2460.199 ; gain = 0.000 ; free physical = 473 ; free virtual = 16893
---------------------------------------------------------------------------------
INFO: [Synth 8-638] synthesizing module 'zynq_interrupt_system_rst_ps7_0_100M_1' [/home/user/Desktop/lab_2/lab_2.gen/sources_1/bd/zynq_interrupt_system/ip/zynq_interrupt_system_rst_ps7_0_100M_1/synth/zynq_interrupt_system_rst_ps7_0_100M_1.vhd:74]
	Parameter C_FAMILY bound to: zynq - type: string 
	Parameter C_EXT_RST_WIDTH bound to: 4 - type: integer 
	Parameter C_AUX_RST_WIDTH bound to: 4 - type: integer 
	Parameter C_EXT_RESET_HIGH bound to: 1'b0 
	Parameter C_AUX_RESET_HIGH bound to: 1'b0 
	Parameter C_NUM_BUS_RST bound to: 1 - type: integer 
	Parameter C_NUM_PERP_RST bound to: 1 - type: integer 
	Parameter C_NUM_INTERCONNECT_ARESETN bound to: 1 - type: integer 
	Parameter C_NUM_PERP_ARESETN bound to: 1 - type: integer 
INFO: [Synth 8-3491] module 'proc_sys_reset' declared at '/home/user/Desktop/lab_2/lab_2.gen/sources_1/bd/zynq_interrupt_system/ipshared/8842/hdl/proc_sys_reset_v5_0_vh_rfs.vhd:1264' bound to instance 'U0' of component 'proc_sys_reset' [/home/user/Desktop/lab_2/lab_2.gen/sources_1/bd/zynq_interrupt_system/ip/zynq_interrupt_system_rst_ps7_0_100M_1/synth/zynq_interrupt_system_rst_ps7_0_100M_1.vhd:129]
INFO: [Synth 8-638] synthesizing module 'proc_sys_reset' [/home/user/Desktop/lab_2/lab_2.gen/sources_1/bd/zynq_interrupt_system/ipshared/8842/hdl/proc_sys_reset_v5_0_vh_rfs.vhd:1323]
	Parameter INIT bound to: 1'b1 
INFO: [Synth 8-113] binding component instance 'FDRE_inst' to cell 'FDRE' [/home/user/Desktop/lab_2/lab_2.gen/sources_1/bd/zynq_interrupt_system/ipshared/8842/hdl/proc_sys_reset_v5_0_vh_rfs.vhd:1392]
	Parameter INIT bound to: 1'b1 
INFO: [Synth 8-113] binding component instance 'FDRE_BSR' to cell 'FDRE' [/home/user/Desktop/lab_2/lab_2.gen/sources_1/bd/zynq_interrupt_system/ipshared/8842/hdl/proc_sys_reset_v5_0_vh_rfs.vhd:1408]
	Parameter INIT bound to: 1'b0 
INFO: [Synth 8-113] binding component instance 'FDRE_BSR_N' to cell 'FDRE' [/home/user/Desktop/lab_2/lab_2.gen/sources_1/bd/zynq_interrupt_system/ipshared/8842/hdl/proc_sys_reset_v5_0_vh_rfs.vhd:1434]
	Parameter INIT bound to: 1'b1 
INFO: [Synth 8-113] binding component instance 'FDRE_PER' to cell 'FDRE' [/home/user/Desktop/lab_2/lab_2.gen/sources_1/bd/zynq_interrupt_system/ipshared/8842/hdl/proc_sys_reset_v5_0_vh_rfs.vhd:1457]
	Parameter INIT bound to: 1'b0 
INFO: [Synth 8-113] binding component instance 'FDRE_PER_N' to cell 'FDRE' [/home/user/Desktop/lab_2/lab_2.gen/sources_1/bd/zynq_interrupt_system/ipshared/8842/hdl/proc_sys_reset_v5_0_vh_rfs.vhd:1481]
INFO: [Synth 8-638] synthesizing module 'lpf' [/home/user/Desktop/lab_2/lab_2.gen/sources_1/bd/zynq_interrupt_system/ipshared/8842/hdl/proc_sys_reset_v5_0_vh_rfs.vhd:816]
INFO: [Synth 8-3491] module 'SRL16' declared at '/home/software/Xilinx/Vivado/2021.1/scripts/rt/data/unisim_comp.v:100945' bound to instance 'POR_SRL_I' of component 'SRL16' [/home/user/Desktop/lab_2/lab_2.gen/sources_1/bd/zynq_interrupt_system/ipshared/8842/hdl/proc_sys_reset_v5_0_vh_rfs.vhd:868]
INFO: [Synth 8-6157] synthesizing module 'SRL16' [/home/software/Xilinx/Vivado/2021.1/scripts/rt/data/unisim_comp.v:100945]
INFO: [Synth 8-6155] done synthesizing module 'SRL16' (1#1) [/home/software/Xilinx/Vivado/2021.1/scripts/rt/data/unisim_comp.v:100945]
INFO: [Synth 8-638] synthesizing module 'cdc_sync' [/home/user/Desktop/lab_2/lab_2.gen/sources_1/bd/zynq_interrupt_system/ipshared/ef1e/hdl/lib_cdc_v1_0_rfs.vhd:106]
	Parameter INIT bound to: 1'b0 
INFO: [Synth 8-113] binding component instance 'CROSS_PLEVEL_IN2SCNDRY_IN_cdc_to' to cell 'FDR' [/home/user/Desktop/lab_2/lab_2.gen/sources_1/bd/zynq_interrupt_system/ipshared/ef1e/hdl/lib_cdc_v1_0_rfs.vhd:514]
	Parameter INIT bound to: 1'b0 
INFO: [Synth 8-113] binding component instance 'CROSS_PLEVEL_IN2SCNDRY_s_level_out_d2' to cell 'FDR' [/home/user/Desktop/lab_2/lab_2.gen/sources_1/bd/zynq_interrupt_system/ipshared/ef1e/hdl/lib_cdc_v1_0_rfs.vhd:545]
	Parameter INIT bound to: 1'b0 
INFO: [Synth 8-113] binding component instance 'CROSS_PLEVEL_IN2SCNDRY_s_level_out_d3' to cell 'FDR' [/home/user/Desktop/lab_2/lab_2.gen/sources_1/bd/zynq_interrupt_system/ipshared/ef1e/hdl/lib_cdc_v1_0_rfs.vhd:554]
	Parameter INIT bound to: 1'b0 
INFO: [Synth 8-113] binding component instance 'CROSS_PLEVEL_IN2SCNDRY_s_level_out_d4' to cell 'FDR' [/home/user/Desktop/lab_2/lab_2.gen/sources_1/bd/zynq_interrupt_system/ipshared/ef1e/hdl/lib_cdc_v1_0_rfs.vhd:564]
	Parameter INIT bound to: 1'b0 
INFO: [Synth 8-113] binding component instance 'CROSS_PLEVEL_IN2SCNDRY_s_level_out_d5' to cell 'FDR' [/home/user/Desktop/lab_2/lab_2.gen/sources_1/bd/zynq_interrupt_system/ipshared/ef1e/hdl/lib_cdc_v1_0_rfs.vhd:574]
	Parameter INIT bound to: 1'b0 
INFO: [Synth 8-113] binding component instance 'CROSS_PLEVEL_IN2SCNDRY_s_level_out_d6' to cell 'FDR' [/home/user/Desktop/lab_2/lab_2.gen/sources_1/bd/zynq_interrupt_system/ipshared/ef1e/hdl/lib_cdc_v1_0_rfs.vhd:584]
INFO: [Synth 8-256] done synthesizing module 'cdc_sync' (2#1) [/home/user/Desktop/lab_2/lab_2.gen/sources_1/bd/zynq_interrupt_system/ipshared/ef1e/hdl/lib_cdc_v1_0_rfs.vhd:106]
INFO: [Synth 8-256] done synthesizing module 'lpf' (3#1) [/home/user/Desktop/lab_2/lab_2.gen/sources_1/bd/zynq_interrupt_system/ipshared/8842/hdl/proc_sys_reset_v5_0_vh_rfs.vhd:816]
INFO: [Synth 8-638] synthesizing module 'sequence_psr' [/home/user/Desktop/lab_2/lab_2.gen/sources_1/bd/zynq_interrupt_system/ipshared/8842/hdl/proc_sys_reset_v5_0_vh_rfs.vhd:301]
INFO: [Synth 8-638] synthesizing module 'upcnt_n' [/home/user/Desktop/lab_2/lab_2.gen/sources_1/bd/zynq_interrupt_system/ipshared/8842/hdl/proc_sys_reset_v5_0_vh_rfs.vhd:125]
INFO: [Synth 8-256] done synthesizing module 'upcnt_n' (4#1) [/home/user/Desktop/lab_2/lab_2.gen/sources_1/bd/zynq_interrupt_system/ipshared/8842/hdl/proc_sys_reset_v5_0_vh_rfs.vhd:125]
INFO: [Synth 8-256] done synthesizing module 'sequence_psr' (5#1) [/home/user/Desktop/lab_2/lab_2.gen/sources_1/bd/zynq_interrupt_system/ipshared/8842/hdl/proc_sys_reset_v5_0_vh_rfs.vhd:301]
INFO: [Synth 8-256] done synthesizing module 'proc_sys_reset' (6#1) [/home/user/Desktop/lab_2/lab_2.gen/sources_1/bd/zynq_interrupt_system/ipshared/8842/hdl/proc_sys_reset_v5_0_vh_rfs.vhd:1323]
INFO: [Synth 8-256] done synthesizing module 'zynq_interrupt_system_rst_ps7_0_100M_1' (7#1) [/home/user/Desktop/lab_2/lab_2.gen/sources_1/bd/zynq_interrupt_system/ip/zynq_interrupt_system_rst_ps7_0_100M_1/synth/zynq_interrupt_system_rst_ps7_0_100M_1.vhd:74]
---------------------------------------------------------------------------------
Finished RTL Elaboration : Time (s): cpu = 00:00:06 ; elapsed = 00:00:10 . Memory (MB): peak = 2460.199 ; gain = 0.000 ; free physical = 3429 ; free virtual = 18632
---------------------------------------------------------------------------------
---------------------------------------------------------------------------------
Start Handling Custom Attributes
---------------------------------------------------------------------------------
---------------------------------------------------------------------------------
Finished Handling Custom Attributes : Time (s): cpu = 00:00:06 ; elapsed = 00:00:11 . Memory (MB): peak = 2460.199 ; gain = 0.000 ; free physical = 3752 ; free virtual = 18960
---------------------------------------------------------------------------------
---------------------------------------------------------------------------------
Finished RTL Optimization Phase 1 : Time (s): cpu = 00:00:06 ; elapsed = 00:00:11 . Memory (MB): peak = 2460.199 ; gain = 0.000 ; free physical = 3752 ; free virtual = 18960
---------------------------------------------------------------------------------
Netlist sorting complete. Time (s): cpu = 00:00:00 ; elapsed = 00:00:00.01 . Memory (MB): peak = 2460.199 ; gain = 0.000 ; free physical = 3738 ; free virtual = 18951
INFO: [Netlist 29-17] Analyzing 13 Unisim elements for replacement
INFO: [Netlist 29-28] Unisim Transformation completed in 0 CPU seconds
INFO: [Project 1-570] Preparing netlist for logic optimization

Processing XDC Constraints
Initializing timing engine
Parsing XDC File [/home/user/Desktop/lab_2/lab_2.gen/sources_1/bd/zynq_interrupt_system/ip/zynq_interrupt_system_rst_ps7_0_100M_1/zynq_interrupt_system_rst_ps7_0_100M_1_ooc.xdc] for cell 'U0'
Finished Parsing XDC File [/home/user/Desktop/lab_2/lab_2.gen/sources_1/bd/zynq_interrupt_system/ip/zynq_interrupt_system_rst_ps7_0_100M_1/zynq_interrupt_system_rst_ps7_0_100M_1_ooc.xdc] for cell 'U0'
Parsing XDC File [/home/user/Desktop/lab_2/lab_2.gen/sources_1/bd/zynq_interrupt_system/ip/zynq_interrupt_system_rst_ps7_0_100M_1/zynq_interrupt_system_rst_ps7_0_100M_1_board.xdc] for cell 'U0'
Finished Parsing XDC File [/home/user/Desktop/lab_2/lab_2.gen/sources_1/bd/zynq_interrupt_system/ip/zynq_interrupt_system_rst_ps7_0_100M_1/zynq_interrupt_system_rst_ps7_0_100M_1_board.xdc] for cell 'U0'
Parsing XDC File [/home/user/Desktop/lab_2/lab_2.gen/sources_1/bd/zynq_interrupt_system/ip/zynq_interrupt_system_rst_ps7_0_100M_1/zynq_interrupt_system_rst_ps7_0_100M_1.xdc] for cell 'U0'
Finished Parsing XDC File [/home/user/Desktop/lab_2/lab_2.gen/sources_1/bd/zynq_interrupt_system/ip/zynq_interrupt_system_rst_ps7_0_100M_1/zynq_interrupt_system_rst_ps7_0_100M_1.xdc] for cell 'U0'
Parsing XDC File [/home/user/Desktop/lab_2/lab_2.runs/zynq_interrupt_system_rst_ps7_0_100M_1_synth_1/dont_touch.xdc]
Finished Parsing XDC File [/home/user/Desktop/lab_2/lab_2.runs/zynq_interrupt_system_rst_ps7_0_100M_1_synth_1/dont_touch.xdc]
Completed Processing XDC Constraints

Netlist sorting complete. Time (s): cpu = 00:00:00 ; elapsed = 00:00:00 . Memory (MB): peak = 2524.098 ; gain = 0.000 ; free physical = 3419 ; free virtual = 18678
INFO: [Project 1-111] Unisim Transformation Summary:
  A total of 13 instances were transformed.
  FDR => FDRE: 12 instances
  SRL16 => SRL16E: 1 instance 

Constraint Validation Runtime : Time (s): cpu = 00:00:00.02 ; elapsed = 00:00:00.02 . Memory (MB): peak = 2524.098 ; gain = 0.000 ; free physical = 3419 ; free virtual = 18678
---------------------------------------------------------------------------------
Finished Constraint Validation : Time (s): cpu = 00:00:13 ; elapsed = 00:00:18 . Memory (MB): peak = 2524.098 ; gain = 63.898 ; free physical = 3508 ; free virtual = 18785
---------------------------------------------------------------------------------
---------------------------------------------------------------------------------
Start Loading Part and Timing Information
---------------------------------------------------------------------------------
Loading part: xc7z010clg400-1
---------------------------------------------------------------------------------
Finished Loading Part and Timing Information : Time (s): cpu = 00:00:13 ; elapsed = 00:00:18 . Memory (MB): peak = 2524.098 ; gain = 63.898 ; free physical = 3508 ; free virtual = 18784
---------------------------------------------------------------------------------
---------------------------------------------------------------------------------
Start Applying 'set_property' XDC Constraints
---------------------------------------------------------------------------------
Applied set_property KEEP_HIERARCHY = SOFT for U0. (constraint file  /home/user/Desktop/lab_2/lab_2.runs/zynq_interrupt_system_rst_ps7_0_100M_1_synth_1/dont_touch.xdc, line 9).
---------------------------------------------------------------------------------
Finished applying 'set_property' XDC Constraints : Time (s): cpu = 00:00:13 ; elapsed = 00:00:18 . Memory (MB): peak = 2524.098 ; gain = 63.898 ; free physical = 3507 ; free virtual = 18784
---------------------------------------------------------------------------------
---------------------------------------------------------------------------------
Finished RTL Optimization Phase 2 : Time (s): cpu = 00:00:13 ; elapsed = 00:00:18 . Memory (MB): peak = 2524.098 ; gain = 63.898 ; free physical = 3508 ; free virtual = 18785
---------------------------------------------------------------------------------
---------------------------------------------------------------------------------
Start RTL Component Statistics 
---------------------------------------------------------------------------------
Detailed RTL Component Info : 
+---Adders : 
	   2 Input    6 Bit       Adders := 1     
+---Registers : 
	                6 Bit    Registers := 1     
	                3 Bit    Registers := 3     
	                1 Bit    Registers := 8     
+---Muxes : 
	   2 Input    6 Bit        Muxes := 1     
	   2 Input    1 Bit        Muxes := 1     
---------------------------------------------------------------------------------
Finished RTL Component Statistics 
---------------------------------------------------------------------------------
---------------------------------------------------------------------------------
Start Part Resource Summary
---------------------------------------------------------------------------------
Part Resources:
DSPs: 80 (col length:40)
BRAMs: 120 (col length: RAMB18 40 RAMB36 20)
---------------------------------------------------------------------------------
Finished Part Resource Summary
---------------------------------------------------------------------------------
---------------------------------------------------------------------------------
Start Cross Boundary and Area Optimization
---------------------------------------------------------------------------------
---------------------------------------------------------------------------------
Finished Cross Boundary and Area Optimization : Time (s): cpu = 00:00:14 ; elapsed = 00:00:20 . Memory (MB): peak = 2524.098 ; gain = 63.898 ; free physical = 3449 ; free virtual = 18729
---------------------------------------------------------------------------------
---------------------------------------------------------------------------------
Start Applying XDC Timing Constraints
---------------------------------------------------------------------------------
---------------------------------------------------------------------------------
Finished Applying XDC Timing Constraints : Time (s): cpu = 00:00:22 ; elapsed = 00:00:28 . Memory (MB): peak = 2524.098 ; gain = 63.898 ; free physical = 3013 ; free virtual = 18302
---------------------------------------------------------------------------------
---------------------------------------------------------------------------------
Start Timing Optimization
---------------------------------------------------------------------------------
---------------------------------------------------------------------------------
Finished Timing Optimization : Time (s): cpu = 00:00:22 ; elapsed = 00:00:28 . Memory (MB): peak = 2524.098 ; gain = 63.898 ; free physical = 3007 ; free virtual = 18296
---------------------------------------------------------------------------------
---------------------------------------------------------------------------------
Start Technology Mapping
---------------------------------------------------------------------------------
---------------------------------------------------------------------------------
Finished Technology Mapping : Time (s): cpu = 00:00:22 ; elapsed = 00:00:28 . Memory (MB): peak = 2524.098 ; gain = 63.898 ; free physical = 2980 ; free virtual = 18270
---------------------------------------------------------------------------------
---------------------------------------------------------------------------------
Start IO Insertion
---------------------------------------------------------------------------------
---------------------------------------------------------------------------------
Start Flattening Before IO Insertion
---------------------------------------------------------------------------------
---------------------------------------------------------------------------------
Finished Flattening Before IO Insertion
---------------------------------------------------------------------------------
---------------------------------------------------------------------------------
Start Final Netlist Cleanup
---------------------------------------------------------------------------------
---------------------------------------------------------------------------------
Finished Final Netlist Cleanup
---------------------------------------------------------------------------------
---------------------------------------------------------------------------------
Finished IO Insertion : Time (s): cpu = 00:00:26 ; elapsed = 00:00:32 . Memory (MB): peak = 2524.098 ; gain = 63.898 ; free physical = 2659 ; free virtual = 17959
---------------------------------------------------------------------------------
---------------------------------------------------------------------------------
Start Renaming Generated Instances
---------------------------------------------------------------------------------
---------------------------------------------------------------------------------
Finished Renaming Generated Instances : Time (s): cpu = 00:00:26 ; elapsed = 00:00:32 . Memory (MB): peak = 2524.098 ; gain = 63.898 ; free physical = 2659 ; free virtual = 17959
---------------------------------------------------------------------------------
---------------------------------------------------------------------------------
Start Rebuilding User Hierarchy
---------------------------------------------------------------------------------
---------------------------------------------------------------------------------
Finished Rebuilding User Hierarchy : Time (s): cpu = 00:00:26 ; elapsed = 00:00:32 . Memory (MB): peak = 2524.098 ; gain = 63.898 ; free physical = 2659 ; free virtual = 17959
---------------------------------------------------------------------------------
---------------------------------------------------------------------------------
Start Renaming Generated Ports
---------------------------------------------------------------------------------
---------------------------------------------------------------------------------
Finished Renaming Generated Ports : Time (s): cpu = 00:00:26 ; elapsed = 00:00:32 . Memory (MB): peak = 2524.098 ; gain = 63.898 ; free physical = 2659 ; free virtual = 17959
---------------------------------------------------------------------------------
---------------------------------------------------------------------------------
Start Handling Custom Attributes
---------------------------------------------------------------------------------
---------------------------------------------------------------------------------
Finished Handling Custom Attributes : Time (s): cpu = 00:00:26 ; elapsed = 00:00:32 . Memory (MB): peak = 2524.098 ; gain = 63.898 ; free physical = 2659 ; free virtual = 17959
---------------------------------------------------------------------------------
---------------------------------------------------------------------------------
Start Renaming Generated Nets
---------------------------------------------------------------------------------
---------------------------------------------------------------------------------
Finished Renaming Generated Nets : Time (s): cpu = 00:00:26 ; elapsed = 00:00:32 . Memory (MB): peak = 2524.098 ; gain = 63.898 ; free physical = 2659 ; free virtual = 17959
---------------------------------------------------------------------------------
---------------------------------------------------------------------------------
Start Writing Synthesis Report
---------------------------------------------------------------------------------

Report BlackBoxes: 
+-+--------------+----------+
| |BlackBox name |Instances |
+-+--------------+----------+
+-+--------------+----------+

Report Cell Usage: 
+------+------+------+
|      |Cell  |Count |
+------+------+------+
|1     |LUT1  |     5|
|2     |LUT2  |     9|
|3     |LUT3  |     1|
|4     |LUT4  |     6|
|5     |LUT5  |     3|
|6     |LUT6  |     1|
|7     |SRL16 |     1|
|8     |FDR   |     8|
|9     |FDRE  |    28|
|10    |FDSE  |     4|
+------+------+------+
---------------------------------------------------------------------------------
Finished Writing Synthesis Report : Time (s): cpu = 00:00:26 ; elapsed = 00:00:32 . Memory (MB): peak = 2524.098 ; gain = 63.898 ; free physical = 2659 ; free virtual = 17959
---------------------------------------------------------------------------------
Synthesis finished with 0 errors, 0 critical warnings and 0 warnings.
Synthesis Optimization Runtime : Time (s): cpu = 00:00:24 ; elapsed = 00:00:29 . Memory (MB): peak = 2524.098 ; gain = 0.000 ; free physical = 2715 ; free virtual = 18015
Synthesis Optimization Complete : Time (s): cpu = 00:00:26 ; elapsed = 00:00:32 . Memory (MB): peak = 2524.098 ; gain = 63.898 ; free physical = 2715 ; free virtual = 18015
INFO: [Project 1-571] Translating synthesized netlist
Netlist sorting complete. Time (s): cpu = 00:00:00 ; elapsed = 00:00:00 . Memory (MB): peak = 2524.098 ; gain = 0.000 ; free physical = 2712 ; free virtual = 18012
INFO: [Netlist 29-17] Analyzing 9 Unisim elements for replacement
INFO: [Netlist 29-28] Unisim Transformation completed in 0 CPU seconds
INFO: [Project 1-570] Preparing netlist for logic optimization
INFO: [Opt 31-138] Pushed 0 inverter(s) to 0 load pin(s).
Netlist sorting complete. Time (s): cpu = 00:00:00 ; elapsed = 00:00:00 . Memory (MB): peak = 2524.098 ; gain = 0.000 ; free physical = 2918 ; free virtual = 18228
INFO: [Project 1-111] Unisim Transformation Summary:
  A total of 9 instances were transformed.
  FDR => FDRE: 8 instances
  SRL16 => SRL16E: 1 instance 

Synth Design complete, checksum: c11b7a
INFO: [Common 17-83] Releasing license: Synthesis
46 Infos, 0 Warnings, 0 Critical Warnings and 0 Errors encountered.
synth_design completed successfully
synth_design: Time (s): cpu = 00:00:37 ; elapsed = 00:00:37 . Memory (MB): peak = 2524.098 ; gain = 64.031 ; free physical = 3044 ; free virtual = 18354
INFO: [Common 17-1381] The checkpoint '/home/user/Desktop/lab_2/lab_2.runs/zynq_interrupt_system_rst_ps7_0_100M_1_synth_1/zynq_interrupt_system_rst_ps7_0_100M_1.dcp' has been generated.
INFO: [Coretcl 2-1648] Added synthesis output to IP cache for IP zynq_interrupt_system_rst_ps7_0_100M_1, cache-ID = 8194dfdcfe994774
INFO: [Coretcl 2-1174] Renamed 6 cell refs.
INFO: [Common 17-1381] The checkpoint '/home/user/Desktop/lab_2/lab_2.runs/zynq_interrupt_system_rst_ps7_0_100M_1_synth_1/zynq_interrupt_system_rst_ps7_0_100M_1.dcp' has been generated.
INFO: [runtcl-4] Executing : report_utilization -file zynq_interrupt_system_rst_ps7_0_100M_1_utilization_synth.rpt -pb zynq_interrupt_system_rst_ps7_0_100M_1_utilization_synth.pb
INFO: [Common 17-206] Exiting Vivado at Wed Sep 16 19:20:45 2026...
