
*** Running vivado
    with args -log zynq_keypad_system_wrapper.vdi -applog -m64 -product Vivado -messageDb vivado.pb -mode batch -source zynq_keypad_system_wrapper.tcl -notrace


****** Vivado v2021.1 (64-bit)
  **** SW Build 3247384 on Thu Jun 10 19:36:07 MDT 2021
  **** IP Build 3246043 on Fri Jun 11 00:30:35 MDT 2021
    ** Copyright 1986-2021 Xilinx, Inc. All Rights Reserved.

source zynq_keypad_system_wrapper.tcl -notrace
INFO: [IP_Flow 19-234] Refreshing IP repositories
INFO: [IP_Flow 19-1700] Loaded user IP repository '/home/software/digilent'.
INFO: [IP_Flow 19-2313] Loaded Vivado IP repository '/home/software/Xilinx/Vivado/2021.1/data/ip'.
Command: link_design -top zynq_keypad_system_wrapper -part xc7z010clg400-1
Design is defaulting to srcset: sources_1
Design is defaulting to constrset: constrs_1
INFO: [Device 21-403] Loading part xc7z010clg400-1
INFO: [Project 1-454] Reading design checkpoint '/home/user/Desktop/lab_3/lab_3.gen/sources_1/bd/zynq_keypad_system/ip/zynq_keypad_system_PmodKYPD_0_0/zynq_keypad_system_PmodKYPD_0_0.dcp' for cell 'zynq_keypad_system_i/PmodKYPD_0'
INFO: [Project 1-454] Reading design checkpoint '/home/user/Desktop/lab_3/lab_3.gen/sources_1/bd/zynq_keypad_system/ip/zynq_keypad_system_processing_system7_0_0/zynq_keypad_system_processing_system7_0_0.dcp' for cell 'zynq_keypad_system_i/processing_system7_0'
INFO: [Project 1-454] Reading design checkpoint '/home/user/Desktop/lab_3/lab_3.gen/sources_1/bd/zynq_keypad_system/ip/zynq_keypad_system_rst_ps7_0_100M_0/zynq_keypad_system_rst_ps7_0_100M_0.dcp' for cell 'zynq_keypad_system_i/rst_ps7_0_100M'
INFO: [Project 1-454] Reading design checkpoint '/home/user/Desktop/lab_3/lab_3.gen/sources_1/bd/zynq_keypad_system/ip/zynq_keypad_system_auto_pc_0/zynq_keypad_system_auto_pc_0.dcp' for cell 'zynq_keypad_system_i/ps7_0_axi_periph/s00_couplers/auto_pc'
Netlist sorting complete. Time (s): cpu = 00:00:00.03 ; elapsed = 00:00:00.03 . Memory (MB): peak = 2521.070 ; gain = 0.000 ; free physical = 3452 ; free virtual = 20289
INFO: [Netlist 29-17] Analyzing 26 Unisim elements for replacement
INFO: [Netlist 29-28] Unisim Transformation completed in 0 CPU seconds
INFO: [Project 1-479] Netlist was created with Vivado 2021.1
INFO: [Project 1-570] Preparing netlist for logic optimization
Parsing XDC File [/home/user/Desktop/lab_3/lab_3.gen/sources_1/bd/zynq_keypad_system/ip/zynq_keypad_system_processing_system7_0_0/zynq_keypad_system_processing_system7_0_0.xdc] for cell 'zynq_keypad_system_i/processing_system7_0/inst'
Finished Parsing XDC File [/home/user/Desktop/lab_3/lab_3.gen/sources_1/bd/zynq_keypad_system/ip/zynq_keypad_system_processing_system7_0_0/zynq_keypad_system_processing_system7_0_0.xdc] for cell 'zynq_keypad_system_i/processing_system7_0/inst'
Parsing XDC File [/home/user/Desktop/lab_3/lab_3.gen/sources_1/bd/zynq_keypad_system/ip/zynq_keypad_system_PmodKYPD_0_0/src/PmodKYPD_axi_gpio_0_0/PmodKYPD_axi_gpio_0_0_board.xdc] for cell 'zynq_keypad_system_i/PmodKYPD_0/inst/axi_gpio_0/U0'
Finished Parsing XDC File [/home/user/Desktop/lab_3/lab_3.gen/sources_1/bd/zynq_keypad_system/ip/zynq_keypad_system_PmodKYPD_0_0/src/PmodKYPD_axi_gpio_0_0/PmodKYPD_axi_gpio_0_0_board.xdc] for cell 'zynq_keypad_system_i/PmodKYPD_0/inst/axi_gpio_0/U0'
Parsing XDC File [/home/user/Desktop/lab_3/lab_3.gen/sources_1/bd/zynq_keypad_system/ip/zynq_keypad_system_PmodKYPD_0_0/src/PmodKYPD_axi_gpio_0_0/PmodKYPD_axi_gpio_0_0.xdc] for cell 'zynq_keypad_system_i/PmodKYPD_0/inst/axi_gpio_0/U0'
Finished Parsing XDC File [/home/user/Desktop/lab_3/lab_3.gen/sources_1/bd/zynq_keypad_system/ip/zynq_keypad_system_PmodKYPD_0_0/src/PmodKYPD_axi_gpio_0_0/PmodKYPD_axi_gpio_0_0.xdc] for cell 'zynq_keypad_system_i/PmodKYPD_0/inst/axi_gpio_0/U0'
Parsing XDC File [/home/user/Desktop/lab_3/lab_3.gen/sources_1/bd/zynq_keypad_system/ip/zynq_keypad_system_PmodKYPD_0_0/src/PmodKYPD_pmod_bridge_0_0/PmodKYPD_pmod_bridge_0_0_board.xdc] for cell 'zynq_keypad_system_i/PmodKYPD_0/inst/pmod_bridge_0/inst'
Finished Parsing XDC File [/home/user/Desktop/lab_3/lab_3.gen/sources_1/bd/zynq_keypad_system/ip/zynq_keypad_system_PmodKYPD_0_0/src/PmodKYPD_pmod_bridge_0_0/PmodKYPD_pmod_bridge_0_0_board.xdc] for cell 'zynq_keypad_system_i/PmodKYPD_0/inst/pmod_bridge_0/inst'
Parsing XDC File [/home/user/Desktop/lab_3/lab_3.gen/sources_1/bd/zynq_keypad_system/ip/zynq_keypad_system_PmodKYPD_0_0/zynq_keypad_system_PmodKYPD_0_0_board.xdc] for cell 'zynq_keypad_system_i/PmodKYPD_0/inst'
Finished Parsing XDC File [/home/user/Desktop/lab_3/lab_3.gen/sources_1/bd/zynq_keypad_system/ip/zynq_keypad_system_PmodKYPD_0_0/zynq_keypad_system_PmodKYPD_0_0_board.xdc] for cell 'zynq_keypad_system_i/PmodKYPD_0/inst'
Parsing XDC File [/home/user/Desktop/lab_3/lab_3.gen/sources_1/bd/zynq_keypad_system/ip/zynq_keypad_system_rst_ps7_0_100M_0/zynq_keypad_system_rst_ps7_0_100M_0_board.xdc] for cell 'zynq_keypad_system_i/rst_ps7_0_100M/U0'
Finished Parsing XDC File [/home/user/Desktop/lab_3/lab_3.gen/sources_1/bd/zynq_keypad_system/ip/zynq_keypad_system_rst_ps7_0_100M_0/zynq_keypad_system_rst_ps7_0_100M_0_board.xdc] for cell 'zynq_keypad_system_i/rst_ps7_0_100M/U0'
Parsing XDC File [/home/user/Desktop/lab_3/lab_3.gen/sources_1/bd/zynq_keypad_system/ip/zynq_keypad_system_rst_ps7_0_100M_0/zynq_keypad_system_rst_ps7_0_100M_0.xdc] for cell 'zynq_keypad_system_i/rst_ps7_0_100M/U0'
Finished Parsing XDC File [/home/user/Desktop/lab_3/lab_3.gen/sources_1/bd/zynq_keypad_system/ip/zynq_keypad_system_rst_ps7_0_100M_0/zynq_keypad_system_rst_ps7_0_100M_0.xdc] for cell 'zynq_keypad_system_i/rst_ps7_0_100M/U0'
INFO: [Opt 31-138] Pushed 0 inverter(s) to 0 load pin(s).
Netlist sorting complete. Time (s): cpu = 00:00:00 ; elapsed = 00:00:00 . Memory (MB): peak = 2689.020 ; gain = 0.000 ; free physical = 3360 ; free virtual = 20197
INFO: [Project 1-111] Unisim Transformation Summary:
  A total of 8 instances were transformed.
  IOBUF => IOBUF (IBUF, OBUFT): 8 instances

14 Infos, 0 Warnings, 0 Critical Warnings and 0 Errors encountered.
link_design completed successfully
link_design: Time (s): cpu = 00:00:07 ; elapsed = 00:00:08 . Memory (MB): peak = 2689.020 ; gain = 168.082 ; free physical = 3360 ; free virtual = 20197
Command: opt_design
Attempting to get a license for feature 'Implementation' and/or device 'xc7z010'
INFO: [Common 17-349] Got license for feature 'Implementation' and/or device 'xc7z010'
Running DRC as a precondition to command opt_design

Starting DRC Task
INFO: [DRC 23-27] Running DRC with 8 threads
INFO: [Project 1-461] DRC finished with 0 Errors
INFO: [Project 1-462] Please refer to the DRC report (report_drc) for more information.

Time (s): cpu = 00:00:01 ; elapsed = 00:00:00.50 . Memory (MB): peak = 2689.020 ; gain = 0.000 ; free physical = 3343 ; free virtual = 20181

Starting Cache Timing Information Task
INFO: [Timing 38-35] Done setting XDC timing constraints.
Ending Cache Timing Information Task | Checksum: 1c3a8e15e

Time (s): cpu = 00:00:05 ; elapsed = 00:00:05 . Memory (MB): peak = 2689.020 ; gain = 0.000 ; free physical = 2973 ; free virtual = 19810

Starting Logic Optimization Task

Phase 1 Retarget
INFO: [Opt 31-138] Pushed 0 inverter(s) to 0 load pin(s).
INFO: [Opt 31-49] Retargeted 0 cell(s).
Phase 1 Retarget | Checksum: 102c97446

Time (s): cpu = 00:00:00.18 ; elapsed = 00:00:00.07 . Memory (MB): peak = 2833.777 ; gain = 0.000 ; free physical = 2804 ; free virtual = 19641
INFO: [Opt 31-389] Phase Retarget created 4 cells and removed 29 cells
INFO: [Opt 31-1021] In phase Retarget, 8 netlist objects are constrained preventing optimization. Please run opt_design with -debug_log to get more detail. 

Phase 2 Constant propagation
INFO: [Opt 31-138] Pushed 0 inverter(s) to 0 load pin(s).
Phase 2 Constant propagation | Checksum: 9bcf379e

Time (s): cpu = 00:00:00.20 ; elapsed = 00:00:00.08 . Memory (MB): peak = 2833.777 ; gain = 0.000 ; free physical = 2804 ; free virtual = 19641
INFO: [Opt 31-389] Phase Constant propagation created 0 cells and removed 8 cells

Phase 3 Sweep
Phase 3 Sweep | Checksum: d24c1d41

Time (s): cpu = 00:00:00.31 ; elapsed = 00:00:00.20 . Memory (MB): peak = 2833.777 ; gain = 0.000 ; free physical = 2804 ; free virtual = 19641
INFO: [Opt 31-389] Phase Sweep created 0 cells and removed 167 cells

Phase 4 BUFG optimization
Phase 4 BUFG optimization | Checksum: d24c1d41

Time (s): cpu = 00:00:00.32 ; elapsed = 00:00:00.21 . Memory (MB): peak = 2833.777 ; gain = 0.000 ; free physical = 2804 ; free virtual = 19641
INFO: [Opt 31-662] Phase BUFG optimization created 0 cells of which 0 are BUFGs and removed 0 cells.

Phase 5 Shift Register Optimization
INFO: [Opt 31-1064] SRL Remap converted 0 SRLs to 0 registers and converted 0 registers of register chains to 0 SRLs
Phase 5 Shift Register Optimization | Checksum: d24c1d41

Time (s): cpu = 00:00:00.33 ; elapsed = 00:00:00.22 . Memory (MB): peak = 2833.777 ; gain = 0.000 ; free physical = 2804 ; free virtual = 19641
INFO: [Opt 31-389] Phase Shift Register Optimization created 0 cells and removed 0 cells

Phase 6 Post Processing Netlist
Phase 6 Post Processing Netlist | Checksum: d24c1d41

Time (s): cpu = 00:00:00.34 ; elapsed = 00:00:00.22 . Memory (MB): peak = 2833.777 ; gain = 0.000 ; free physical = 2804 ; free virtual = 19641
INFO: [Opt 31-389] Phase Post Processing Netlist created 0 cells and removed 0 cells
Opt_design Change Summary
=========================


-------------------------------------------------------------------------------------------------------------------------
|  Phase                        |  #Cells created  |  #Cells Removed  |  #Constrained objects preventing optimizations  |
-------------------------------------------------------------------------------------------------------------------------
|  Retarget                     |               4  |              29  |                                              8  |
|  Constant propagation         |               0  |               8  |                                              0  |
|  Sweep                        |               0  |             167  |                                              0  |
|  BUFG optimization            |               0  |               0  |                                              0  |
|  Shift Register Optimization  |               0  |               0  |                                              0  |
|  Post Processing Netlist      |               0  |               0  |                                              0  |
-------------------------------------------------------------------------------------------------------------------------



Starting Connectivity Check Task

Time (s): cpu = 00:00:00 ; elapsed = 00:00:00 . Memory (MB): peak = 2833.777 ; gain = 0.000 ; free physical = 2804 ; free virtual = 19641
Ending Logic Optimization Task | Checksum: 154c5788d

Time (s): cpu = 00:00:00.43 ; elapsed = 00:00:00.26 . Memory (MB): peak = 2833.777 ; gain = 0.000 ; free physical = 2804 ; free virtual = 19641

Starting Power Optimization Task
INFO: [Pwropt 34-132] Skipping clock gating for clocks with a period < 2.00 ns.
Ending Power Optimization Task | Checksum: 154c5788d

Time (s): cpu = 00:00:00 ; elapsed = 00:00:00 . Memory (MB): peak = 2833.777 ; gain = 0.000 ; free physical = 2804 ; free virtual = 19641

Starting Final Cleanup Task
Ending Final Cleanup Task | Checksum: 154c5788d

Time (s): cpu = 00:00:00 ; elapsed = 00:00:00 . Memory (MB): peak = 2833.777 ; gain = 0.000 ; free physical = 2804 ; free virtual = 19641

Starting Netlist Obfuscation Task
Netlist sorting complete. Time (s): cpu = 00:00:00 ; elapsed = 00:00:00 . Memory (MB): peak = 2833.777 ; gain = 0.000 ; free physical = 2804 ; free virtual = 19641
Ending Netlist Obfuscation Task | Checksum: 154c5788d

Time (s): cpu = 00:00:00 ; elapsed = 00:00:00 . Memory (MB): peak = 2833.777 ; gain = 0.000 ; free physical = 2804 ; free virtual = 19641
INFO: [Common 17-83] Releasing license: Implementation
32 Infos, 0 Warnings, 0 Critical Warnings and 0 Errors encountered.
opt_design completed successfully
opt_design: Time (s): cpu = 00:00:08 ; elapsed = 00:00:07 . Memory (MB): peak = 2833.777 ; gain = 144.758 ; free physical = 2804 ; free virtual = 19641
INFO: [Timing 38-480] Writing timing data to binary archive.
Writing placer database...
Writing XDEF routing.
Writing XDEF routing logical nets.
Writing XDEF routing special nets.
Write XDEF Complete: Time (s): cpu = 00:00:00.09 ; elapsed = 00:00:00.03 . Memory (MB): peak = 2873.797 ; gain = 0.000 ; free physical = 2804 ; free virtual = 19641
INFO: [Common 17-1381] The checkpoint '/home/user/Desktop/lab_3/lab_3.runs/impl_1/zynq_keypad_system_wrapper_opt.dcp' has been generated.
INFO: [runtcl-4] Executing : report_drc -file zynq_keypad_system_wrapper_drc_opted.rpt -pb zynq_keypad_system_wrapper_drc_opted.pb -rpx zynq_keypad_system_wrapper_drc_opted.rpx
Command: report_drc -file zynq_keypad_system_wrapper_drc_opted.rpt -pb zynq_keypad_system_wrapper_drc_opted.pb -rpx zynq_keypad_system_wrapper_drc_opted.rpx
INFO: [IP_Flow 19-1839] IP Catalog is up to date.
INFO: [Timing 38-35] Done setting XDC timing constraints.
INFO: [DRC 23-27] Running DRC with 8 threads
INFO: [Vivado_Tcl 2-168] The results of DRC are in file /home/user/Desktop/lab_3/lab_3.runs/impl_1/zynq_keypad_system_wrapper_drc_opted.rpt.
report_drc completed successfully
Command: place_design
Attempting to get a license for feature 'Implementation' and/or device 'xc7z010'
INFO: [Common 17-349] Got license for feature 'Implementation' and/or device 'xc7z010'
INFO: [DRC 23-27] Running DRC with 8 threads
INFO: [Vivado_Tcl 4-198] DRC finished with 0 Errors
INFO: [Vivado_Tcl 4-199] Please refer to the DRC report (report_drc) for more information.
Running DRC as a precondition to command place_design
INFO: [DRC 23-27] Running DRC with 8 threads
INFO: [Vivado_Tcl 4-198] DRC finished with 0 Errors
INFO: [Vivado_Tcl 4-199] Please refer to the DRC report (report_drc) for more information.

Starting Placer Task
INFO: [Place 30-611] Multithreading enabled for place_design using a maximum of 8 CPUs

Phase 1 Placer Initialization

Phase 1.1 Placer Initialization Netlist Sorting
Netlist sorting complete. Time (s): cpu = 00:00:00 ; elapsed = 00:00:00 . Memory (MB): peak = 3048.113 ; gain = 0.000 ; free physical = 2729 ; free virtual = 19567
Phase 1.1 Placer Initialization Netlist Sorting | Checksum: 6dc410ff

Time (s): cpu = 00:00:00 ; elapsed = 00:00:00.03 . Memory (MB): peak = 3048.113 ; gain = 0.000 ; free physical = 2729 ; free virtual = 19567
Netlist sorting complete. Time (s): cpu = 00:00:00 ; elapsed = 00:00:00 . Memory (MB): peak = 3048.113 ; gain = 0.000 ; free physical = 2729 ; free virtual = 19567

Phase 1.2 IO Placement/ Clock Placement/ Build Placer Device
Phase 1.2 IO Placement/ Clock Placement/ Build Placer Device | Checksum: 1e42ac202

Time (s): cpu = 00:00:00.51 ; elapsed = 00:00:00.28 . Memory (MB): peak = 3048.113 ; gain = 0.000 ; free physical = 2750 ; free virtual = 19589

Phase 1.3 Build Placer Netlist Model
Phase 1.3 Build Placer Netlist Model | Checksum: 1e6661eae

Time (s): cpu = 00:00:00.96 ; elapsed = 00:00:00.44 . Memory (MB): peak = 3048.113 ; gain = 0.000 ; free physical = 2761 ; free virtual = 19600

Phase 1.4 Constrain Clocks/Macros
Phase 1.4 Constrain Clocks/Macros | Checksum: 1e6661eae

Time (s): cpu = 00:00:00.97 ; elapsed = 00:00:00.44 . Memory (MB): peak = 3048.113 ; gain = 0.000 ; free physical = 2761 ; free virtual = 19600
Phase 1 Placer Initialization | Checksum: 1e6661eae

Time (s): cpu = 00:00:00.97 ; elapsed = 00:00:00.45 . Memory (MB): peak = 3048.113 ; gain = 0.000 ; free physical = 2761 ; free virtual = 19600

Phase 2 Global Placement

Phase 2.1 Floorplanning
Phase 2.1 Floorplanning | Checksum: 1b2c4c19d

Time (s): cpu = 00:00:01 ; elapsed = 00:00:00.50 . Memory (MB): peak = 3048.113 ; gain = 0.000 ; free physical = 2757 ; free virtual = 19596

Phase 2.2 Update Timing before SLR Path Opt
Phase 2.2 Update Timing before SLR Path Opt | Checksum: 158cff388

Time (s): cpu = 00:00:01 ; elapsed = 00:00:00.53 . Memory (MB): peak = 3048.113 ; gain = 0.000 ; free physical = 2757 ; free virtual = 19596

Phase 2.3 Post-Processing in Floorplanning
Phase 2.3 Post-Processing in Floorplanning | Checksum: 158cff388

Time (s): cpu = 00:00:01 ; elapsed = 00:00:00.53 . Memory (MB): peak = 3048.113 ; gain = 0.000 ; free physical = 2757 ; free virtual = 19596

Phase 2.4 Global Placement Core

Phase 2.4.1 Physical Synthesis In Placer
INFO: [Physopt 32-1035] Found 0 LUTNM shape to break, 15 LUT instances to create LUTNM shape
INFO: [Physopt 32-1044] Break lutnm for timing: one critical 0, two critical 0, total 0, new lutff created 0
INFO: [Physopt 32-1138] End 1 Pass. Optimized 6 nets or LUTs. Breaked 0 LUT, combined 6 existing LUTs and moved 0 existing LUT
INFO: [Physopt 32-65] No nets found for high-fanout optimization.
INFO: [Physopt 32-232] Optimized 0 net. Created 0 new instance.
INFO: [Physopt 32-775] End 1 Pass. Optimized 0 net or cell. Created 0 new cell, deleted 0 existing cell and moved 0 existing cell
INFO: [Physopt 32-670] No setup violation found.  DSP Register Optimization was not performed.
INFO: [Physopt 32-670] No setup violation found.  Shift Register to Pipeline Optimization was not performed.
INFO: [Physopt 32-670] No setup violation found.  Shift Register Optimization was not performed.
INFO: [Physopt 32-670] No setup violation found.  BRAM Register Optimization was not performed.
INFO: [Physopt 32-670] No setup violation found.  URAM Register Optimization was not performed.
INFO: [Physopt 32-949] No candidate nets found for dynamic/static region interface net replication
INFO: [Physopt 32-775] End 1 Pass. Optimized 0 net or cell. Created 0 new cell, deleted 0 existing cell and moved 0 existing cell
Netlist sorting complete. Time (s): cpu = 00:00:00 ; elapsed = 00:00:00 . Memory (MB): peak = 3048.113 ; gain = 0.000 ; free physical = 2750 ; free virtual = 19589

Summary of Physical Synthesis Optimizations
============================================


-----------------------------------------------------------------------------------------------------------------------------------------------------------
|  Optimization                                     |  Added Cells  |  Removed Cells  |  Optimized Cells/Nets  |  Dont Touch  |  Iterations  |  Elapsed   |
-----------------------------------------------------------------------------------------------------------------------------------------------------------
|  LUT Combining                                    |            0  |              6  |                     6  |           0  |           1  |  00:00:00  |
|  Retime                                           |            0  |              0  |                     0  |           0  |           1  |  00:00:00  |
|  Very High Fanout                                 |            0  |              0  |                     0  |           0  |           1  |  00:00:00  |
|  DSP Register                                     |            0  |              0  |                     0  |           0  |           0  |  00:00:00  |
|  Shift Register to Pipeline                       |            0  |              0  |                     0  |           0  |           0  |  00:00:00  |
|  Shift Register                                   |            0  |              0  |                     0  |           0  |           0  |  00:00:00  |
|  BRAM Register                                    |            0  |              0  |                     0  |           0  |           0  |  00:00:00  |
|  URAM Register                                    |            0  |              0  |                     0  |           0  |           0  |  00:00:00  |
|  Dynamic/Static Region Interface Net Replication  |            0  |              0  |                     0  |           0  |           1  |  00:00:00  |
|  Total                                            |            0  |              6  |                     6  |           0  |           4  |  00:00:00  |
-----------------------------------------------------------------------------------------------------------------------------------------------------------


Phase 2.4.1 Physical Synthesis In Placer | Checksum: 23df203cc

Time (s): cpu = 00:00:04 ; elapsed = 00:00:01 . Memory (MB): peak = 3048.113 ; gain = 0.000 ; free physical = 2750 ; free virtual = 19589
Phase 2.4 Global Placement Core | Checksum: 20640a167

Time (s): cpu = 00:00:04 ; elapsed = 00:00:01 . Memory (MB): peak = 3048.113 ; gain = 0.000 ; free physical = 2750 ; free virtual = 19589
Phase 2 Global Placement | Checksum: 20640a167

Time (s): cpu = 00:00:04 ; elapsed = 00:00:01 . Memory (MB): peak = 3048.113 ; gain = 0.000 ; free physical = 2750 ; free virtual = 19589

Phase 3 Detail Placement

Phase 3.1 Commit Multi Column Macros
Phase 3.1 Commit Multi Column Macros | Checksum: 1fa19e40d

Time (s): cpu = 00:00:04 ; elapsed = 00:00:01 . Memory (MB): peak = 3048.113 ; gain = 0.000 ; free physical = 2750 ; free virtual = 19589

Phase 3.2 Commit Most Macros & LUTRAMs
Phase 3.2 Commit Most Macros & LUTRAMs | Checksum: 205754962

Time (s): cpu = 00:00:04 ; elapsed = 00:00:01 . Memory (MB): peak = 3048.113 ; gain = 0.000 ; free physical = 2751 ; free virtual = 19590

Phase 3.3 Area Swap Optimization
Phase 3.3 Area Swap Optimization | Checksum: 178718ab5

Time (s): cpu = 00:00:04 ; elapsed = 00:00:01 . Memory (MB): peak = 3048.113 ; gain = 0.000 ; free physical = 2751 ; free virtual = 19590

Phase 3.4 Pipeline Register Optimization
Phase 3.4 Pipeline Register Optimization | Checksum: 188105fc9

Time (s): cpu = 00:00:04 ; elapsed = 00:00:01 . Memory (MB): peak = 3048.113 ; gain = 0.000 ; free physical = 2751 ; free virtual = 19590

Phase 3.5 Small Shape Detail Placement
Phase 3.5 Small Shape Detail Placement | Checksum: 13f08bdef

Time (s): cpu = 00:00:05 ; elapsed = 00:00:02 . Memory (MB): peak = 3048.113 ; gain = 0.000 ; free physical = 2750 ; free virtual = 19589

Phase 3.6 Re-assign LUT pins
Phase 3.6 Re-assign LUT pins | Checksum: 1f650cf09

Time (s): cpu = 00:00:05 ; elapsed = 00:00:02 . Memory (MB): peak = 3048.113 ; gain = 0.000 ; free physical = 2750 ; free virtual = 19589

Phase 3.7 Pipeline Register Optimization
Phase 3.7 Pipeline Register Optimization | Checksum: 206b1dbfd

Time (s): cpu = 00:00:05 ; elapsed = 00:00:02 . Memory (MB): peak = 3048.113 ; gain = 0.000 ; free physical = 2750 ; free virtual = 19589
Phase 3 Detail Placement | Checksum: 206b1dbfd

Time (s): cpu = 00:00:05 ; elapsed = 00:00:02 . Memory (MB): peak = 3048.113 ; gain = 0.000 ; free physical = 2750 ; free virtual = 19589

Phase 4 Post Placement Optimization and Clean-Up

Phase 4.1 Post Commit Optimization
INFO: [Timing 38-35] Done setting XDC timing constraints.

Phase 4.1.1 Post Placement Optimization
Post Placement Optimization Initialization | Checksum: 1d31bdd02

Phase 4.1.1.1 BUFG Insertion

Starting Physical Synthesis Task

Phase 1 Physical Synthesis Initialization
INFO: [Physopt 32-721] Multithreading enabled for phys_opt_design using a maximum of 8 CPUs
INFO: [Physopt 32-619] Estimated Timing Summary | WNS=3.422 | TNS=0.000 |
Phase 1 Physical Synthesis Initialization | Checksum: 1c7b27d3a

Time (s): cpu = 00:00:00.12 ; elapsed = 00:00:00.03 . Memory (MB): peak = 3048.113 ; gain = 0.000 ; free physical = 2750 ; free virtual = 19589
INFO: [Place 46-56] BUFG insertion identified 0 candidate nets. Inserted BUFG: 0, Replicated BUFG Driver: 0, Skipped due to Placement/Routing Conflicts: 0, Skipped due to Timing Degradation: 0, Skipped due to Illegal Netlist: 0.
Ending Physical Synthesis Task | Checksum: 26db4210e

Time (s): cpu = 00:00:00.13 ; elapsed = 00:00:00.04 . Memory (MB): peak = 3048.113 ; gain = 0.000 ; free physical = 2750 ; free virtual = 19589
Phase 4.1.1.1 BUFG Insertion | Checksum: 1d31bdd02

Time (s): cpu = 00:00:06 ; elapsed = 00:00:02 . Memory (MB): peak = 3048.113 ; gain = 0.000 ; free physical = 2750 ; free virtual = 19589

Phase 4.1.1.2 Post Placement Timing Optimization
INFO: [Place 30-746] Post Placement Timing Summary WNS=3.422. For the most accurate timing information please run report_timing.
Phase 4.1.1.2 Post Placement Timing Optimization | Checksum: 1aa9289dd

Time (s): cpu = 00:00:06 ; elapsed = 00:00:02 . Memory (MB): peak = 3048.113 ; gain = 0.000 ; free physical = 2750 ; free virtual = 19589

Time (s): cpu = 00:00:06 ; elapsed = 00:00:02 . Memory (MB): peak = 3048.113 ; gain = 0.000 ; free physical = 2750 ; free virtual = 19589
Phase 4.1 Post Commit Optimization | Checksum: 1aa9289dd

Time (s): cpu = 00:00:06 ; elapsed = 00:00:02 . Memory (MB): peak = 3048.113 ; gain = 0.000 ; free physical = 2750 ; free virtual = 19589

Phase 4.2 Post Placement Cleanup
Phase 4.2 Post Placement Cleanup | Checksum: 1aa9289dd

Time (s): cpu = 00:00:06 ; elapsed = 00:00:02 . Memory (MB): peak = 3048.113 ; gain = 0.000 ; free physical = 2750 ; free virtual = 19589

Phase 4.3 Placer Reporting

Phase 4.3.1 Print Estimated Congestion
INFO: [Place 30-612] Post-Placement Estimated Congestion 
 ____________________________________________________
|           | Global Congestion | Short Congestion  |
| Direction | Region Size       | Region Size       |
|___________|___________________|___________________|
|      North|                1x1|                1x1|
|___________|___________________|___________________|
|      South|                1x1|                1x1|
|___________|___________________|___________________|
|       East|                1x1|                1x1|
|___________|___________________|___________________|
|       West|                1x1|                1x1|
|___________|___________________|___________________|

Phase 4.3.1 Print Estimated Congestion | Checksum: 1aa9289dd

Time (s): cpu = 00:00:06 ; elapsed = 00:00:02 . Memory (MB): peak = 3048.113 ; gain = 0.000 ; free physical = 2750 ; free virtual = 19589
Phase 4.3 Placer Reporting | Checksum: 1aa9289dd

Time (s): cpu = 00:00:06 ; elapsed = 00:00:02 . Memory (MB): peak = 3048.113 ; gain = 0.000 ; free physical = 2750 ; free virtual = 19589

Phase 4.4 Final Placement Cleanup
Netlist sorting complete. Time (s): cpu = 00:00:00 ; elapsed = 00:00:00 . Memory (MB): peak = 3048.113 ; gain = 0.000 ; free physical = 2750 ; free virtual = 19589

Time (s): cpu = 00:00:06 ; elapsed = 00:00:02 . Memory (MB): peak = 3048.113 ; gain = 0.000 ; free physical = 2750 ; free virtual = 19589
Phase 4 Post Placement Optimization and Clean-Up | Checksum: 196f66042

Time (s): cpu = 00:00:06 ; elapsed = 00:00:02 . Memory (MB): peak = 3048.113 ; gain = 0.000 ; free physical = 2750 ; free virtual = 19589
Ending Placer Task | Checksum: 173168fe5

Time (s): cpu = 00:00:06 ; elapsed = 00:00:02 . Memory (MB): peak = 3048.113 ; gain = 0.000 ; free physical = 2750 ; free virtual = 19589
INFO: [Common 17-83] Releasing license: Implementation
67 Infos, 0 Warnings, 0 Critical Warnings and 0 Errors encountered.
place_design completed successfully
INFO: [Timing 38-480] Writing timing data to binary archive.
Writing placer database...
Writing XDEF routing.
Writing XDEF routing logical nets.
Writing XDEF routing special nets.
Write XDEF Complete: Time (s): cpu = 00:00:00.38 ; elapsed = 00:00:00.11 . Memory (MB): peak = 3048.113 ; gain = 0.000 ; free physical = 2751 ; free virtual = 19590
INFO: [Common 17-1381] The checkpoint '/home/user/Desktop/lab_3/lab_3.runs/impl_1/zynq_keypad_system_wrapper_placed.dcp' has been generated.
INFO: [runtcl-4] Executing : report_io -file zynq_keypad_system_wrapper_io_placed.rpt
report_io: Time (s): cpu = 00:00:00.10 ; elapsed = 00:00:00.15 . Memory (MB): peak = 3048.113 ; gain = 0.000 ; free physical = 2741 ; free virtual = 19580
INFO: [runtcl-4] Executing : report_utilization -file zynq_keypad_system_wrapper_utilization_placed.rpt -pb zynq_keypad_system_wrapper_utilization_placed.pb
INFO: [runtcl-4] Executing : report_control_sets -verbose -file zynq_keypad_system_wrapper_control_sets_placed.rpt
report_control_sets: Time (s): cpu = 00:00:00.04 ; elapsed = 00:00:00.09 . Memory (MB): peak = 3048.113 ; gain = 0.000 ; free physical = 2752 ; free virtual = 19591
Command: phys_opt_design
Attempting to get a license for feature 'Implementation' and/or device 'xc7z010'
INFO: [Common 17-349] Got license for feature 'Implementation' and/or device 'xc7z010'
INFO: [Vivado_Tcl 4-383] Design worst setup slack (WNS) is greater than or equal to 0.000 ns. Skipping all physical synthesis optimizations.
INFO: [Vivado_Tcl 4-232] No setup violation found. The netlist was not modified.
INFO: [Common 17-83] Releasing license: Implementation
76 Infos, 0 Warnings, 0 Critical Warnings and 0 Errors encountered.
phys_opt_design completed successfully
INFO: [Timing 38-480] Writing timing data to binary archive.
Writing placer database...
Writing XDEF routing.
Writing XDEF routing logical nets.
Writing XDEF routing special nets.
Write XDEF Complete: Time (s): cpu = 00:00:00.31 ; elapsed = 00:00:00.09 . Memory (MB): peak = 3048.113 ; gain = 0.000 ; free physical = 2736 ; free virtual = 19575
INFO: [Common 17-1381] The checkpoint '/home/user/Desktop/lab_3/lab_3.runs/impl_1/zynq_keypad_system_wrapper_physopt.dcp' has been generated.
Command: route_design
Attempting to get a license for feature 'Implementation' and/or device 'xc7z010'
INFO: [Common 17-349] Got license for feature 'Implementation' and/or device 'xc7z010'
Running DRC as a precondition to command route_design
INFO: [DRC 23-27] Running DRC with 8 threads
INFO: [Vivado_Tcl 4-198] DRC finished with 0 Errors
INFO: [Vivado_Tcl 4-199] Please refer to the DRC report (report_drc) for more information.


Starting Routing Task
INFO: [Route 35-254] Multithreading enabled for route_design using a maximum of 8 CPUs
Checksum: PlaceDB: f26ac756 ConstDB: 0 ShapeSum: 80abc88f RouteDB: 0

Phase 1 Build RT Design
Phase 1 Build RT Design | Checksum: 41367b7e

Time (s): cpu = 00:00:07 ; elapsed = 00:00:05 . Memory (MB): peak = 3048.113 ; gain = 0.000 ; free physical = 2661 ; free virtual = 19501
Post Restoration Checksum: NetGraph: 3f32cb9b NumContArr: 203afe3 Constraints: 0 Timing: 0

Phase 2 Router Initialization

Phase 2.1 Create Timer
Phase 2.1 Create Timer | Checksum: 41367b7e

Time (s): cpu = 00:00:07 ; elapsed = 00:00:05 . Memory (MB): peak = 3048.113 ; gain = 0.000 ; free physical = 2666 ; free virtual = 19506

Phase 2.2 Fix Topology Constraints
Phase 2.2 Fix Topology Constraints | Checksum: 41367b7e

Time (s): cpu = 00:00:07 ; elapsed = 00:00:06 . Memory (MB): peak = 3048.113 ; gain = 0.000 ; free physical = 2634 ; free virtual = 19473

Phase 2.3 Pre Route Cleanup
Phase 2.3 Pre Route Cleanup | Checksum: 41367b7e

Time (s): cpu = 00:00:07 ; elapsed = 00:00:06 . Memory (MB): peak = 3048.113 ; gain = 0.000 ; free physical = 2634 ; free virtual = 19473
 Number of Nodes with overlaps = 0

Phase 2.4 Update Timing
Phase 2.4 Update Timing | Checksum: 21b08af61

Time (s): cpu = 00:00:07 ; elapsed = 00:00:06 . Memory (MB): peak = 3048.113 ; gain = 0.000 ; free physical = 2622 ; free virtual = 19461
INFO: [Route 35-416] Intermediate Timing Summary | WNS=3.494  | TNS=0.000  | WHS=-0.141 | THS=-14.689|

Phase 2 Router Initialization | Checksum: 255ef6578

Time (s): cpu = 00:00:07 ; elapsed = 00:00:06 . Memory (MB): peak = 3048.113 ; gain = 0.000 ; free physical = 2622 ; free virtual = 19461

Router Utilization Summary
  Global Vertical Routing Utilization    = 0 %
  Global Horizontal Routing Utilization  = 0 %
  Routable Net Status*
  *Does not include unroutable nets such as driverless and loadless.
  Run report_route_status for detailed report.
  Number of Failed Nets               = 1148
    (Failed Nets is the sum of unrouted and partially routed nets)
  Number of Unrouted Nets             = 1148
  Number of Partially Routed Nets     = 0
  Number of Node Overlaps             = 0


Phase 3 Initial Routing

Phase 3.1 Global Routing
Phase 3.1 Global Routing | Checksum: 255ef6578

Time (s): cpu = 00:00:07 ; elapsed = 00:00:06 . Memory (MB): peak = 3048.113 ; gain = 0.000 ; free physical = 2622 ; free virtual = 19461
Phase 3 Initial Routing | Checksum: 13131dc80

Time (s): cpu = 00:00:08 ; elapsed = 00:00:06 . Memory (MB): peak = 3048.113 ; gain = 0.000 ; free physical = 2624 ; free virtual = 19463

Phase 4 Rip-up And Reroute

Phase 4.1 Global Iteration 0
 Number of Nodes with overlaps = 58
 Number of Nodes with overlaps = 0
INFO: [Route 35-416] Intermediate Timing Summary | WNS=3.369  | TNS=0.000  | WHS=N/A    | THS=N/A    |

Phase 4.1 Global Iteration 0 | Checksum: b7f5e19a

Time (s): cpu = 00:00:08 ; elapsed = 00:00:06 . Memory (MB): peak = 3048.113 ; gain = 0.000 ; free physical = 2624 ; free virtual = 19463

Phase 4.2 Global Iteration 1
 Number of Nodes with overlaps = 1
 Number of Nodes with overlaps = 0
INFO: [Route 35-416] Intermediate Timing Summary | WNS=3.369  | TNS=0.000  | WHS=N/A    | THS=N/A    |

Phase 4.2 Global Iteration 1 | Checksum: 205270ffb

Time (s): cpu = 00:00:08 ; elapsed = 00:00:06 . Memory (MB): peak = 3048.113 ; gain = 0.000 ; free physical = 2624 ; free virtual = 19463
Phase 4 Rip-up And Reroute | Checksum: 205270ffb

Time (s): cpu = 00:00:08 ; elapsed = 00:00:06 . Memory (MB): peak = 3048.113 ; gain = 0.000 ; free physical = 2624 ; free virtual = 19463

Phase 5 Delay and Skew Optimization

Phase 5.1 Delay CleanUp
Phase 5.1 Delay CleanUp | Checksum: 205270ffb

Time (s): cpu = 00:00:08 ; elapsed = 00:00:06 . Memory (MB): peak = 3048.113 ; gain = 0.000 ; free physical = 2624 ; free virtual = 19463

Phase 5.2 Clock Skew Optimization
Phase 5.2 Clock Skew Optimization | Checksum: 205270ffb

Time (s): cpu = 00:00:08 ; elapsed = 00:00:06 . Memory (MB): peak = 3048.113 ; gain = 0.000 ; free physical = 2624 ; free virtual = 19463
Phase 5 Delay and Skew Optimization | Checksum: 205270ffb

Time (s): cpu = 00:00:08 ; elapsed = 00:00:06 . Memory (MB): peak = 3048.113 ; gain = 0.000 ; free physical = 2624 ; free virtual = 19463

Phase 6 Post Hold Fix

Phase 6.1 Hold Fix Iter

Phase 6.1.1 Update Timing
Phase 6.1.1 Update Timing | Checksum: 1f2f5aedc

Time (s): cpu = 00:00:08 ; elapsed = 00:00:06 . Memory (MB): peak = 3048.113 ; gain = 0.000 ; free physical = 2624 ; free virtual = 19463
INFO: [Route 35-416] Intermediate Timing Summary | WNS=3.484  | TNS=0.000  | WHS=0.043  | THS=0.000  |

Phase 6.1 Hold Fix Iter | Checksum: 13232924b

Time (s): cpu = 00:00:08 ; elapsed = 00:00:06 . Memory (MB): peak = 3048.113 ; gain = 0.000 ; free physical = 2624 ; free virtual = 19463
Phase 6 Post Hold Fix | Checksum: 13232924b

Time (s): cpu = 00:00:08 ; elapsed = 00:00:06 . Memory (MB): peak = 3048.113 ; gain = 0.000 ; free physical = 2624 ; free virtual = 19463

Phase 7 Route finalize

Router Utilization Summary
  Global Vertical Routing Utilization    = 0.314048 %
  Global Horizontal Routing Utilization  = 0.629596 %
  Routable Net Status*
  *Does not include unroutable nets such as driverless and loadless.
  Run report_route_status for detailed report.
  Number of Failed Nets               = 0
    (Failed Nets is the sum of unrouted and partially routed nets)
  Number of Unrouted Nets             = 0
  Number of Partially Routed Nets     = 0
  Number of Node Overlaps             = 0

Phase 7 Route finalize | Checksum: 10a30e5bc

Time (s): cpu = 00:00:08 ; elapsed = 00:00:06 . Memory (MB): peak = 3048.113 ; gain = 0.000 ; free physical = 2624 ; free virtual = 19463

Phase 8 Verifying routed nets

 Verification completed successfully
Phase 8 Verifying routed nets | Checksum: 10a30e5bc

Time (s): cpu = 00:00:08 ; elapsed = 00:00:06 . Memory (MB): peak = 3048.113 ; gain = 0.000 ; free physical = 2621 ; free virtual = 19461

Phase 9 Depositing Routes
Phase 9 Depositing Routes | Checksum: 90b95f81

Time (s): cpu = 00:00:08 ; elapsed = 00:00:06 . Memory (MB): peak = 3048.113 ; gain = 0.000 ; free physical = 2622 ; free virtual = 19462

Phase 10 Post Router Timing
INFO: [Route 35-57] Estimated Timing Summary | WNS=3.484  | TNS=0.000  | WHS=0.043  | THS=0.000  |

INFO: [Route 35-327] The final timing numbers are based on the router estimated timing analysis. For a complete and accurate timing signoff, please run report_timing_summary.
Phase 10 Post Router Timing | Checksum: 90b95f81

Time (s): cpu = 00:00:09 ; elapsed = 00:00:06 . Memory (MB): peak = 3048.113 ; gain = 0.000 ; free physical = 2622 ; free virtual = 19462
INFO: [Route 35-16] Router Completed Successfully

Time (s): cpu = 00:00:09 ; elapsed = 00:00:06 . Memory (MB): peak = 3048.113 ; gain = 0.000 ; free physical = 2654 ; free virtual = 19494

Routing Is Done.
INFO: [Common 17-83] Releasing license: Implementation
91 Infos, 0 Warnings, 0 Critical Warnings and 0 Errors encountered.
route_design completed successfully
route_design: Time (s): cpu = 00:00:10 ; elapsed = 00:00:07 . Memory (MB): peak = 3048.113 ; gain = 0.000 ; free physical = 2654 ; free virtual = 19494
INFO: [Timing 38-480] Writing timing data to binary archive.
Writing placer database...
Writing XDEF routing.
Writing XDEF routing logical nets.
Writing XDEF routing special nets.
Write XDEF Complete: Time (s): cpu = 00:00:00.27 ; elapsed = 00:00:00.07 . Memory (MB): peak = 3048.113 ; gain = 0.000 ; free physical = 2654 ; free virtual = 19493
INFO: [Common 17-1381] The checkpoint '/home/user/Desktop/lab_3/lab_3.runs/impl_1/zynq_keypad_system_wrapper_routed.dcp' has been generated.
INFO: [runtcl-4] Executing : report_drc -file zynq_keypad_system_wrapper_drc_routed.rpt -pb zynq_keypad_system_wrapper_drc_routed.pb -rpx zynq_keypad_system_wrapper_drc_routed.rpx
Command: report_drc -file zynq_keypad_system_wrapper_drc_routed.rpt -pb zynq_keypad_system_wrapper_drc_routed.pb -rpx zynq_keypad_system_wrapper_drc_routed.rpx
INFO: [IP_Flow 19-1839] IP Catalog is up to date.
INFO: [DRC 23-27] Running DRC with 8 threads
INFO: [Vivado_Tcl 2-168] The results of DRC are in file /home/user/Desktop/lab_3/lab_3.runs/impl_1/zynq_keypad_system_wrapper_drc_routed.rpt.
report_drc completed successfully
INFO: [runtcl-4] Executing : report_methodology -file zynq_keypad_system_wrapper_methodology_drc_routed.rpt -pb zynq_keypad_system_wrapper_methodology_drc_routed.pb -rpx zynq_keypad_system_wrapper_methodology_drc_routed.rpx
Command: report_methodology -file zynq_keypad_system_wrapper_methodology_drc_routed.rpt -pb zynq_keypad_system_wrapper_methodology_drc_routed.pb -rpx zynq_keypad_system_wrapper_methodology_drc_routed.rpx
INFO: [Timing 38-35] Done setting XDC timing constraints.
INFO: [DRC 23-133] Running Methodology with 8 threads
INFO: [Vivado_Tcl 2-1520] The results of Report Methodology are in file /home/user/Desktop/lab_3/lab_3.runs/impl_1/zynq_keypad_system_wrapper_methodology_drc_routed.rpt.
report_methodology completed successfully
INFO: [runtcl-4] Executing : report_power -file zynq_keypad_system_wrapper_power_routed.rpt -pb zynq_keypad_system_wrapper_power_summary_routed.pb -rpx zynq_keypad_system_wrapper_power_routed.rpx
Command: report_power -file zynq_keypad_system_wrapper_power_routed.rpt -pb zynq_keypad_system_wrapper_power_summary_routed.pb -rpx zynq_keypad_system_wrapper_power_routed.rpx
INFO: [Timing 38-35] Done setting XDC timing constraints.
Running Vector-less Activity Propagation...

Finished Running Vector-less Activity Propagation
103 Infos, 0 Warnings, 0 Critical Warnings and 0 Errors encountered.
report_power completed successfully
INFO: [runtcl-4] Executing : report_route_status -file zynq_keypad_system_wrapper_route_status.rpt -pb zynq_keypad_system_wrapper_route_status.pb
INFO: [runtcl-4] Executing : report_timing_summary -max_paths 10 -file zynq_keypad_system_wrapper_timing_summary_routed.rpt -pb zynq_keypad_system_wrapper_timing_summary_routed.pb -rpx zynq_keypad_system_wrapper_timing_summary_routed.rpx -warn_on_violation 
INFO: [Timing 38-91] UpdateTimingParams: Speed grade: -1, Delay Type: min_max.
INFO: [Timing 38-191] Multithreading enabled for timing update using a maximum of 8 CPUs
INFO: [runtcl-4] Executing : report_incremental_reuse -file zynq_keypad_system_wrapper_incremental_reuse_routed.rpt
INFO: [Vivado_Tcl 4-1062] Incremental flow is disabled. No incremental reuse Info to report.
INFO: [runtcl-4] Executing : report_clock_utilization -file zynq_keypad_system_wrapper_clock_utilization_routed.rpt
INFO: [runtcl-4] Executing : report_bus_skew -warn_on_violation -file zynq_keypad_system_wrapper_bus_skew_routed.rpt -pb zynq_keypad_system_wrapper_bus_skew_routed.pb -rpx zynq_keypad_system_wrapper_bus_skew_routed.rpx
INFO: [Timing 38-91] UpdateTimingParams: Speed grade: -1, Delay Type: min_max.
INFO: [Timing 38-191] Multithreading enabled for timing update using a maximum of 8 CPUs
Command: write_bitstream -force zynq_keypad_system_wrapper.bit
Attempting to get a license for feature 'Implementation' and/or device 'xc7z010'
INFO: [Common 17-349] Got license for feature 'Implementation' and/or device 'xc7z010'
Running DRC as a precondition to command write_bitstream
INFO: [IP_Flow 19-1839] IP Catalog is up to date.
INFO: [DRC 23-27] Running DRC with 8 threads
INFO: [Vivado 12-3199] DRC finished with 0 Errors
INFO: [Vivado 12-3200] Please refer to the DRC report (report_drc) for more information.
INFO: [Designutils 20-2272] Running write_bitstream with 8 threads.
Loading data files...
Loading site data...
Loading route data...
Processing options...
Creating bitmap...
Creating bitstream...
Writing bitstream ./zynq_keypad_system_wrapper.bit...
INFO: [Vivado 12-1842] Bitgen Completed Successfully.
INFO: [#UNDEF] WebTalk data collection is mandatory when using a WebPACK part without a full Vivado license. To see the specific WebTalk data collected for your design, open the usage_statistics_webtalk.html or usage_statistics_webtalk.xml file in the implementation directory.
INFO: [Common 17-83] Releasing license: Implementation
12 Infos, 0 Warnings, 0 Critical Warnings and 0 Errors encountered.
write_bitstream completed successfully
write_bitstream: Time (s): cpu = 00:00:09 ; elapsed = 00:00:10 . Memory (MB): peak = 3344.336 ; gain = 202.395 ; free physical = 2608 ; free virtual = 19450
INFO: [Common 17-206] Exiting Vivado at Wed Sep 23 19:56:43 2026...
