
*** Running vivado
    with args -log zynq_interrupt_system_processing_system7_0_0.vds -m64 -product Vivado -mode batch -messageDb vivado.pb -notrace -source zynq_interrupt_system_processing_system7_0_0.tcl


****** Vivado v2021.1 (64-bit)
  **** SW Build 3247384 on Thu Jun 10 19:36:07 MDT 2021
  **** IP Build 3246043 on Fri Jun 11 00:30:35 MDT 2021
    ** Copyright 1986-2021 Xilinx, Inc. All Rights Reserved.

source zynq_interrupt_system_processing_system7_0_0.tcl -notrace
INFO: [IP_Flow 19-234] Refreshing IP repositories
INFO: [IP_Flow 19-1700] Loaded user IP repository '/home/software/digilent'.
INFO: [IP_Flow 19-2313] Loaded Vivado IP repository '/home/software/Xilinx/Vivado/2021.1/data/ip'.
Command: synth_design -top zynq_interrupt_system_processing_system7_0_0 -part xc7z010clg400-1 -mode out_of_context
Starting synth_design
Attempting to get a license for feature 'Synthesis' and/or device 'xc7z010'
INFO: [Common 17-349] Got license for feature 'Synthesis' and/or device 'xc7z010'
INFO: [Device 21-403] Loading part xc7z010clg400-1
INFO: [Synth 8-7079] Multithreading enabled for synth_design using a maximum of 4 processes.
INFO: [Synth 8-7078] Launching helper process for spawning children vivado processes
INFO: [Synth 8-7075] Helper process launched with PID 2235379
---------------------------------------------------------------------------------
Starting RTL Elaboration : Time (s): cpu = 00:00:04 ; elapsed = 00:00:04 . Memory (MB): peak = 2456.262 ; gain = 0.000 ; free physical = 283 ; free virtual = 15252
---------------------------------------------------------------------------------
INFO: [Synth 8-6157] synthesizing module 'zynq_interrupt_system_processing_system7_0_0' [/home/user/Desktop/lab_2/lab_2.gen/sources_1/bd/zynq_interrupt_system/ip/zynq_interrupt_system_processing_system7_0_0/synth/zynq_interrupt_system_processing_system7_0_0.v:60]
INFO: [Synth 8-6157] synthesizing module 'processing_system7_v5_5_processing_system7' [/home/user/Desktop/lab_2/lab_2.gen/sources_1/bd/zynq_interrupt_system/ip/zynq_interrupt_system_processing_system7_0_0/hdl/verilog/processing_system7_v5_5_processing_system7.v:161]
INFO: [Synth 8-6157] synthesizing module 'BUFG' [/home/software/Xilinx/Vivado/2021.1/scripts/rt/data/unisim_comp.v:1083]
INFO: [Synth 8-6155] done synthesizing module 'BUFG' (1#1) [/home/software/Xilinx/Vivado/2021.1/scripts/rt/data/unisim_comp.v:1083]
INFO: [Synth 8-6157] synthesizing module 'BIBUF' [/home/software/Xilinx/Vivado/2021.1/scripts/rt/data/unisim_comp.v:730]
INFO: [Synth 8-6155] done synthesizing module 'BIBUF' (2#1) [/home/software/Xilinx/Vivado/2021.1/scripts/rt/data/unisim_comp.v:730]
INFO: [Synth 8-6157] synthesizing module 'PS7' [/home/software/Xilinx/Vivado/2021.1/scripts/rt/data/unisim_comp.v:84961]
INFO: [Synth 8-6155] done synthesizing module 'PS7' (3#1) [/home/software/Xilinx/Vivado/2021.1/scripts/rt/data/unisim_comp.v:84961]
INFO: [Synth 8-6155] done synthesizing module 'processing_system7_v5_5_processing_system7' (4#1) [/home/user/Desktop/lab_2/lab_2.gen/sources_1/bd/zynq_interrupt_system/ip/zynq_interrupt_system_processing_system7_0_0/hdl/verilog/processing_system7_v5_5_processing_system7.v:161]
WARNING: [Synth 8-7071] port 'M_AXI_GP0_ARESETN' of module 'processing_system7_v5_5_processing_system7' is unconnected for instance 'inst' [/home/user/Desktop/lab_2/lab_2.gen/sources_1/bd/zynq_interrupt_system/ip/zynq_interrupt_system_processing_system7_0_0/synth/zynq_interrupt_system_processing_system7_0_0.v:336]
WARNING: [Synth 8-7071] port 'M_AXI_GP1_ARESETN' of module 'processing_system7_v5_5_processing_system7' is unconnected for instance 'inst' [/home/user/Desktop/lab_2/lab_2.gen/sources_1/bd/zynq_interrupt_system/ip/zynq_interrupt_system_processing_system7_0_0/synth/zynq_interrupt_system_processing_system7_0_0.v:336]
WARNING: [Synth 8-7071] port 'S_AXI_GP0_ARESETN' of module 'processing_system7_v5_5_processing_system7' is unconnected for instance 'inst' [/home/user/Desktop/lab_2/lab_2.gen/sources_1/bd/zynq_interrupt_system/ip/zynq_interrupt_system_processing_system7_0_0/synth/zynq_interrupt_system_processing_system7_0_0.v:336]
WARNING: [Synth 8-7071] port 'S_AXI_GP1_ARESETN' of module 'processing_system7_v5_5_processing_system7' is unconnected for instance 'inst' [/home/user/Desktop/lab_2/lab_2.gen/sources_1/bd/zynq_interrupt_system/ip/zynq_interrupt_system_processing_system7_0_0/synth/zynq_interrupt_system_processing_system7_0_0.v:336]
WARNING: [Synth 8-7071] port 'S_AXI_ACP_ARESETN' of module 'processing_system7_v5_5_processing_system7' is unconnected for instance 'inst' [/home/user/Desktop/lab_2/lab_2.gen/sources_1/bd/zynq_interrupt_system/ip/zynq_interrupt_system_processing_system7_0_0/synth/zynq_interrupt_system_processing_system7_0_0.v:336]
WARNING: [Synth 8-7071] port 'S_AXI_HP0_ARESETN' of module 'processing_system7_v5_5_processing_system7' is unconnected for instance 'inst' [/home/user/Desktop/lab_2/lab_2.gen/sources_1/bd/zynq_interrupt_system/ip/zynq_interrupt_system_processing_system7_0_0/synth/zynq_interrupt_system_processing_system7_0_0.v:336]
WARNING: [Synth 8-7071] port 'S_AXI_HP1_ARESETN' of module 'processing_system7_v5_5_processing_system7' is unconnected for instance 'inst' [/home/user/Desktop/lab_2/lab_2.gen/sources_1/bd/zynq_interrupt_system/ip/zynq_interrupt_system_processing_system7_0_0/synth/zynq_interrupt_system_processing_system7_0_0.v:336]
WARNING: [Synth 8-7071] port 'S_AXI_HP2_ARESETN' of module 'processing_system7_v5_5_processing_system7' is unconnected for instance 'inst' [/home/user/Desktop/lab_2/lab_2.gen/sources_1/bd/zynq_interrupt_system/ip/zynq_interrupt_system_processing_system7_0_0/synth/zynq_interrupt_system_processing_system7_0_0.v:336]
WARNING: [Synth 8-7071] port 'S_AXI_HP3_ARESETN' of module 'processing_system7_v5_5_processing_system7' is unconnected for instance 'inst' [/home/user/Desktop/lab_2/lab_2.gen/sources_1/bd/zynq_interrupt_system/ip/zynq_interrupt_system_processing_system7_0_0/synth/zynq_interrupt_system_processing_system7_0_0.v:336]
WARNING: [Synth 8-7071] port 'DMA0_RSTN' of module 'processing_system7_v5_5_processing_system7' is unconnected for instance 'inst' [/home/user/Desktop/lab_2/lab_2.gen/sources_1/bd/zynq_interrupt_system/ip/zynq_interrupt_system_processing_system7_0_0/synth/zynq_interrupt_system_processing_system7_0_0.v:336]
WARNING: [Synth 8-7071] port 'DMA1_RSTN' of module 'processing_system7_v5_5_processing_system7' is unconnected for instance 'inst' [/home/user/Desktop/lab_2/lab_2.gen/sources_1/bd/zynq_interrupt_system/ip/zynq_interrupt_system_processing_system7_0_0/synth/zynq_interrupt_system_processing_system7_0_0.v:336]
WARNING: [Synth 8-7071] port 'DMA2_RSTN' of module 'processing_system7_v5_5_processing_system7' is unconnected for instance 'inst' [/home/user/Desktop/lab_2/lab_2.gen/sources_1/bd/zynq_interrupt_system/ip/zynq_interrupt_system_processing_system7_0_0/synth/zynq_interrupt_system_processing_system7_0_0.v:336]
WARNING: [Synth 8-7071] port 'DMA3_RSTN' of module 'processing_system7_v5_5_processing_system7' is unconnected for instance 'inst' [/home/user/Desktop/lab_2/lab_2.gen/sources_1/bd/zynq_interrupt_system/ip/zynq_interrupt_system_processing_system7_0_0/synth/zynq_interrupt_system_processing_system7_0_0.v:336]
WARNING: [Synth 8-7023] instance 'inst' of module 'processing_system7_v5_5_processing_system7' has 685 connections declared, but only 672 given [/home/user/Desktop/lab_2/lab_2.gen/sources_1/bd/zynq_interrupt_system/ip/zynq_interrupt_system_processing_system7_0_0/synth/zynq_interrupt_system_processing_system7_0_0.v:336]
INFO: [Synth 8-6155] done synthesizing module 'zynq_interrupt_system_processing_system7_0_0' (5#1) [/home/user/Desktop/lab_2/lab_2.gen/sources_1/bd/zynq_interrupt_system/ip/zynq_interrupt_system_processing_system7_0_0/synth/zynq_interrupt_system_processing_system7_0_0.v:60]
---------------------------------------------------------------------------------
Finished RTL Elaboration : Time (s): cpu = 00:00:05 ; elapsed = 00:00:08 . Memory (MB): peak = 2456.262 ; gain = 0.000 ; free physical = 2150 ; free virtual = 16787
---------------------------------------------------------------------------------
---------------------------------------------------------------------------------
Start Handling Custom Attributes
---------------------------------------------------------------------------------
---------------------------------------------------------------------------------
Finished Handling Custom Attributes : Time (s): cpu = 00:00:06 ; elapsed = 00:00:08 . Memory (MB): peak = 2456.262 ; gain = 0.000 ; free physical = 2229 ; free virtual = 16904
---------------------------------------------------------------------------------
---------------------------------------------------------------------------------
Finished RTL Optimization Phase 1 : Time (s): cpu = 00:00:06 ; elapsed = 00:00:08 . Memory (MB): peak = 2456.262 ; gain = 0.000 ; free physical = 2227 ; free virtual = 16902
---------------------------------------------------------------------------------
Netlist sorting complete. Time (s): cpu = 00:00:00.01 ; elapsed = 00:00:00.02 . Memory (MB): peak = 2456.262 ; gain = 0.000 ; free physical = 2210 ; free virtual = 16892
INFO: [Project 1-570] Preparing netlist for logic optimization

Processing XDC Constraints
Initializing timing engine
Parsing XDC File [/home/user/Desktop/lab_2/lab_2.gen/sources_1/bd/zynq_interrupt_system/ip/zynq_interrupt_system_processing_system7_0_0/zynq_interrupt_system_processing_system7_0_0.xdc] for cell 'inst'
Finished Parsing XDC File [/home/user/Desktop/lab_2/lab_2.gen/sources_1/bd/zynq_interrupt_system/ip/zynq_interrupt_system_processing_system7_0_0/zynq_interrupt_system_processing_system7_0_0.xdc] for cell 'inst'
INFO: [Project 1-236] Implementation specific constraints were found while reading constraint file [/home/user/Desktop/lab_2/lab_2.gen/sources_1/bd/zynq_interrupt_system/ip/zynq_interrupt_system_processing_system7_0_0/zynq_interrupt_system_processing_system7_0_0.xdc]. These constraints will be ignored for synthesis but will be used in implementation. Impacted constraints are listed in the file [.Xil/zynq_interrupt_system_processing_system7_0_0_propImpl.xdc].
Resolution: To avoid this warning, move constraints listed in [.Xil/zynq_interrupt_system_processing_system7_0_0_propImpl.xdc] to another XDC file and exclude this new file from synthesis with the used_in_synthesis property (File Properties dialog in GUI) and re-run elaboration/synthesis.
Parsing XDC File [/home/user/Desktop/lab_2/lab_2.runs/zynq_interrupt_system_processing_system7_0_0_synth_1/dont_touch.xdc]
Finished Parsing XDC File [/home/user/Desktop/lab_2/lab_2.runs/zynq_interrupt_system_processing_system7_0_0_synth_1/dont_touch.xdc]
Completed Processing XDC Constraints

Netlist sorting complete. Time (s): cpu = 00:00:00 ; elapsed = 00:00:00 . Memory (MB): peak = 2520.160 ; gain = 0.000 ; free physical = 2006 ; free virtual = 16737
INFO: [Project 1-111] Unisim Transformation Summary:
No Unisim elements were transformed.

Constraint Validation Runtime : Time (s): cpu = 00:00:00.02 ; elapsed = 00:00:00.01 . Memory (MB): peak = 2520.160 ; gain = 0.000 ; free physical = 2006 ; free virtual = 16737
---------------------------------------------------------------------------------
Finished Constraint Validation : Time (s): cpu = 00:00:10 ; elapsed = 00:00:13 . Memory (MB): peak = 2520.160 ; gain = 63.898 ; free physical = 2252 ; free virtual = 16988
---------------------------------------------------------------------------------
---------------------------------------------------------------------------------
Start Loading Part and Timing Information
---------------------------------------------------------------------------------
Loading part: xc7z010clg400-1
---------------------------------------------------------------------------------
Finished Loading Part and Timing Information : Time (s): cpu = 00:00:10 ; elapsed = 00:00:13 . Memory (MB): peak = 2520.160 ; gain = 63.898 ; free physical = 2252 ; free virtual = 16988
---------------------------------------------------------------------------------
---------------------------------------------------------------------------------
Start Applying 'set_property' XDC Constraints
---------------------------------------------------------------------------------
Applied set_property KEEP_HIERARCHY = SOFT for inst. (constraint file  /home/user/Desktop/lab_2/lab_2.runs/zynq_interrupt_system_processing_system7_0_0_synth_1/dont_touch.xdc, line 9).
---------------------------------------------------------------------------------
Finished applying 'set_property' XDC Constraints : Time (s): cpu = 00:00:11 ; elapsed = 00:00:14 . Memory (MB): peak = 2520.160 ; gain = 63.898 ; free physical = 2201 ; free virtual = 16938
---------------------------------------------------------------------------------
---------------------------------------------------------------------------------
Finished RTL Optimization Phase 2 : Time (s): cpu = 00:00:11 ; elapsed = 00:00:14 . Memory (MB): peak = 2520.160 ; gain = 63.898 ; free physical = 2201 ; free virtual = 16938
---------------------------------------------------------------------------------
---------------------------------------------------------------------------------
Start RTL Component Statistics 
---------------------------------------------------------------------------------
Detailed RTL Component Info : 
---------------------------------------------------------------------------------
Finished RTL Component Statistics 
---------------------------------------------------------------------------------
---------------------------------------------------------------------------------
Start Part Resource Summary
---------------------------------------------------------------------------------
Part Resources:
DSPs: 80 (col length:40)
BRAMs: 120 (col length: RAMB18 40 RAMB36 20)
---------------------------------------------------------------------------------
Finished Part Resource Summary
---------------------------------------------------------------------------------
---------------------------------------------------------------------------------
Start Cross Boundary and Area Optimization
---------------------------------------------------------------------------------
---------------------------------------------------------------------------------
Finished Cross Boundary and Area Optimization : Time (s): cpu = 00:00:12 ; elapsed = 00:00:15 . Memory (MB): peak = 2520.160 ; gain = 63.898 ; free physical = 2202 ; free virtual = 16940
---------------------------------------------------------------------------------
---------------------------------------------------------------------------------
Start Applying XDC Timing Constraints
---------------------------------------------------------------------------------
---------------------------------------------------------------------------------
Finished Applying XDC Timing Constraints : Time (s): cpu = 00:00:16 ; elapsed = 00:00:19 . Memory (MB): peak = 2520.160 ; gain = 63.898 ; free physical = 1721 ; free virtual = 16469
---------------------------------------------------------------------------------
---------------------------------------------------------------------------------
Start Timing Optimization
---------------------------------------------------------------------------------
---------------------------------------------------------------------------------
Finished Timing Optimization : Time (s): cpu = 00:00:16 ; elapsed = 00:00:20 . Memory (MB): peak = 2520.160 ; gain = 63.898 ; free physical = 1701 ; free virtual = 16449
---------------------------------------------------------------------------------
---------------------------------------------------------------------------------
Start Technology Mapping
---------------------------------------------------------------------------------
---------------------------------------------------------------------------------
Finished Technology Mapping : Time (s): cpu = 00:00:16 ; elapsed = 00:00:20 . Memory (MB): peak = 2520.160 ; gain = 63.898 ; free physical = 1696 ; free virtual = 16445
---------------------------------------------------------------------------------
---------------------------------------------------------------------------------
Start IO Insertion
---------------------------------------------------------------------------------
---------------------------------------------------------------------------------
Start Flattening Before IO Insertion
---------------------------------------------------------------------------------
---------------------------------------------------------------------------------
Finished Flattening Before IO Insertion
---------------------------------------------------------------------------------
---------------------------------------------------------------------------------
Start Final Netlist Cleanup
---------------------------------------------------------------------------------
---------------------------------------------------------------------------------
Finished Final Netlist Cleanup
---------------------------------------------------------------------------------
---------------------------------------------------------------------------------
Finished IO Insertion : Time (s): cpu = 00:00:19 ; elapsed = 00:00:22 . Memory (MB): peak = 2520.160 ; gain = 63.898 ; free physical = 1615 ; free virtual = 16366
---------------------------------------------------------------------------------
---------------------------------------------------------------------------------
Start Renaming Generated Instances
---------------------------------------------------------------------------------
---------------------------------------------------------------------------------
Finished Renaming Generated Instances : Time (s): cpu = 00:00:19 ; elapsed = 00:00:22 . Memory (MB): peak = 2520.160 ; gain = 63.898 ; free physical = 1615 ; free virtual = 16366
---------------------------------------------------------------------------------
---------------------------------------------------------------------------------
Start Rebuilding User Hierarchy
---------------------------------------------------------------------------------
---------------------------------------------------------------------------------
Finished Rebuilding User Hierarchy : Time (s): cpu = 00:00:19 ; elapsed = 00:00:22 . Memory (MB): peak = 2520.160 ; gain = 63.898 ; free physical = 1615 ; free virtual = 16366
---------------------------------------------------------------------------------
---------------------------------------------------------------------------------
Start Renaming Generated Ports
---------------------------------------------------------------------------------
---------------------------------------------------------------------------------
Finished Renaming Generated Ports : Time (s): cpu = 00:00:19 ; elapsed = 00:00:22 . Memory (MB): peak = 2520.160 ; gain = 63.898 ; free physical = 1615 ; free virtual = 16366
---------------------------------------------------------------------------------
---------------------------------------------------------------------------------
Start Handling Custom Attributes
---------------------------------------------------------------------------------
---------------------------------------------------------------------------------
Finished Handling Custom Attributes : Time (s): cpu = 00:00:19 ; elapsed = 00:00:22 . Memory (MB): peak = 2520.160 ; gain = 63.898 ; free physical = 1615 ; free virtual = 16366
---------------------------------------------------------------------------------
---------------------------------------------------------------------------------
Start Renaming Generated Nets
---------------------------------------------------------------------------------
---------------------------------------------------------------------------------
Finished Renaming Generated Nets : Time (s): cpu = 00:00:19 ; elapsed = 00:00:22 . Memory (MB): peak = 2520.160 ; gain = 63.898 ; free physical = 1615 ; free virtual = 16366
---------------------------------------------------------------------------------
---------------------------------------------------------------------------------
Start Writing Synthesis Report
---------------------------------------------------------------------------------

Report BlackBoxes: 
+-+--------------+----------+
| |BlackBox name |Instances |
+-+--------------+----------+
+-+--------------+----------+

Report Cell Usage: 
+------+------+------+
|      |Cell  |Count |
+------+------+------+
|1     |BIBUF |   130|
|2     |BUFG  |     1|
|3     |LUT1  |    24|
|4     |PS7   |     1|
+------+------+------+
---------------------------------------------------------------------------------
Finished Writing Synthesis Report : Time (s): cpu = 00:00:19 ; elapsed = 00:00:22 . Memory (MB): peak = 2520.160 ; gain = 63.898 ; free physical = 1615 ; free virtual = 16366
---------------------------------------------------------------------------------
Synthesis finished with 0 errors, 0 critical warnings and 0 warnings.
Synthesis Optimization Runtime : Time (s): cpu = 00:00:17 ; elapsed = 00:00:20 . Memory (MB): peak = 2520.160 ; gain = 0.000 ; free physical = 1678 ; free virtual = 16429
Synthesis Optimization Complete : Time (s): cpu = 00:00:19 ; elapsed = 00:00:22 . Memory (MB): peak = 2520.160 ; gain = 63.898 ; free physical = 1678 ; free virtual = 16429
INFO: [Project 1-571] Translating synthesized netlist
Netlist sorting complete. Time (s): cpu = 00:00:00.01 ; elapsed = 00:00:00.01 . Memory (MB): peak = 2520.160 ; gain = 0.000 ; free physical = 1670 ; free virtual = 16422
INFO: [Project 1-570] Preparing netlist for logic optimization
INFO: [Opt 31-138] Pushed 0 inverter(s) to 0 load pin(s).
Netlist sorting complete. Time (s): cpu = 00:00:00 ; elapsed = 00:00:00 . Memory (MB): peak = 2520.160 ; gain = 0.000 ; free physical = 1691 ; free virtual = 16446
INFO: [Project 1-111] Unisim Transformation Summary:
No Unisim elements were transformed.

Synth Design complete, checksum: e851a1d0
INFO: [Common 17-83] Releasing license: Synthesis
26 Infos, 14 Warnings, 0 Critical Warnings and 0 Errors encountered.
synth_design completed successfully
synth_design: Time (s): cpu = 00:00:28 ; elapsed = 00:00:26 . Memory (MB): peak = 2520.160 ; gain = 64.031 ; free physical = 1990 ; free virtual = 16746
INFO: [Common 17-1381] The checkpoint '/home/user/Desktop/lab_2/lab_2.runs/zynq_interrupt_system_processing_system7_0_0_synth_1/zynq_interrupt_system_processing_system7_0_0.dcp' has been generated.
INFO: [Coretcl 2-1648] Added synthesis output to IP cache for IP zynq_interrupt_system_processing_system7_0_0, cache-ID = 4950e6241d79674e
INFO: [Common 17-1381] The checkpoint '/home/user/Desktop/lab_2/lab_2.runs/zynq_interrupt_system_processing_system7_0_0_synth_1/zynq_interrupt_system_processing_system7_0_0.dcp' has been generated.
INFO: [runtcl-4] Executing : report_utilization -file zynq_interrupt_system_processing_system7_0_0_utilization_synth.rpt -pb zynq_interrupt_system_processing_system7_0_0_utilization_synth.pb
INFO: [Common 17-206] Exiting Vivado at Wed Sep 16 19:52:37 2026...
