
*** Running vivado
    with args -log ip_design_processing_system7_0_0.vds -m64 -product Vivado -mode batch -messageDb vivado.pb -notrace -source ip_design_processing_system7_0_0.tcl


****** Vivado v2021.1 (64-bit)
  **** SW Build 3247384 on Thu Jun 10 19:36:07 MDT 2021
  **** IP Build 3246043 on Fri Jun 11 00:30:35 MDT 2021
    ** Copyright 1986-2021 Xilinx, Inc. All Rights Reserved.

source ip_design_processing_system7_0_0.tcl -notrace
INFO: [IP_Flow 19-234] Refreshing IP repositories
INFO: [IP_Flow 19-1700] Loaded user IP repository '/home/software/digilent'.
INFO: [IP_Flow 19-1700] Loaded user IP repository '/home/user/Downloads/sources/zybo/adventures_with_ip_integrator/ip'.
INFO: [IP_Flow 19-2313] Loaded Vivado IP repository '/home/software/Xilinx/Vivado/2021.1/data/ip'.
Command: synth_design -top ip_design_processing_system7_0_0 -part xc7z010clg400-1 -mode out_of_context
Starting synth_design
Attempting to get a license for feature 'Synthesis' and/or device 'xc7z010'
INFO: [Common 17-349] Got license for feature 'Synthesis' and/or device 'xc7z010'
INFO: [Device 21-403] Loading part xc7z010clg400-1
INFO: [Synth 8-7079] Multithreading enabled for synth_design using a maximum of 4 processes.
INFO: [Synth 8-7078] Launching helper process for spawning children vivado processes
INFO: [Synth 8-7075] Helper process launched with PID 75295
---------------------------------------------------------------------------------
Starting RTL Elaboration : Time (s): cpu = 00:00:04 ; elapsed = 00:00:05 . Memory (MB): peak = 2461.195 ; gain = 0.000 ; free physical = 177 ; free virtual = 17522
---------------------------------------------------------------------------------
INFO: [Synth 8-6157] synthesizing module 'ip_design_processing_system7_0_0' [/home/user/Desktop/lab_4/lab_4.gen/sources_1/bd/ip_design/ip/ip_design_processing_system7_0_0/synth/ip_design_processing_system7_0_0.v:60]
INFO: [Synth 8-6157] synthesizing module 'processing_system7_v5_5_processing_system7' [/home/user/Desktop/lab_4/lab_4.gen/sources_1/bd/ip_design/ip/ip_design_processing_system7_0_0/hdl/verilog/processing_system7_v5_5_processing_system7.v:161]
INFO: [Synth 8-6157] synthesizing module 'BUFG' [/home/software/Xilinx/Vivado/2021.1/scripts/rt/data/unisim_comp.v:1083]
INFO: [Synth 8-6155] done synthesizing module 'BUFG' (1#1) [/home/software/Xilinx/Vivado/2021.1/scripts/rt/data/unisim_comp.v:1083]
INFO: [Synth 8-6157] synthesizing module 'BIBUF' [/home/software/Xilinx/Vivado/2021.1/scripts/rt/data/unisim_comp.v:730]
INFO: [Synth 8-6155] done synthesizing module 'BIBUF' (2#1) [/home/software/Xilinx/Vivado/2021.1/scripts/rt/data/unisim_comp.v:730]
INFO: [Synth 8-6157] synthesizing module 'PS7' [/home/software/Xilinx/Vivado/2021.1/scripts/rt/data/unisim_comp.v:84961]
INFO: [Synth 8-6155] done synthesizing module 'PS7' (3#1) [/home/software/Xilinx/Vivado/2021.1/scripts/rt/data/unisim_comp.v:84961]
INFO: [Synth 8-6155] done synthesizing module 'processing_system7_v5_5_processing_system7' (4#1) [/home/user/Desktop/lab_4/lab_4.gen/sources_1/bd/ip_design/ip/ip_design_processing_system7_0_0/hdl/verilog/processing_system7_v5_5_processing_system7.v:161]
WARNING: [Synth 8-7071] port 'M_AXI_GP0_ARESETN' of module 'processing_system7_v5_5_processing_system7' is unconnected for instance 'inst' [/home/user/Desktop/lab_4/lab_4.gen/sources_1/bd/ip_design/ip/ip_design_processing_system7_0_0/synth/ip_design_processing_system7_0_0.v:354]
WARNING: [Synth 8-7071] port 'M_AXI_GP1_ARESETN' of module 'processing_system7_v5_5_processing_system7' is unconnected for instance 'inst' [/home/user/Desktop/lab_4/lab_4.gen/sources_1/bd/ip_design/ip/ip_design_processing_system7_0_0/synth/ip_design_processing_system7_0_0.v:354]
WARNING: [Synth 8-7071] port 'S_AXI_GP0_ARESETN' of module 'processing_system7_v5_5_processing_system7' is unconnected for instance 'inst' [/home/user/Desktop/lab_4/lab_4.gen/sources_1/bd/ip_design/ip/ip_design_processing_system7_0_0/synth/ip_design_processing_system7_0_0.v:354]
WARNING: [Synth 8-7071] port 'S_AXI_GP1_ARESETN' of module 'processing_system7_v5_5_processing_system7' is unconnected for instance 'inst' [/home/user/Desktop/lab_4/lab_4.gen/sources_1/bd/ip_design/ip/ip_design_processing_system7_0_0/synth/ip_design_processing_system7_0_0.v:354]
WARNING: [Synth 8-7071] port 'S_AXI_ACP_ARESETN' of module 'processing_system7_v5_5_processing_system7' is unconnected for instance 'inst' [/home/user/Desktop/lab_4/lab_4.gen/sources_1/bd/ip_design/ip/ip_design_processing_system7_0_0/synth/ip_design_processing_system7_0_0.v:354]
WARNING: [Synth 8-7071] port 'S_AXI_HP0_ARESETN' of module 'processing_system7_v5_5_processing_system7' is unconnected for instance 'inst' [/home/user/Desktop/lab_4/lab_4.gen/sources_1/bd/ip_design/ip/ip_design_processing_system7_0_0/synth/ip_design_processing_system7_0_0.v:354]
WARNING: [Synth 8-7071] port 'S_AXI_HP1_ARESETN' of module 'processing_system7_v5_5_processing_system7' is unconnected for instance 'inst' [/home/user/Desktop/lab_4/lab_4.gen/sources_1/bd/ip_design/ip/ip_design_processing_system7_0_0/synth/ip_design_processing_system7_0_0.v:354]
WARNING: [Synth 8-7071] port 'S_AXI_HP2_ARESETN' of module 'processing_system7_v5_5_processing_system7' is unconnected for instance 'inst' [/home/user/Desktop/lab_4/lab_4.gen/sources_1/bd/ip_design/ip/ip_design_processing_system7_0_0/synth/ip_design_processing_system7_0_0.v:354]
WARNING: [Synth 8-7071] port 'S_AXI_HP3_ARESETN' of module 'processing_system7_v5_5_processing_system7' is unconnected for instance 'inst' [/home/user/Desktop/lab_4/lab_4.gen/sources_1/bd/ip_design/ip/ip_design_processing_system7_0_0/synth/ip_design_processing_system7_0_0.v:354]
WARNING: [Synth 8-7071] port 'DMA0_RSTN' of module 'processing_system7_v5_5_processing_system7' is unconnected for instance 'inst' [/home/user/Desktop/lab_4/lab_4.gen/sources_1/bd/ip_design/ip/ip_design_processing_system7_0_0/synth/ip_design_processing_system7_0_0.v:354]
WARNING: [Synth 8-7071] port 'DMA1_RSTN' of module 'processing_system7_v5_5_processing_system7' is unconnected for instance 'inst' [/home/user/Desktop/lab_4/lab_4.gen/sources_1/bd/ip_design/ip/ip_design_processing_system7_0_0/synth/ip_design_processing_system7_0_0.v:354]
WARNING: [Synth 8-7071] port 'DMA2_RSTN' of module 'processing_system7_v5_5_processing_system7' is unconnected for instance 'inst' [/home/user/Desktop/lab_4/lab_4.gen/sources_1/bd/ip_design/ip/ip_design_processing_system7_0_0/synth/ip_design_processing_system7_0_0.v:354]
WARNING: [Synth 8-7071] port 'DMA3_RSTN' of module 'processing_system7_v5_5_processing_system7' is unconnected for instance 'inst' [/home/user/Desktop/lab_4/lab_4.gen/sources_1/bd/ip_design/ip/ip_design_processing_system7_0_0/synth/ip_design_processing_system7_0_0.v:354]
WARNING: [Synth 8-7023] instance 'inst' of module 'processing_system7_v5_5_processing_system7' has 685 connections declared, but only 672 given [/home/user/Desktop/lab_4/lab_4.gen/sources_1/bd/ip_design/ip/ip_design_processing_system7_0_0/synth/ip_design_processing_system7_0_0.v:354]
INFO: [Synth 8-6155] done synthesizing module 'ip_design_processing_system7_0_0' (5#1) [/home/user/Desktop/lab_4/lab_4.gen/sources_1/bd/ip_design/ip/ip_design_processing_system7_0_0/synth/ip_design_processing_system7_0_0.v:60]
---------------------------------------------------------------------------------
Finished RTL Elaboration : Time (s): cpu = 00:00:06 ; elapsed = 00:00:07 . Memory (MB): peak = 2461.195 ; gain = 0.000 ; free physical = 1553 ; free virtual = 17864
---------------------------------------------------------------------------------
---------------------------------------------------------------------------------
Start Handling Custom Attributes
---------------------------------------------------------------------------------
---------------------------------------------------------------------------------
Finished Handling Custom Attributes : Time (s): cpu = 00:00:06 ; elapsed = 00:00:07 . Memory (MB): peak = 2461.195 ; gain = 0.000 ; free physical = 3155 ; free virtual = 19467
---------------------------------------------------------------------------------
---------------------------------------------------------------------------------
Finished RTL Optimization Phase 1 : Time (s): cpu = 00:00:06 ; elapsed = 00:00:07 . Memory (MB): peak = 2461.195 ; gain = 0.000 ; free physical = 3166 ; free virtual = 19478
---------------------------------------------------------------------------------
Netlist sorting complete. Time (s): cpu = 00:00:00.03 ; elapsed = 00:00:00.03 . Memory (MB): peak = 2461.195 ; gain = 0.000 ; free physical = 3207 ; free virtual = 19521
INFO: [Project 1-570] Preparing netlist for logic optimization

Processing XDC Constraints
Initializing timing engine
Parsing XDC File [/home/user/Desktop/lab_4/lab_4.gen/sources_1/bd/ip_design/ip/ip_design_processing_system7_0_0/ip_design_processing_system7_0_0.xdc] for cell 'inst'
Finished Parsing XDC File [/home/user/Desktop/lab_4/lab_4.gen/sources_1/bd/ip_design/ip/ip_design_processing_system7_0_0/ip_design_processing_system7_0_0.xdc] for cell 'inst'
INFO: [Project 1-236] Implementation specific constraints were found while reading constraint file [/home/user/Desktop/lab_4/lab_4.gen/sources_1/bd/ip_design/ip/ip_design_processing_system7_0_0/ip_design_processing_system7_0_0.xdc]. These constraints will be ignored for synthesis but will be used in implementation. Impacted constraints are listed in the file [.Xil/ip_design_processing_system7_0_0_propImpl.xdc].
Resolution: To avoid this warning, move constraints listed in [.Xil/ip_design_processing_system7_0_0_propImpl.xdc] to another XDC file and exclude this new file from synthesis with the used_in_synthesis property (File Properties dialog in GUI) and re-run elaboration/synthesis.
Parsing XDC File [/home/user/Desktop/lab_4/lab_4.runs/ip_design_processing_system7_0_0_synth_1/dont_touch.xdc]
Finished Parsing XDC File [/home/user/Desktop/lab_4/lab_4.runs/ip_design_processing_system7_0_0_synth_1/dont_touch.xdc]
Completed Processing XDC Constraints

Netlist sorting complete. Time (s): cpu = 00:00:00 ; elapsed = 00:00:00 . Memory (MB): peak = 2525.094 ; gain = 0.000 ; free physical = 2929 ; free virtual = 19251
INFO: [Project 1-111] Unisim Transformation Summary:
No Unisim elements were transformed.

Constraint Validation Runtime : Time (s): cpu = 00:00:00.01 ; elapsed = 00:00:00.02 . Memory (MB): peak = 2525.094 ; gain = 0.000 ; free physical = 2928 ; free virtual = 19249
---------------------------------------------------------------------------------
Finished Constraint Validation : Time (s): cpu = 00:00:11 ; elapsed = 00:00:12 . Memory (MB): peak = 2525.094 ; gain = 63.898 ; free physical = 3120 ; free virtual = 19447
---------------------------------------------------------------------------------
---------------------------------------------------------------------------------
Start Loading Part and Timing Information
---------------------------------------------------------------------------------
Loading part: xc7z010clg400-1
---------------------------------------------------------------------------------
Finished Loading Part and Timing Information : Time (s): cpu = 00:00:11 ; elapsed = 00:00:12 . Memory (MB): peak = 2525.094 ; gain = 63.898 ; free physical = 3120 ; free virtual = 19447
---------------------------------------------------------------------------------
---------------------------------------------------------------------------------
Start Applying 'set_property' XDC Constraints
---------------------------------------------------------------------------------
Applied set_property KEEP_HIERARCHY = SOFT for inst. (constraint file  /home/user/Desktop/lab_4/lab_4.runs/ip_design_processing_system7_0_0_synth_1/dont_touch.xdc, line 9).
---------------------------------------------------------------------------------
Finished applying 'set_property' XDC Constraints : Time (s): cpu = 00:00:11 ; elapsed = 00:00:12 . Memory (MB): peak = 2525.094 ; gain = 63.898 ; free physical = 3185 ; free virtual = 19513
---------------------------------------------------------------------------------
---------------------------------------------------------------------------------
Finished RTL Optimization Phase 2 : Time (s): cpu = 00:00:12 ; elapsed = 00:00:13 . Memory (MB): peak = 2525.094 ; gain = 63.898 ; free physical = 3142 ; free virtual = 19471
---------------------------------------------------------------------------------
---------------------------------------------------------------------------------
Start RTL Component Statistics 
---------------------------------------------------------------------------------
Detailed RTL Component Info : 
---------------------------------------------------------------------------------
Finished RTL Component Statistics 
---------------------------------------------------------------------------------
---------------------------------------------------------------------------------
Start Part Resource Summary
---------------------------------------------------------------------------------
Part Resources:
DSPs: 80 (col length:40)
BRAMs: 120 (col length: RAMB18 40 RAMB36 20)
---------------------------------------------------------------------------------
Finished Part Resource Summary
---------------------------------------------------------------------------------
---------------------------------------------------------------------------------
Start Cross Boundary and Area Optimization
---------------------------------------------------------------------------------
---------------------------------------------------------------------------------
Finished Cross Boundary and Area Optimization : Time (s): cpu = 00:00:12 ; elapsed = 00:00:14 . Memory (MB): peak = 2525.094 ; gain = 63.898 ; free physical = 3089 ; free virtual = 19420
---------------------------------------------------------------------------------
---------------------------------------------------------------------------------
Start Applying XDC Timing Constraints
---------------------------------------------------------------------------------
---------------------------------------------------------------------------------
Finished Applying XDC Timing Constraints : Time (s): cpu = 00:00:17 ; elapsed = 00:00:19 . Memory (MB): peak = 2525.094 ; gain = 63.898 ; free physical = 2635 ; free virtual = 18971
---------------------------------------------------------------------------------
---------------------------------------------------------------------------------
Start Timing Optimization
---------------------------------------------------------------------------------
---------------------------------------------------------------------------------
Finished Timing Optimization : Time (s): cpu = 00:00:17 ; elapsed = 00:00:19 . Memory (MB): peak = 2525.094 ; gain = 63.898 ; free physical = 2615 ; free virtual = 18951
---------------------------------------------------------------------------------
---------------------------------------------------------------------------------
Start Technology Mapping
---------------------------------------------------------------------------------
---------------------------------------------------------------------------------
Finished Technology Mapping : Time (s): cpu = 00:00:17 ; elapsed = 00:00:19 . Memory (MB): peak = 2525.094 ; gain = 63.898 ; free physical = 2612 ; free virtual = 18948
---------------------------------------------------------------------------------
---------------------------------------------------------------------------------
Start IO Insertion
---------------------------------------------------------------------------------
---------------------------------------------------------------------------------
Start Flattening Before IO Insertion
---------------------------------------------------------------------------------
---------------------------------------------------------------------------------
Finished Flattening Before IO Insertion
---------------------------------------------------------------------------------
---------------------------------------------------------------------------------
Start Final Netlist Cleanup
---------------------------------------------------------------------------------
---------------------------------------------------------------------------------
Finished Final Netlist Cleanup
---------------------------------------------------------------------------------
---------------------------------------------------------------------------------
Finished IO Insertion : Time (s): cpu = 00:00:20 ; elapsed = 00:00:21 . Memory (MB): peak = 2525.094 ; gain = 63.898 ; free physical = 2539 ; free virtual = 18881
---------------------------------------------------------------------------------
---------------------------------------------------------------------------------
Start Renaming Generated Instances
---------------------------------------------------------------------------------
---------------------------------------------------------------------------------
Finished Renaming Generated Instances : Time (s): cpu = 00:00:20 ; elapsed = 00:00:21 . Memory (MB): peak = 2525.094 ; gain = 63.898 ; free physical = 2539 ; free virtual = 18881
---------------------------------------------------------------------------------
---------------------------------------------------------------------------------
Start Rebuilding User Hierarchy
---------------------------------------------------------------------------------
---------------------------------------------------------------------------------
Finished Rebuilding User Hierarchy : Time (s): cpu = 00:00:20 ; elapsed = 00:00:21 . Memory (MB): peak = 2525.094 ; gain = 63.898 ; free physical = 2542 ; free virtual = 18884
---------------------------------------------------------------------------------
---------------------------------------------------------------------------------
Start Renaming Generated Ports
---------------------------------------------------------------------------------
---------------------------------------------------------------------------------
Finished Renaming Generated Ports : Time (s): cpu = 00:00:20 ; elapsed = 00:00:21 . Memory (MB): peak = 2525.094 ; gain = 63.898 ; free physical = 2545 ; free virtual = 18887
---------------------------------------------------------------------------------
---------------------------------------------------------------------------------
Start Handling Custom Attributes
---------------------------------------------------------------------------------
---------------------------------------------------------------------------------
Finished Handling Custom Attributes : Time (s): cpu = 00:00:20 ; elapsed = 00:00:21 . Memory (MB): peak = 2525.094 ; gain = 63.898 ; free physical = 2547 ; free virtual = 18889
---------------------------------------------------------------------------------
---------------------------------------------------------------------------------
Start Renaming Generated Nets
---------------------------------------------------------------------------------
---------------------------------------------------------------------------------
Finished Renaming Generated Nets : Time (s): cpu = 00:00:20 ; elapsed = 00:00:21 . Memory (MB): peak = 2525.094 ; gain = 63.898 ; free physical = 2553 ; free virtual = 18895
---------------------------------------------------------------------------------
---------------------------------------------------------------------------------
Start Writing Synthesis Report
---------------------------------------------------------------------------------

Report BlackBoxes: 
+-+--------------+----------+
| |BlackBox name |Instances |
+-+--------------+----------+
+-+--------------+----------+

Report Cell Usage: 
+------+------+------+
|      |Cell  |Count |
+------+------+------+
|1     |BIBUF |   130|
|2     |BUFG  |     2|
|3     |LUT1  |    26|
|4     |PS7   |     1|
+------+------+------+
---------------------------------------------------------------------------------
Finished Writing Synthesis Report : Time (s): cpu = 00:00:20 ; elapsed = 00:00:21 . Memory (MB): peak = 2525.094 ; gain = 63.898 ; free physical = 2555 ; free virtual = 18897
---------------------------------------------------------------------------------
Synthesis finished with 0 errors, 0 critical warnings and 0 warnings.
Synthesis Optimization Runtime : Time (s): cpu = 00:00:18 ; elapsed = 00:00:19 . Memory (MB): peak = 2525.094 ; gain = 0.000 ; free physical = 2728 ; free virtual = 19071
Synthesis Optimization Complete : Time (s): cpu = 00:00:20 ; elapsed = 00:00:21 . Memory (MB): peak = 2525.094 ; gain = 63.898 ; free physical = 2728 ; free virtual = 19071
INFO: [Project 1-571] Translating synthesized netlist
Netlist sorting complete. Time (s): cpu = 00:00:06 ; elapsed = 00:00:00.01 . Memory (MB): peak = 2525.094 ; gain = 0.000 ; free physical = 2822 ; free virtual = 19166
INFO: [Project 1-570] Preparing netlist for logic optimization
INFO: [Opt 31-138] Pushed 0 inverter(s) to 0 load pin(s).
Netlist sorting complete. Time (s): cpu = 00:00:00 ; elapsed = 00:00:00 . Memory (MB): peak = 2531.938 ; gain = 0.000 ; free physical = 2733 ; free virtual = 19080
INFO: [Project 1-111] Unisim Transformation Summary:
No Unisim elements were transformed.

Synth Design complete, checksum: 479f0ff8
INFO: [Common 17-83] Releasing license: Synthesis
27 Infos, 14 Warnings, 0 Critical Warnings and 0 Errors encountered.
synth_design completed successfully
synth_design: Time (s): cpu = 00:00:31 ; elapsed = 00:00:27 . Memory (MB): peak = 2531.938 ; gain = 70.875 ; free physical = 2982 ; free virtual = 19329
INFO: [Common 17-1381] The checkpoint '/home/user/Desktop/lab_4/lab_4.runs/ip_design_processing_system7_0_0_synth_1/ip_design_processing_system7_0_0.dcp' has been generated.
INFO: [Coretcl 2-1648] Added synthesis output to IP cache for IP ip_design_processing_system7_0_0, cache-ID = f878fd7dd10e07c7
INFO: [Common 17-1381] The checkpoint '/home/user/Desktop/lab_4/lab_4.runs/ip_design_processing_system7_0_0_synth_1/ip_design_processing_system7_0_0.dcp' has been generated.
INFO: [runtcl-4] Executing : report_utilization -file ip_design_processing_system7_0_0_utilization_synth.rpt -pb ip_design_processing_system7_0_0_utilization_synth.pb
INFO: [Common 17-206] Exiting Vivado at Wed Sep 30 20:22:21 2026...
