Copyright 1986-2021 Xilinx, Inc. All Rights Reserved.
--------------------------------------------------------------------------------------------
| Tool Version : Vivado v.2021.1 (lin64) Build 3247384 Thu Jun 10 19:36:07 MDT 2021
| Date         : Wed Sep  2 20:18:25 2026
| Host         : ece13 running 64-bit Ubuntu 20.04.2 LTS
| Command      : report_control_sets -verbose -file PmodIPs_wrapper_control_sets_placed.rpt
| Design       : PmodIPs_wrapper
| Device       : xc7z010
--------------------------------------------------------------------------------------------

Control Set Information

Table of Contents
-----------------
1. Summary
2. Histogram
3. Flip-Flop Distribution
4. Detailed Control Set Information

1. Summary
----------

+----------------------------------------------------------+-------+
|                          Status                          | Count |
+----------------------------------------------------------+-------+
| Total control sets                                       |    47 |
|    Minimum number of control sets                        |    47 |
|    Addition due to synthesis replication                 |     0 |
|    Addition due to physical synthesis replication        |     0 |
| Unused register locations in slices containing registers |   127 |
+----------------------------------------------------------+-------+
* Control sets can be merged at opt_design using control_set_merge or merge_equivalent_drivers
** Run report_qor_suggestions for automated merging and remapping suggestions


2. Histogram
------------

+--------------------+-------+
|       Fanout       | Count |
+--------------------+-------+
| Total control sets |    47 |
| >= 0 to < 4        |     2 |
| >= 4 to < 6        |    17 |
| >= 6 to < 8        |     1 |
| >= 8 to < 10       |     3 |
| >= 10 to < 12      |     2 |
| >= 12 to < 14      |     5 |
| >= 14 to < 16      |     2 |
| >= 16              |    15 |
+--------------------+-------+
* Control sets can be remapped at either synth_design or opt_design


3. Flip-Flop Distribution
-------------------------

+--------------+-----------------------+------------------------+-----------------+--------------+
| Clock Enable | Synchronous Set/Reset | Asynchronous Set/Reset | Total Registers | Total Slices |
+--------------+-----------------------+------------------------+-----------------+--------------+
| No           | No                    | No                     |             184 |           57 |
| No           | No                    | Yes                    |               0 |            0 |
| No           | Yes                   | No                     |              93 |           37 |
| Yes          | No                    | No                     |             442 |          102 |
| Yes          | No                    | Yes                    |               0 |            0 |
| Yes          | Yes                   | No                     |              90 |           26 |
+--------------+-----------------------+------------------------+-----------------+--------------+


4. Detailed Control Set Information
-----------------------------------

+------------------------------------------------+---------------------------------------------------------------------------------------------------------------------------------------------------------------+------------------------------------------------------------------------------------------------------------------------------------------------------+------------------+----------------+--------------+
|                  Clock Signal                  |                                                                         Enable Signal                                                                         |                                                                   Set/Reset Signal                                                                   | Slice Load Count | Bel Load Count | Bels / Slice |
+------------------------------------------------+---------------------------------------------------------------------------------------------------------------------------------------------------------------+------------------------------------------------------------------------------------------------------------------------------------------------------+------------------+----------------+--------------+
|  PmodIPs_i/processing_system7_0/inst/FCLK_CLK0 | PmodIPs_i/ps7_0_axi_periph/s00_couplers/auto_pc/inst/gen_axilite.gen_b2s_conv.axilite_b2s/WR.aw_channel_0/aw_cmd_fsm_0/FSM_sequential_state_reg[0]_1          | PmodIPs_i/ps7_0_axi_periph/s00_couplers/auto_pc/inst/gen_axilite.gen_b2s_conv.axilite_b2s/WR.aw_channel_0/aw_cmd_fsm_0/FSM_sequential_state_reg[0]_0 |                1 |              1 |         1.00 |
|  PmodIPs_i/processing_system7_0/inst/FCLK_CLK0 | PmodIPs_i/ps7_0_axi_periph/s00_couplers/auto_pc/inst/gen_axilite.gen_b2s_conv.axilite_b2s/WR.b_channel_0/bid_fifo_0/sel                                       |                                                                                                                                                      |                1 |              2 |         2.00 |
|  PmodIPs_i/processing_system7_0/inst/FCLK_CLK0 |                                                                                                                                                               | PmodIPs_i/AXI_GPIO_BUTTONS/U0/AXI_LITE_IPIF_I/I_SLAVE_ATTACHMENT/clear                                                                               |                1 |              4 |         4.00 |
|  PmodIPs_i/processing_system7_0/inst/FCLK_CLK0 | PmodIPs_i/AXI_GPIO_BUTTONS/U0/AXI_LITE_IPIF_I/I_SLAVE_ATTACHMENT/bus2ip_addr_i[8]_i_1_n_0                                                                     | PmodIPs_i/AXI_GPIO_BUTTONS/U0/AXI_LITE_IPIF_I/I_SLAVE_ATTACHMENT/SR[0]                                                                               |                1 |              4 |         4.00 |
|  PmodIPs_i/processing_system7_0/inst/FCLK_CLK0 | PmodIPs_i/ps7_0_axi_periph/s00_couplers/auto_pc/inst/gen_axilite.gen_b2s_conv.axilite_b2s/RD.ar_channel_0/ar_cmd_fsm_0/m_axi_arready_2                        | PmodIPs_i/ps7_0_axi_periph/s00_couplers/auto_pc/inst/gen_axilite.gen_b2s_conv.axilite_b2s/RD.ar_channel_0/ar_cmd_fsm_0/FSM_sequential_state_reg[1]_0 |                2 |              4 |         2.00 |
|  PmodIPs_i/processing_system7_0/inst/FCLK_CLK0 | PmodIPs_i/AXI_GPIO_BUTTONS/U0/AXI_LITE_IPIF_I/I_SLAVE_ATTACHMENT/start2                                                                                       | PmodIPs_i/AXI_GPIO_BUTTONS/U0/AXI_LITE_IPIF_I/I_SLAVE_ATTACHMENT/I_DECODER/cs_ce_clr                                                                 |                1 |              4 |         4.00 |
|  PmodIPs_i/processing_system7_0/inst/FCLK_CLK0 | PmodIPs_i/AXI_GPIO_LED/U0/AXI_LITE_IPIF_I/I_SLAVE_ATTACHMENT/bus2ip_addr_i[8]_i_1_n_0                                                                         | PmodIPs_i/AXI_GPIO_LED/U0/AXI_LITE_IPIF_I/I_SLAVE_ATTACHMENT/SR[0]                                                                                   |                1 |              4 |         4.00 |
|  PmodIPs_i/processing_system7_0/inst/FCLK_CLK0 | PmodIPs_i/AXI_GPIO_LED/U0/AXI_LITE_IPIF_I/I_SLAVE_ATTACHMENT/start2                                                                                           | PmodIPs_i/AXI_GPIO_LED/U0/AXI_LITE_IPIF_I/I_SLAVE_ATTACHMENT/I_DECODER/cs_ce_clr                                                                     |                1 |              4 |         4.00 |
|  PmodIPs_i/processing_system7_0/inst/FCLK_CLK0 |                                                                                                                                                               | PmodIPs_i/rst_ps7_0_100M/U0/EXT_LPF/lpf_int                                                                                                          |                3 |              4 |         1.33 |
|  PmodIPs_i/processing_system7_0/inst/FCLK_CLK0 | PmodIPs_i/AXI_GPIO_BUTTONS/U0/AXI_LITE_IPIF_I/I_SLAVE_ATTACHMENT/I_DECODER/E[0]                                                                               | PmodIPs_i/AXI_GPIO_BUTTONS/U0/AXI_LITE_IPIF_I/I_SLAVE_ATTACHMENT/SR[0]                                                                               |                1 |              4 |         4.00 |
|  PmodIPs_i/processing_system7_0/inst/FCLK_CLK0 |                                                                                                                                                               | PmodIPs_i/AXI_GPIO_LED/U0/gpio_core_1/Read_Reg_Rst__0                                                                                                |                1 |              4 |         4.00 |
|  PmodIPs_i/processing_system7_0/inst/FCLK_CLK0 |                                                                                                                                                               | PmodIPs_i/AXI_GPIO_LED/U0/AXI_LITE_IPIF_I/I_SLAVE_ATTACHMENT/clear                                                                                   |                1 |              4 |         4.00 |
|  PmodIPs_i/processing_system7_0/inst/FCLK_CLK0 |                                                                                                                                                               | PmodIPs_i/ps7_0_axi_periph/s00_couplers/auto_pc/inst/gen_axilite.gen_b2s_conv.axilite_b2s/SI_REG/aw.aw_pipe/aresetn_d_reg[0]_0                       |                2 |              4 |         2.00 |
|  PmodIPs_i/processing_system7_0/inst/FCLK_CLK0 |                                                                                                                                                               | PmodIPs_i/ps7_0_axi_periph/s00_couplers/auto_pc/inst/gen_axilite.gen_b2s_conv.axilite_b2s/SI_REG/ar.ar_pipe/aresetn_d_reg[1]_inv_0                   |                3 |              4 |         1.33 |
|  PmodIPs_i/processing_system7_0/inst/FCLK_CLK0 | PmodIPs_i/AXI_GPIO_BUTTONS/U0/AXI_LITE_IPIF_I/I_SLAVE_ATTACHMENT/I_DECODER/bus2ip_rnw_i_reg[0]                                                                | PmodIPs_i/AXI_GPIO_BUTTONS/U0/AXI_LITE_IPIF_I/I_SLAVE_ATTACHMENT/SR[0]                                                                               |                1 |              4 |         4.00 |
|  PmodIPs_i/processing_system7_0/inst/FCLK_CLK0 | PmodIPs_i/ps7_0_axi_periph/s00_couplers/auto_pc/inst/gen_axilite.gen_b2s_conv.axilite_b2s/RD.r_channel_0/rd_data_fifo_0/cnt_read[4]_i_1__0_n_0                | PmodIPs_i/ps7_0_axi_periph/s00_couplers/auto_pc/inst/gen_axilite.gen_b2s_conv.axilite_b2s/areset_d1                                                  |                1 |              5 |         5.00 |
|  PmodIPs_i/processing_system7_0/inst/FCLK_CLK0 | PmodIPs_i/AXI_GPIO_LED/U0/AXI_LITE_IPIF_I/I_SLAVE_ATTACHMENT/s_axi_rresp_i                                                                                    | PmodIPs_i/AXI_GPIO_LED/U0/AXI_LITE_IPIF_I/I_SLAVE_ATTACHMENT/SR[0]                                                                                   |                1 |              5 |         5.00 |
|  PmodIPs_i/processing_system7_0/inst/FCLK_CLK0 | PmodIPs_i/ps7_0_axi_periph/s00_couplers/auto_pc/inst/gen_axilite.gen_b2s_conv.axilite_b2s/RD.r_channel_0/transaction_fifo_0/cnt_read[4]_i_1_n_0               | PmodIPs_i/ps7_0_axi_periph/s00_couplers/auto_pc/inst/gen_axilite.gen_b2s_conv.axilite_b2s/areset_d1                                                  |                2 |              5 |         2.50 |
|  PmodIPs_i/processing_system7_0/inst/FCLK_CLK0 | PmodIPs_i/AXI_GPIO_BUTTONS/U0/AXI_LITE_IPIF_I/I_SLAVE_ATTACHMENT/s_axi_rresp_i                                                                                | PmodIPs_i/AXI_GPIO_BUTTONS/U0/AXI_LITE_IPIF_I/I_SLAVE_ATTACHMENT/SR[0]                                                                               |                1 |              5 |         5.00 |
|  PmodIPs_i/processing_system7_0/inst/FCLK_CLK0 | PmodIPs_i/rst_ps7_0_100M/U0/SEQ/seq_cnt_en                                                                                                                    | PmodIPs_i/rst_ps7_0_100M/U0/SEQ/SEQ_COUNTER/clear                                                                                                    |                1 |              6 |         6.00 |
|  PmodIPs_i/processing_system7_0/inst/FCLK_CLK0 | PmodIPs_i/AXI_GPIO_LED/U0/AXI_LITE_IPIF_I/I_SLAVE_ATTACHMENT/I_DECODER/E[0]                                                                                   | PmodIPs_i/AXI_GPIO_LED/U0/AXI_LITE_IPIF_I/I_SLAVE_ATTACHMENT/SR[0]                                                                                   |                1 |              8 |         8.00 |
|  PmodIPs_i/processing_system7_0/inst/FCLK_CLK0 | PmodIPs_i/ps7_0_axi_periph/s00_couplers/auto_pc/inst/gen_axilite.gen_b2s_conv.axilite_b2s/WR.b_channel_0/mhandshake_r                                         | PmodIPs_i/ps7_0_axi_periph/s00_couplers/auto_pc/inst/gen_axilite.gen_b2s_conv.axilite_b2s/WR.b_channel_0/bid_fifo_0/SR[0]                            |                3 |              8 |         2.67 |
|  PmodIPs_i/processing_system7_0/inst/FCLK_CLK0 |                                                                                                                                                               | PmodIPs_i/AXI_GPIO_BUTTONS/U0/gpio_core_1/Read_Reg_Rst                                                                                               |                2 |              8 |         4.00 |
|  PmodIPs_i/processing_system7_0/inst/FCLK_CLK0 |                                                                                                                                                               | PmodIPs_i/ps7_0_axi_periph/s00_couplers/auto_pc/inst/gen_axilite.gen_b2s_conv.axilite_b2s/areset_d1                                                  |                4 |             10 |         2.50 |
|  PmodIPs_i/processing_system7_0/inst/FCLK_CLK0 |                                                                                                                                                               | PmodIPs_i/ps7_0_axi_periph/xbar/inst/gen_sasd.crossbar_sasd_0/addr_arbiter_inst/SR[0]                                                                |                7 |             11 |         1.57 |
|  PmodIPs_i/processing_system7_0/inst/FCLK_CLK0 | PmodIPs_i/ps7_0_axi_periph/s00_couplers/auto_pc/inst/gen_axilite.gen_b2s_conv.axilite_b2s/WR.aw_channel_0/aw_cmd_fsm_0/m_valid_i_reg[0]                       |                                                                                                                                                      |                3 |             12 |         4.00 |
|  PmodIPs_i/processing_system7_0/inst/FCLK_CLK0 | PmodIPs_i/ps7_0_axi_periph/s00_couplers/auto_pc/inst/gen_axilite.gen_b2s_conv.axilite_b2s/RD.ar_channel_0/ar_cmd_fsm_0/E[0]                                   |                                                                                                                                                      |                5 |             12 |         2.40 |
|  PmodIPs_i/processing_system7_0/inst/FCLK_CLK0 | PmodIPs_i/ps7_0_axi_periph/s00_couplers/auto_pc/inst/gen_axilite.gen_b2s_conv.axilite_b2s/WR.aw_channel_0/cmd_translator_0/incr_cmd_0/axaddr_incr[11]_i_1_n_0 |                                                                                                                                                      |                2 |             12 |         6.00 |
|  PmodIPs_i/processing_system7_0/inst/FCLK_CLK0 | PmodIPs_i/ps7_0_axi_periph/s00_couplers/auto_pc/inst/gen_axilite.gen_b2s_conv.axilite_b2s/RD.ar_channel_0/ar_cmd_fsm_0/sel_first_reg[0]                       |                                                                                                                                                      |                3 |             12 |         4.00 |
|  PmodIPs_i/processing_system7_0/inst/FCLK_CLK0 | PmodIPs_i/ps7_0_axi_periph/s00_couplers/auto_pc/inst/gen_axilite.gen_b2s_conv.axilite_b2s/RD.r_channel_0/r_push_r                                             |                                                                                                                                                      |                4 |             13 |         3.25 |
|  PmodIPs_i/processing_system7_0/inst/FCLK_CLK0 | PmodIPs_i/ps7_0_axi_periph/s00_couplers/auto_pc/inst/gen_axilite.gen_b2s_conv.axilite_b2s/SI_REG/b.b_pipe/p_1_in                                              |                                                                                                                                                      |                2 |             14 |         7.00 |
|  PmodIPs_i/processing_system7_0/inst/FCLK_CLK0 | PmodIPs_i/ps7_0_axi_periph/s00_couplers/auto_pc/inst/gen_axilite.gen_b2s_conv.axilite_b2s/SI_REG/b.b_pipe/s_ready_i_reg_0                                     |                                                                                                                                                      |                2 |             14 |         7.00 |
|  PmodIPs_i/processing_system7_0/inst/FCLK_CLK0 | PmodIPs_i/ps7_0_axi_periph/s00_couplers/auto_pc/inst/gen_axilite.gen_b2s_conv.axilite_b2s/WR.aw_channel_0/aw_cmd_fsm_0/m_axi_awready_0                        |                                                                                                                                                      |                3 |             16 |         5.33 |
|  PmodIPs_i/processing_system7_0/inst/FCLK_CLK0 | PmodIPs_i/ps7_0_axi_periph/xbar/inst/gen_sasd.crossbar_sasd_0/addr_arbiter_inst/p_0_in1_in                                                                    | PmodIPs_i/ps7_0_axi_periph/xbar/inst/gen_sasd.crossbar_sasd_0/addr_arbiter_inst/SR[0]                                                                |                7 |             19 |         2.71 |
|  PmodIPs_i/processing_system7_0/inst/FCLK_CLK0 |                                                                                                                                                               | PmodIPs_i/AXI_GPIO_BUTTONS/U0/AXI_LITE_IPIF_I/I_SLAVE_ATTACHMENT/SR[0]                                                                               |                7 |             20 |         2.86 |
|  PmodIPs_i/processing_system7_0/inst/FCLK_CLK0 |                                                                                                                                                               | PmodIPs_i/AXI_GPIO_LED/U0/AXI_LITE_IPIF_I/I_SLAVE_ATTACHMENT/SR[0]                                                                                   |                6 |             20 |         3.33 |
|  PmodIPs_i/processing_system7_0/inst/FCLK_CLK0 | PmodIPs_i/ps7_0_axi_periph/s00_couplers/auto_pc/inst/gen_axilite.gen_b2s_conv.axilite_b2s/RD.ar_channel_0/ar_cmd_fsm_0/m_axi_arready_2                        |                                                                                                                                                      |                8 |             21 |         2.62 |
|  PmodIPs_i/processing_system7_0/inst/FCLK_CLK0 | PmodIPs_i/ps7_0_axi_periph/s00_couplers/auto_pc/inst/gen_axilite.gen_b2s_conv.axilite_b2s/WR.aw_channel_0/aw_cmd_fsm_0/FSM_sequential_state_reg[0]_1          |                                                                                                                                                      |               10 |             24 |         2.40 |
|  PmodIPs_i/processing_system7_0/inst/FCLK_CLK0 | PmodIPs_i/ps7_0_axi_periph/s00_couplers/auto_pc/inst/gen_axilite.gen_b2s_conv.axilite_b2s/RD.r_channel_0/rd_data_fifo_0/wr_en0                                |                                                                                                                                                      |                9 |             34 |         3.78 |
|  PmodIPs_i/processing_system7_0/inst/FCLK_CLK0 | PmodIPs_i/ps7_0_axi_periph/xbar/inst/gen_sasd.crossbar_sasd_0/addr_arbiter_inst/E[0]                                                                          |                                                                                                                                                      |                6 |             35 |         5.83 |
|  PmodIPs_i/processing_system7_0/inst/FCLK_CLK0 | PmodIPs_i/ps7_0_axi_periph/s00_couplers/auto_pc/inst/gen_axilite.gen_b2s_conv.axilite_b2s/SI_REG/r.r_pipe/p_1_in                                              |                                                                                                                                                      |                7 |             47 |         6.71 |
|  PmodIPs_i/processing_system7_0/inst/FCLK_CLK0 | PmodIPs_i/ps7_0_axi_periph/s00_couplers/auto_pc/inst/gen_axilite.gen_b2s_conv.axilite_b2s/SI_REG/r.r_pipe/s_ready_i_reg_0                                     |                                                                                                                                                      |                9 |             47 |         5.22 |
|  PmodIPs_i/processing_system7_0/inst/FCLK_CLK0 | PmodIPs_i/ps7_0_axi_periph/s00_couplers/auto_pc/inst/gen_axilite.gen_b2s_conv.axilite_b2s/WR.aw_channel_0/aw_cmd_fsm_0/E[0]                                   |                                                                                                                                                      |               10 |             48 |         4.80 |
|  PmodIPs_i/processing_system7_0/inst/FCLK_CLK0 | PmodIPs_i/ps7_0_axi_periph/s00_couplers/auto_pc/inst/gen_axilite.gen_b2s_conv.axilite_b2s/SI_REG/aw.aw_pipe/s_ready_i_reg_0                                   |                                                                                                                                                      |                9 |             48 |         5.33 |
|  PmodIPs_i/processing_system7_0/inst/FCLK_CLK0 | PmodIPs_i/ps7_0_axi_periph/s00_couplers/auto_pc/inst/gen_axilite.gen_b2s_conv.axilite_b2s/SI_REG/ar.ar_pipe/s_ready_i_reg_0                                   |                                                                                                                                                      |               14 |             48 |         3.43 |
|  PmodIPs_i/processing_system7_0/inst/FCLK_CLK0 | PmodIPs_i/ps7_0_axi_periph/s00_couplers/auto_pc/inst/gen_axilite.gen_b2s_conv.axilite_b2s/RD.ar_channel_0/ar_cmd_fsm_0/m_valid_i_reg[0]                       |                                                                                                                                                      |               12 |             48 |         4.00 |
|  PmodIPs_i/processing_system7_0/inst/FCLK_CLK0 |                                                                                                                                                               |                                                                                                                                                      |               58 |            185 |         3.19 |
+------------------------------------------------+---------------------------------------------------------------------------------------------------------------------------------------------------------------+------------------------------------------------------------------------------------------------------------------------------------------------------+------------------+----------------+--------------+


