
*** Running vivado
    with args -log zynq_interrupt_system_xbar_0.vds -m64 -product Vivado -mode batch -messageDb vivado.pb -notrace -source zynq_interrupt_system_xbar_0.tcl


****** Vivado v2021.1 (64-bit)
  **** SW Build 3247384 on Thu Jun 10 19:36:07 MDT 2021
  **** IP Build 3246043 on Fri Jun 11 00:30:35 MDT 2021
    ** Copyright 1986-2021 Xilinx, Inc. All Rights Reserved.

source zynq_interrupt_system_xbar_0.tcl -notrace
INFO: [IP_Flow 19-234] Refreshing IP repositories
INFO: [IP_Flow 19-1700] Loaded user IP repository '/home/software/digilent'.
INFO: [IP_Flow 19-2313] Loaded Vivado IP repository '/home/software/Xilinx/Vivado/2021.1/data/ip'.
Command: synth_design -top zynq_interrupt_system_xbar_0 -part xc7z010clg400-1 -mode out_of_context
Starting synth_design
Attempting to get a license for feature 'Synthesis' and/or device 'xc7z010'
INFO: [Common 17-349] Got license for feature 'Synthesis' and/or device 'xc7z010'
INFO: [Device 21-403] Loading part xc7z010clg400-1
INFO: [Synth 8-7079] Multithreading enabled for synth_design using a maximum of 4 processes.
INFO: [Synth 8-7078] Launching helper process for spawning children vivado processes
INFO: [Synth 8-7075] Helper process launched with PID 2235421
---------------------------------------------------------------------------------
Starting RTL Elaboration : Time (s): cpu = 00:00:05 ; elapsed = 00:00:07 . Memory (MB): peak = 2455.258 ; gain = 0.000 ; free physical = 557 ; free virtual = 15160
---------------------------------------------------------------------------------
INFO: [Synth 8-6157] synthesizing module 'zynq_interrupt_system_xbar_0' [/home/user/Desktop/lab_2/lab_2.gen/sources_1/bd/zynq_interrupt_system/ip/zynq_interrupt_system_xbar_0/synth/zynq_interrupt_system_xbar_0.v:59]
INFO: [Synth 8-6157] synthesizing module 'axi_crossbar_v2_1_25_axi_crossbar' [/home/user/Desktop/lab_2/lab_2.gen/sources_1/bd/zynq_interrupt_system/ipshared/3917/hdl/axi_crossbar_v2_1_vl_rfs.v:4884]
INFO: [Synth 8-6157] synthesizing module 'axi_crossbar_v2_1_25_crossbar_sasd' [/home/user/Desktop/lab_2/lab_2.gen/sources_1/bd/zynq_interrupt_system/ipshared/3917/hdl/axi_crossbar_v2_1_vl_rfs.v:1240]
INFO: [Synth 8-6157] synthesizing module 'axi_crossbar_v2_1_25_addr_decoder' [/home/user/Desktop/lab_2/lab_2.gen/sources_1/bd/zynq_interrupt_system/ipshared/3917/hdl/axi_crossbar_v2_1_vl_rfs.v:794]
INFO: [Synth 8-6157] synthesizing module 'generic_baseblocks_v2_1_0_comparator_static' [/home/user/Desktop/lab_2/lab_2.gen/sources_1/bd/zynq_interrupt_system/ipshared/b752/hdl/generic_baseblocks_v2_1_vl_rfs.v:2133]
INFO: [Synth 8-6157] synthesizing module 'generic_baseblocks_v2_1_0_carry_and' [/home/user/Desktop/lab_2/lab_2.gen/sources_1/bd/zynq_interrupt_system/ipshared/b752/hdl/generic_baseblocks_v2_1_vl_rfs.v:62]
INFO: [Synth 8-6155] done synthesizing module 'generic_baseblocks_v2_1_0_carry_and' (1#1) [/home/user/Desktop/lab_2/lab_2.gen/sources_1/bd/zynq_interrupt_system/ipshared/b752/hdl/generic_baseblocks_v2_1_vl_rfs.v:62]
INFO: [Synth 8-6155] done synthesizing module 'generic_baseblocks_v2_1_0_comparator_static' (2#1) [/home/user/Desktop/lab_2/lab_2.gen/sources_1/bd/zynq_interrupt_system/ipshared/b752/hdl/generic_baseblocks_v2_1_vl_rfs.v:2133]
INFO: [Synth 8-6157] synthesizing module 'generic_baseblocks_v2_1_0_comparator_static__parameterized0' [/home/user/Desktop/lab_2/lab_2.gen/sources_1/bd/zynq_interrupt_system/ipshared/b752/hdl/generic_baseblocks_v2_1_vl_rfs.v:2133]
INFO: [Synth 8-6155] done synthesizing module 'generic_baseblocks_v2_1_0_comparator_static__parameterized0' (2#1) [/home/user/Desktop/lab_2/lab_2.gen/sources_1/bd/zynq_interrupt_system/ipshared/b752/hdl/generic_baseblocks_v2_1_vl_rfs.v:2133]
INFO: [Synth 8-6157] synthesizing module 'generic_baseblocks_v2_1_0_comparator_static__parameterized1' [/home/user/Desktop/lab_2/lab_2.gen/sources_1/bd/zynq_interrupt_system/ipshared/b752/hdl/generic_baseblocks_v2_1_vl_rfs.v:2133]
INFO: [Synth 8-6155] done synthesizing module 'generic_baseblocks_v2_1_0_comparator_static__parameterized1' (2#1) [/home/user/Desktop/lab_2/lab_2.gen/sources_1/bd/zynq_interrupt_system/ipshared/b752/hdl/generic_baseblocks_v2_1_vl_rfs.v:2133]
INFO: [Synth 8-6155] done synthesizing module 'axi_crossbar_v2_1_25_addr_decoder' (3#1) [/home/user/Desktop/lab_2/lab_2.gen/sources_1/bd/zynq_interrupt_system/ipshared/3917/hdl/axi_crossbar_v2_1_vl_rfs.v:794]
INFO: [Synth 8-6157] synthesizing module 'axi_crossbar_v2_1_25_decerr_slave' [/home/user/Desktop/lab_2/lab_2.gen/sources_1/bd/zynq_interrupt_system/ipshared/3917/hdl/axi_crossbar_v2_1_vl_rfs.v:3501]
INFO: [Synth 8-6155] done synthesizing module 'axi_crossbar_v2_1_25_decerr_slave' (4#1) [/home/user/Desktop/lab_2/lab_2.gen/sources_1/bd/zynq_interrupt_system/ipshared/3917/hdl/axi_crossbar_v2_1_vl_rfs.v:3501]
INFO: [Synth 8-6157] synthesizing module 'axi_crossbar_v2_1_25_addr_arbiter_sasd' [/home/user/Desktop/lab_2/lab_2.gen/sources_1/bd/zynq_interrupt_system/ipshared/3917/hdl/axi_crossbar_v2_1_vl_rfs.v:65]
INFO: [Synth 8-6155] done synthesizing module 'axi_crossbar_v2_1_25_addr_arbiter_sasd' (5#1) [/home/user/Desktop/lab_2/lab_2.gen/sources_1/bd/zynq_interrupt_system/ipshared/3917/hdl/axi_crossbar_v2_1_vl_rfs.v:65]
INFO: [Synth 8-6157] synthesizing module 'axi_crossbar_v2_1_25_splitter' [/home/user/Desktop/lab_2/lab_2.gen/sources_1/bd/zynq_interrupt_system/ipshared/3917/hdl/axi_crossbar_v2_1_vl_rfs.v:4461]
INFO: [Synth 8-6155] done synthesizing module 'axi_crossbar_v2_1_25_splitter' (6#1) [/home/user/Desktop/lab_2/lab_2.gen/sources_1/bd/zynq_interrupt_system/ipshared/3917/hdl/axi_crossbar_v2_1_vl_rfs.v:4461]
INFO: [Synth 8-6157] synthesizing module 'axi_crossbar_v2_1_25_splitter__parameterized0' [/home/user/Desktop/lab_2/lab_2.gen/sources_1/bd/zynq_interrupt_system/ipshared/3917/hdl/axi_crossbar_v2_1_vl_rfs.v:4461]
INFO: [Synth 8-6155] done synthesizing module 'axi_crossbar_v2_1_25_splitter__parameterized0' (6#1) [/home/user/Desktop/lab_2/lab_2.gen/sources_1/bd/zynq_interrupt_system/ipshared/3917/hdl/axi_crossbar_v2_1_vl_rfs.v:4461]
INFO: [Synth 8-6157] synthesizing module 'generic_baseblocks_v2_1_0_mux_enc' [/home/user/Desktop/lab_2/lab_2.gen/sources_1/bd/zynq_interrupt_system/ipshared/b752/hdl/generic_baseblocks_v2_1_vl_rfs.v:2452]
INFO: [Synth 8-6155] done synthesizing module 'generic_baseblocks_v2_1_0_mux_enc' (7#1) [/home/user/Desktop/lab_2/lab_2.gen/sources_1/bd/zynq_interrupt_system/ipshared/b752/hdl/generic_baseblocks_v2_1_vl_rfs.v:2452]
INFO: [Synth 8-6157] synthesizing module 'generic_baseblocks_v2_1_0_mux_enc__parameterized0' [/home/user/Desktop/lab_2/lab_2.gen/sources_1/bd/zynq_interrupt_system/ipshared/b752/hdl/generic_baseblocks_v2_1_vl_rfs.v:2452]
INFO: [Synth 8-6155] done synthesizing module 'generic_baseblocks_v2_1_0_mux_enc__parameterized0' (7#1) [/home/user/Desktop/lab_2/lab_2.gen/sources_1/bd/zynq_interrupt_system/ipshared/b752/hdl/generic_baseblocks_v2_1_vl_rfs.v:2452]
INFO: [Synth 8-6157] synthesizing module 'generic_baseblocks_v2_1_0_mux_enc__parameterized1' [/home/user/Desktop/lab_2/lab_2.gen/sources_1/bd/zynq_interrupt_system/ipshared/b752/hdl/generic_baseblocks_v2_1_vl_rfs.v:2452]
INFO: [Synth 8-6155] done synthesizing module 'generic_baseblocks_v2_1_0_mux_enc__parameterized1' (7#1) [/home/user/Desktop/lab_2/lab_2.gen/sources_1/bd/zynq_interrupt_system/ipshared/b752/hdl/generic_baseblocks_v2_1_vl_rfs.v:2452]
INFO: [Synth 8-6157] synthesizing module 'axi_register_slice_v2_1_24_axic_register_slice' [/home/user/Desktop/lab_2/lab_2.gen/sources_1/bd/zynq_interrupt_system/ipshared/8f68/hdl/axi_register_slice_v2_1_vl_rfs.v:1498]
INFO: [Synth 8-6155] done synthesizing module 'axi_register_slice_v2_1_24_axic_register_slice' (8#1) [/home/user/Desktop/lab_2/lab_2.gen/sources_1/bd/zynq_interrupt_system/ipshared/8f68/hdl/axi_register_slice_v2_1_vl_rfs.v:1498]
INFO: [Synth 8-6157] synthesizing module 'generic_baseblocks_v2_1_0_mux_enc__parameterized2' [/home/user/Desktop/lab_2/lab_2.gen/sources_1/bd/zynq_interrupt_system/ipshared/b752/hdl/generic_baseblocks_v2_1_vl_rfs.v:2452]
INFO: [Synth 8-6155] done synthesizing module 'generic_baseblocks_v2_1_0_mux_enc__parameterized2' (8#1) [/home/user/Desktop/lab_2/lab_2.gen/sources_1/bd/zynq_interrupt_system/ipshared/b752/hdl/generic_baseblocks_v2_1_vl_rfs.v:2452]
INFO: [Synth 8-6155] done synthesizing module 'axi_crossbar_v2_1_25_crossbar_sasd' (9#1) [/home/user/Desktop/lab_2/lab_2.gen/sources_1/bd/zynq_interrupt_system/ipshared/3917/hdl/axi_crossbar_v2_1_vl_rfs.v:1240]
INFO: [Synth 8-6155] done synthesizing module 'axi_crossbar_v2_1_25_axi_crossbar' (10#1) [/home/user/Desktop/lab_2/lab_2.gen/sources_1/bd/zynq_interrupt_system/ipshared/3917/hdl/axi_crossbar_v2_1_vl_rfs.v:4884]
INFO: [Synth 8-6155] done synthesizing module 'zynq_interrupt_system_xbar_0' (11#1) [/home/user/Desktop/lab_2/lab_2.gen/sources_1/bd/zynq_interrupt_system/ip/zynq_interrupt_system_xbar_0/synth/zynq_interrupt_system_xbar_0.v:59]
---------------------------------------------------------------------------------
Finished RTL Elaboration : Time (s): cpu = 00:00:08 ; elapsed = 00:00:11 . Memory (MB): peak = 2455.258 ; gain = 0.000 ; free physical = 2209 ; free virtual = 16942
---------------------------------------------------------------------------------
---------------------------------------------------------------------------------
Start Handling Custom Attributes
---------------------------------------------------------------------------------
---------------------------------------------------------------------------------
Finished Handling Custom Attributes : Time (s): cpu = 00:00:09 ; elapsed = 00:00:11 . Memory (MB): peak = 2455.258 ; gain = 0.000 ; free physical = 2230 ; free virtual = 16963
---------------------------------------------------------------------------------
---------------------------------------------------------------------------------
Finished RTL Optimization Phase 1 : Time (s): cpu = 00:00:09 ; elapsed = 00:00:11 . Memory (MB): peak = 2455.258 ; gain = 0.000 ; free physical = 2230 ; free virtual = 16963
---------------------------------------------------------------------------------
Netlist sorting complete. Time (s): cpu = 00:00:00.01 ; elapsed = 00:00:00.01 . Memory (MB): peak = 2455.258 ; gain = 0.000 ; free physical = 2219 ; free virtual = 16953
INFO: [Project 1-570] Preparing netlist for logic optimization

Processing XDC Constraints
Initializing timing engine
Parsing XDC File [/home/user/Desktop/lab_2/lab_2.gen/sources_1/bd/zynq_interrupt_system/ip/zynq_interrupt_system_xbar_0/zynq_interrupt_system_xbar_0_ooc.xdc] for cell 'inst'
Finished Parsing XDC File [/home/user/Desktop/lab_2/lab_2.gen/sources_1/bd/zynq_interrupt_system/ip/zynq_interrupt_system_xbar_0/zynq_interrupt_system_xbar_0_ooc.xdc] for cell 'inst'
Parsing XDC File [/home/user/Desktop/lab_2/lab_2.runs/zynq_interrupt_system_xbar_0_synth_1/dont_touch.xdc]
Finished Parsing XDC File [/home/user/Desktop/lab_2/lab_2.runs/zynq_interrupt_system_xbar_0_synth_1/dont_touch.xdc]
Completed Processing XDC Constraints

Netlist sorting complete. Time (s): cpu = 00:00:00 ; elapsed = 00:00:00 . Memory (MB): peak = 2519.156 ; gain = 0.000 ; free physical = 2131 ; free virtual = 16866
INFO: [Project 1-111] Unisim Transformation Summary:
No Unisim elements were transformed.

Constraint Validation Runtime : Time (s): cpu = 00:00:00.04 ; elapsed = 00:00:00.03 . Memory (MB): peak = 2519.156 ; gain = 0.000 ; free physical = 2130 ; free virtual = 16865
---------------------------------------------------------------------------------
Finished Constraint Validation : Time (s): cpu = 00:00:12 ; elapsed = 00:00:15 . Memory (MB): peak = 2519.156 ; gain = 63.898 ; free physical = 2179 ; free virtual = 16919
---------------------------------------------------------------------------------
---------------------------------------------------------------------------------
Start Loading Part and Timing Information
---------------------------------------------------------------------------------
Loading part: xc7z010clg400-1
---------------------------------------------------------------------------------
Finished Loading Part and Timing Information : Time (s): cpu = 00:00:12 ; elapsed = 00:00:15 . Memory (MB): peak = 2519.156 ; gain = 63.898 ; free physical = 2179 ; free virtual = 16919
---------------------------------------------------------------------------------
---------------------------------------------------------------------------------
Start Applying 'set_property' XDC Constraints
---------------------------------------------------------------------------------
Applied set_property KEEP_HIERARCHY = SOFT for inst. (constraint file  /home/user/Desktop/lab_2/lab_2.runs/zynq_interrupt_system_xbar_0_synth_1/dont_touch.xdc, line 9).
---------------------------------------------------------------------------------
Finished applying 'set_property' XDC Constraints : Time (s): cpu = 00:00:12 ; elapsed = 00:00:16 . Memory (MB): peak = 2519.156 ; gain = 63.898 ; free physical = 2179 ; free virtual = 16919
---------------------------------------------------------------------------------
---------------------------------------------------------------------------------
Finished RTL Optimization Phase 2 : Time (s): cpu = 00:00:13 ; elapsed = 00:00:16 . Memory (MB): peak = 2519.156 ; gain = 63.898 ; free physical = 2157 ; free virtual = 16896
---------------------------------------------------------------------------------
---------------------------------------------------------------------------------
Start RTL Component Statistics 
---------------------------------------------------------------------------------
Detailed RTL Component Info : 
+---Registers : 
	               64 Bit    Registers := 1     
	               36 Bit    Registers := 2     
	                4 Bit    Registers := 1     
	                3 Bit    Registers := 1     
	                2 Bit    Registers := 3     
	                1 Bit    Registers := 14    
+---Muxes : 
	   2 Input   64 Bit        Muxes := 1     
	   2 Input   36 Bit        Muxes := 2     
	   2 Input    4 Bit        Muxes := 1     
	   2 Input    3 Bit        Muxes := 1     
	   2 Input    1 Bit        Muxes := 36    
---------------------------------------------------------------------------------
Finished RTL Component Statistics 
---------------------------------------------------------------------------------
---------------------------------------------------------------------------------
Start Part Resource Summary
---------------------------------------------------------------------------------
Part Resources:
DSPs: 80 (col length:40)
BRAMs: 120 (col length: RAMB18 40 RAMB36 20)
---------------------------------------------------------------------------------
Finished Part Resource Summary
---------------------------------------------------------------------------------
---------------------------------------------------------------------------------
Start Cross Boundary and Area Optimization
---------------------------------------------------------------------------------
---------------------------------------------------------------------------------
Finished Cross Boundary and Area Optimization : Time (s): cpu = 00:00:14 ; elapsed = 00:00:17 . Memory (MB): peak = 2519.156 ; gain = 63.898 ; free physical = 2091 ; free virtual = 16831
---------------------------------------------------------------------------------
---------------------------------------------------------------------------------
Start Applying XDC Timing Constraints
---------------------------------------------------------------------------------
---------------------------------------------------------------------------------
Finished Applying XDC Timing Constraints : Time (s): cpu = 00:00:18 ; elapsed = 00:00:21 . Memory (MB): peak = 2519.156 ; gain = 63.898 ; free physical = 1629 ; free virtual = 16380
---------------------------------------------------------------------------------
---------------------------------------------------------------------------------
Start Timing Optimization
---------------------------------------------------------------------------------
---------------------------------------------------------------------------------
Finished Timing Optimization : Time (s): cpu = 00:00:18 ; elapsed = 00:00:22 . Memory (MB): peak = 2519.156 ; gain = 63.898 ; free physical = 1615 ; free virtual = 16366
---------------------------------------------------------------------------------
---------------------------------------------------------------------------------
Start Technology Mapping
---------------------------------------------------------------------------------
---------------------------------------------------------------------------------
Finished Technology Mapping : Time (s): cpu = 00:00:19 ; elapsed = 00:00:22 . Memory (MB): peak = 2519.156 ; gain = 63.898 ; free physical = 1615 ; free virtual = 16365
---------------------------------------------------------------------------------
---------------------------------------------------------------------------------
Start IO Insertion
---------------------------------------------------------------------------------
---------------------------------------------------------------------------------
Start Flattening Before IO Insertion
---------------------------------------------------------------------------------
---------------------------------------------------------------------------------
Finished Flattening Before IO Insertion
---------------------------------------------------------------------------------
---------------------------------------------------------------------------------
Start Final Netlist Cleanup
---------------------------------------------------------------------------------
---------------------------------------------------------------------------------
Finished Final Netlist Cleanup
---------------------------------------------------------------------------------
---------------------------------------------------------------------------------
Finished IO Insertion : Time (s): cpu = 00:00:21 ; elapsed = 00:00:24 . Memory (MB): peak = 2519.156 ; gain = 63.898 ; free physical = 2151 ; free virtual = 16922
---------------------------------------------------------------------------------
---------------------------------------------------------------------------------
Start Renaming Generated Instances
---------------------------------------------------------------------------------
---------------------------------------------------------------------------------
Finished Renaming Generated Instances : Time (s): cpu = 00:00:21 ; elapsed = 00:00:24 . Memory (MB): peak = 2519.156 ; gain = 63.898 ; free physical = 2151 ; free virtual = 16922
---------------------------------------------------------------------------------
---------------------------------------------------------------------------------
Start Rebuilding User Hierarchy
---------------------------------------------------------------------------------
---------------------------------------------------------------------------------
Finished Rebuilding User Hierarchy : Time (s): cpu = 00:00:21 ; elapsed = 00:00:24 . Memory (MB): peak = 2519.156 ; gain = 63.898 ; free physical = 2150 ; free virtual = 16921
---------------------------------------------------------------------------------
---------------------------------------------------------------------------------
Start Renaming Generated Ports
---------------------------------------------------------------------------------
---------------------------------------------------------------------------------
Finished Renaming Generated Ports : Time (s): cpu = 00:00:21 ; elapsed = 00:00:24 . Memory (MB): peak = 2519.156 ; gain = 63.898 ; free physical = 2150 ; free virtual = 16921
---------------------------------------------------------------------------------
---------------------------------------------------------------------------------
Start Handling Custom Attributes
---------------------------------------------------------------------------------
---------------------------------------------------------------------------------
Finished Handling Custom Attributes : Time (s): cpu = 00:00:21 ; elapsed = 00:00:24 . Memory (MB): peak = 2519.156 ; gain = 63.898 ; free physical = 2153 ; free virtual = 16925
---------------------------------------------------------------------------------
---------------------------------------------------------------------------------
Start Renaming Generated Nets
---------------------------------------------------------------------------------
---------------------------------------------------------------------------------
Finished Renaming Generated Nets : Time (s): cpu = 00:00:21 ; elapsed = 00:00:24 . Memory (MB): peak = 2519.156 ; gain = 63.898 ; free physical = 2153 ; free virtual = 16925
---------------------------------------------------------------------------------
---------------------------------------------------------------------------------
Start Writing Synthesis Report
---------------------------------------------------------------------------------

Report BlackBoxes: 
+-+--------------+----------+
| |BlackBox name |Instances |
+-+--------------+----------+
+-+--------------+----------+

Report Cell Usage: 
+------+-----+------+
|      |Cell |Count |
+------+-----+------+
|1     |LUT1 |     1|
|2     |LUT2 |    10|
|3     |LUT3 |    38|
|4     |LUT4 |    45|
|5     |LUT5 |    35|
|6     |LUT6 |    45|
|7     |FDRE |   131|
+------+-----+------+
---------------------------------------------------------------------------------
Finished Writing Synthesis Report : Time (s): cpu = 00:00:21 ; elapsed = 00:00:24 . Memory (MB): peak = 2519.156 ; gain = 63.898 ; free physical = 2153 ; free virtual = 16925
---------------------------------------------------------------------------------
Synthesis finished with 0 errors, 0 critical warnings and 0 warnings.
Synthesis Optimization Runtime : Time (s): cpu = 00:00:20 ; elapsed = 00:00:23 . Memory (MB): peak = 2519.156 ; gain = 0.000 ; free physical = 2205 ; free virtual = 16977
Synthesis Optimization Complete : Time (s): cpu = 00:00:21 ; elapsed = 00:00:25 . Memory (MB): peak = 2519.156 ; gain = 63.898 ; free physical = 2205 ; free virtual = 16976
INFO: [Project 1-571] Translating synthesized netlist
Netlist sorting complete. Time (s): cpu = 00:00:00.01 ; elapsed = 00:00:00.01 . Memory (MB): peak = 2519.156 ; gain = 0.000 ; free physical = 2294 ; free virtual = 17065
INFO: [Project 1-570] Preparing netlist for logic optimization
INFO: [Opt 31-138] Pushed 0 inverter(s) to 0 load pin(s).
Netlist sorting complete. Time (s): cpu = 00:00:00 ; elapsed = 00:00:00 . Memory (MB): peak = 2519.156 ; gain = 0.000 ; free physical = 2237 ; free virtual = 17008
INFO: [Project 1-111] Unisim Transformation Summary:
No Unisim elements were transformed.

Synth Design complete, checksum: f64d4f42
INFO: [Common 17-83] Releasing license: Synthesis
49 Infos, 0 Warnings, 0 Critical Warnings and 0 Errors encountered.
synth_design completed successfully
synth_design: Time (s): cpu = 00:00:30 ; elapsed = 00:00:28 . Memory (MB): peak = 2519.156 ; gain = 64.031 ; free physical = 2378 ; free virtual = 17149
INFO: [Common 17-1381] The checkpoint '/home/user/Desktop/lab_2/lab_2.runs/zynq_interrupt_system_xbar_0_synth_1/zynq_interrupt_system_xbar_0.dcp' has been generated.
INFO: [Coretcl 2-1648] Added synthesis output to IP cache for IP zynq_interrupt_system_xbar_0, cache-ID = a2c053c21b2f0d5c
INFO: [Coretcl 2-1174] Renamed 7 cell refs.
INFO: [Common 17-1381] The checkpoint '/home/user/Desktop/lab_2/lab_2.runs/zynq_interrupt_system_xbar_0_synth_1/zynq_interrupt_system_xbar_0.dcp' has been generated.
INFO: [runtcl-4] Executing : report_utilization -file zynq_interrupt_system_xbar_0_utilization_synth.rpt -pb zynq_interrupt_system_xbar_0_utilization_synth.pb
INFO: [Common 17-206] Exiting Vivado at Wed Sep 16 19:52:40 2026...
