19:57:18 INFO  : Launching XSCT server: xsct -n  -interactive /home/user/Desktop/lab_3/Vitis/temp_xsdb_launch_script.tcl
19:57:18 INFO  : Platform repository initialization has completed.
19:57:18 INFO  : Registering command handlers for Vitis TCF services
19:57:21 INFO  : XSCT server has started successfully.
19:57:21 INFO  : Successfully done setting XSCT server connection channel  
19:57:21 INFO  : plnx-install-location is set to ''
19:57:21 INFO  : Successfully done query RDI_DATADIR 
19:57:21 INFO  : Successfully done setting workspace for the tool. 
19:58:13 INFO  : Result from executing command 'getProjects': zynq_keypad_system_wrapper
19:58:13 INFO  : Result from executing command 'getPlatforms': 
19:58:13 WARN  : An unexpected exception occurred in the module 'platform project logging'
19:58:13 INFO  : Platform 'zynq_keypad_system_wrapper' is added to custom repositories.
19:58:20 INFO  : Platform 'zynq_keypad_system_wrapper' is added to custom repositories.
19:59:10 INFO  : Connected to target on host '127.0.0.1' and port '3121'.
19:59:10 INFO  : 'targets -set -filter {jtag_cable_name =~ "Digilent Zybo 210279A42C4EA" && level==0 && jtag_device_ctx=="jsn-Zybo-210279A42C4EA-13722093-0"}' command is executed.
19:59:11 INFO  : Device configured successfully with "/home/user/Desktop/lab_3/Vitis/zynq_keypad/_ide/bitstream/zynq_keypad_system_wrapper.bit"
19:59:17 INFO  : Result from executing command 'removePlatformRepo': 
19:59:30 INFO  : Result from executing command 'getProjects': zynq_keypad_system_wrapper
19:59:30 INFO  : Result from executing command 'getPlatforms': 
19:59:33 INFO  : Checking for BSP changes to sync application flags for project 'zynq_keypad'...
20:01:27 INFO  : Connected to target on host '127.0.0.1' and port '3121'.
20:01:27 INFO  : Jtag cable 'Digilent Zybo 210279A42C4EA' is selected.
20:01:27 INFO  : 'jtag frequency' command is executed.
20:01:27 INFO  : Context for 'APU' is selected.
20:01:27 INFO  : System reset is completed.
20:01:30 INFO  : 'after 3000' command is executed.
20:01:30 INFO  : 'targets -set -filter {jtag_cable_name =~ "Digilent Zybo 210279A42C4EA" && level==0 && jtag_device_ctx=="jsn-Zybo-210279A42C4EA-13722093-0"}' command is executed.
20:01:32 INFO  : Device configured successfully with "/home/user/Desktop/lab_3/Vitis/zynq_keypad/_ide/bitstream/zynq_keypad_system_wrapper.bit"
20:01:32 INFO  : Context for 'APU' is selected.
20:01:32 INFO  : Hardware design and registers information is loaded from '/home/user/Desktop/lab_3/Vitis/zynq_keypad_system_wrapper/export/zynq_keypad_system_wrapper/hw/zynq_keypad_system_wrapper.xsa'.
20:01:32 INFO  : 'configparams force-mem-access 1' command is executed.
20:01:32 INFO  : Context for 'APU' is selected.
20:01:32 INFO  : Sourcing of '/home/user/Desktop/lab_3/Vitis/zynq_keypad/_ide/psinit/ps7_init.tcl' is done.
20:01:32 INFO  : 'ps7_init' command is executed.
20:01:32 INFO  : 'ps7_post_config' command is executed.
20:01:32 INFO  : Context for processor 'ps7_cortexa9_0' is selected.
20:01:32 INFO  : The application '/home/user/Desktop/lab_3/Vitis/zynq_keypad/Debug/zynq_keypad.elf' is downloaded to processor 'ps7_cortexa9_0'.
20:01:32 INFO  : 'configparams force-mem-access 0' command is executed.
20:01:32 INFO  : ----------------XSDB Script----------------
connect -url tcp:127.0.0.1:3121
targets -set -nocase -filter {name =~"APU*"}
rst -system
after 3000
targets -set -filter {jtag_cable_name =~ "Digilent Zybo 210279A42C4EA" && level==0 && jtag_device_ctx=="jsn-Zybo-210279A42C4EA-13722093-0"}
fpga -file /home/user/Desktop/lab_3/Vitis/zynq_keypad/_ide/bitstream/zynq_keypad_system_wrapper.bit
targets -set -nocase -filter {name =~"APU*"}
loadhw -hw /home/user/Desktop/lab_3/Vitis/zynq_keypad_system_wrapper/export/zynq_keypad_system_wrapper/hw/zynq_keypad_system_wrapper.xsa -mem-ranges [list {0x40000000 0xbfffffff}] -regs
configparams force-mem-access 1
targets -set -nocase -filter {name =~"APU*"}
source /home/user/Desktop/lab_3/Vitis/zynq_keypad/_ide/psinit/ps7_init.tcl
ps7_init
ps7_post_config
targets -set -nocase -filter {name =~ "*A9*#0"}
dow /home/user/Desktop/lab_3/Vitis/zynq_keypad/Debug/zynq_keypad.elf
configparams force-mem-access 0
----------------End of Script----------------

20:01:32 INFO  : Context for processor 'ps7_cortexa9_0' is selected.
20:01:32 INFO  : 'con' command is executed.
20:01:32 INFO  : ----------------XSDB Script (After Launch)----------------
targets -set -nocase -filter {name =~ "*A9*#0"}
con
----------------End of Script----------------

20:01:32 INFO  : Launch script is exported to file '/home/user/Desktop/lab_3/Vitis/zynq_keypad_system/_ide/scripts/systemdebugger_zynq_keypad_system_standalone.tcl'
20:13:48 INFO  : Result from executing command 'removePlatformRepo': 
20:14:08 INFO  : Result from executing command 'getProjects': zynq_keypad_system_wrapper
20:14:08 INFO  : Result from executing command 'getPlatforms': 
20:14:11 INFO  : Checking for BSP changes to sync application flags for project 'zynq_keypad'...
20:14:58 ERROR : XSCT server calls should not be made from TCF thread.
java.lang.RuntimeException: XSCT server calls should not be made from TCF thread.
	at com.xilinx.sdk.xsdb.XSDBCommandManager.issueAndWait(XSDBCommandManager.java:391)
	at com.xilinx.sdk.xsdb.XsdbCommandUtils.executeAndRespond(XsdbCommandUtils.java:325)
	at com.xilinx.sdk.hw.internal.HwPlatform.populateDesignProps(HwPlatform.java:522)
	at com.xilinx.sdk.hw.internal.HwPlatform.isZynq(HwPlatform.java:1102)
	at com.xilinx.sdk.hw.internal.HwPlatform.getArchFamily(HwPlatform.java:588)
	at com.xilinx.sdk.tcf.internal.debug.ui.common.BaseLaunchConfigModel.readCrossTriggerModel(BaseLaunchConfigModel.java:174)
	at com.xilinx.sdk.tcf.internal.debug.ui.common.BaseLaunchConfigModel.readAndSetAttributes(BaseLaunchConfigModel.java:156)
	at com.xilinx.sdx.sdsoc.debug.ui.SdsLaunchConfigModel.newInstance(SdsLaunchConfigModel.java:109)
	at com.xilinx.sdx.sdsoc.debug.launch.SdsTcfLaunchDelegate.createConfigModel(SdsTcfLaunchDelegate.java:85)
	at com.xilinx.sdx.sdsoc.debug.launch.SdsTcfLaunchDelegate.generateReports(SdsTcfLaunchDelegate.java:641)
	at com.xilinx.sdx.sdsoc.debug.launch.SdsTcfLaunchDelegate.onDisconnected(SdsTcfLaunchDelegate.java:615)
	at org.eclipse.tcf.internal.debug.ui.model.TCFModelManager$1.onDisconnected(TCFModelManager.java:79)
	at org.eclipse.tcf.internal.debug.model.TCFLaunch.onDisconnected(TCFLaunch.java:532)
	at org.eclipse.tcf.internal.debug.model.TCFLaunch$43.onChannelClosed(TCFLaunch.java:1643)
	at org.eclipse.tcf.core.AbstractChannel$9.run(AbstractChannel.java:858)
	at org.eclipse.tcf.EventQueue.run(EventQueue.java:98)
	at java.base/java.lang.Thread.run(Thread.java:834)
20:14:58 INFO  : Disconnected from the channel tcfchan#1.
20:14:58 INFO  : Connected to target on host '127.0.0.1' and port '3121'.
20:14:58 INFO  : Jtag cable 'Digilent Zybo 210279A42C4EA' is selected.
20:14:58 INFO  : 'jtag frequency' command is executed.
20:14:58 INFO  : Context for 'APU' is selected.
20:14:58 INFO  : System reset is completed.
20:15:01 INFO  : 'after 3000' command is executed.
20:15:01 INFO  : 'targets -set -filter {jtag_cable_name =~ "Digilent Zybo 210279A42C4EA" && level==0 && jtag_device_ctx=="jsn-Zybo-210279A42C4EA-13722093-0"}' command is executed.
20:15:03 INFO  : Device configured successfully with "/home/user/Desktop/lab_3/Vitis/zynq_keypad/_ide/bitstream/zynq_keypad_system_wrapper.bit"
20:15:03 INFO  : Context for 'APU' is selected.
20:15:03 INFO  : Hardware design and registers information is loaded from '/home/user/Desktop/lab_3/Vitis/zynq_keypad_system_wrapper/export/zynq_keypad_system_wrapper/hw/zynq_keypad_system_wrapper.xsa'.
20:15:03 INFO  : 'configparams force-mem-access 1' command is executed.
20:15:03 INFO  : Context for 'APU' is selected.
20:15:03 INFO  : Sourcing of '/home/user/Desktop/lab_3/Vitis/zynq_keypad/_ide/psinit/ps7_init.tcl' is done.
20:15:03 INFO  : 'ps7_init' command is executed.
20:15:03 INFO  : 'ps7_post_config' command is executed.
20:15:03 INFO  : Context for processor 'ps7_cortexa9_0' is selected.
20:15:03 INFO  : The application '/home/user/Desktop/lab_3/Vitis/zynq_keypad/Debug/zynq_keypad.elf' is downloaded to processor 'ps7_cortexa9_0'.
20:15:03 INFO  : 'configparams force-mem-access 0' command is executed.
20:15:03 INFO  : ----------------XSDB Script----------------
connect -url tcp:127.0.0.1:3121
targets -set -nocase -filter {name =~"APU*"}
rst -system
after 3000
targets -set -filter {jtag_cable_name =~ "Digilent Zybo 210279A42C4EA" && level==0 && jtag_device_ctx=="jsn-Zybo-210279A42C4EA-13722093-0"}
fpga -file /home/user/Desktop/lab_3/Vitis/zynq_keypad/_ide/bitstream/zynq_keypad_system_wrapper.bit
targets -set -nocase -filter {name =~"APU*"}
loadhw -hw /home/user/Desktop/lab_3/Vitis/zynq_keypad_system_wrapper/export/zynq_keypad_system_wrapper/hw/zynq_keypad_system_wrapper.xsa -mem-ranges [list {0x40000000 0xbfffffff}] -regs
configparams force-mem-access 1
targets -set -nocase -filter {name =~"APU*"}
source /home/user/Desktop/lab_3/Vitis/zynq_keypad/_ide/psinit/ps7_init.tcl
ps7_init
ps7_post_config
targets -set -nocase -filter {name =~ "*A9*#0"}
dow /home/user/Desktop/lab_3/Vitis/zynq_keypad/Debug/zynq_keypad.elf
configparams force-mem-access 0
----------------End of Script----------------

20:15:03 INFO  : Context for processor 'ps7_cortexa9_0' is selected.
20:15:03 INFO  : 'con' command is executed.
20:15:03 INFO  : ----------------XSDB Script (After Launch)----------------
targets -set -nocase -filter {name =~ "*A9*#0"}
con
----------------End of Script----------------

20:15:03 INFO  : Launch script is exported to file '/home/user/Desktop/lab_3/Vitis/zynq_keypad_system/_ide/scripts/systemdebugger_zynq_keypad_system_standalone.tcl'
20:18:15 INFO  : Result from executing command 'removePlatformRepo': 
20:18:32 INFO  : Result from executing command 'getProjects': zynq_keypad_system_wrapper
20:18:32 INFO  : Result from executing command 'getPlatforms': 
20:18:35 INFO  : Checking for BSP changes to sync application flags for project 'zynq_keypad'...
20:18:58 ERROR : XSCT server calls should not be made from TCF thread.
java.lang.RuntimeException: XSCT server calls should not be made from TCF thread.
	at com.xilinx.sdk.xsdb.XSDBCommandManager.issueAndWait(XSDBCommandManager.java:391)
	at com.xilinx.sdk.xsdb.XsdbCommandUtils.executeAndRespond(XsdbCommandUtils.java:325)
	at com.xilinx.sdk.hw.internal.HwPlatform.populateDesignProps(HwPlatform.java:522)
	at com.xilinx.sdk.hw.internal.HwPlatform.isZynq(HwPlatform.java:1102)
	at com.xilinx.sdk.hw.internal.HwPlatform.getArchFamily(HwPlatform.java:588)
	at com.xilinx.sdk.tcf.internal.debug.ui.common.BaseLaunchConfigModel.readCrossTriggerModel(BaseLaunchConfigModel.java:174)
	at com.xilinx.sdk.tcf.internal.debug.ui.common.BaseLaunchConfigModel.readAndSetAttributes(BaseLaunchConfigModel.java:156)
	at com.xilinx.sdx.sdsoc.debug.ui.SdsLaunchConfigModel.newInstance(SdsLaunchConfigModel.java:109)
	at com.xilinx.sdx.sdsoc.debug.launch.SdsTcfLaunchDelegate.createConfigModel(SdsTcfLaunchDelegate.java:85)
	at com.xilinx.sdx.sdsoc.debug.launch.SdsTcfLaunchDelegate.generateReports(SdsTcfLaunchDelegate.java:641)
	at com.xilinx.sdx.sdsoc.debug.launch.SdsTcfLaunchDelegate.onDisconnected(SdsTcfLaunchDelegate.java:615)
	at org.eclipse.tcf.internal.debug.ui.model.TCFModelManager$1.onDisconnected(TCFModelManager.java:79)
	at org.eclipse.tcf.internal.debug.model.TCFLaunch.onDisconnected(TCFLaunch.java:532)
	at org.eclipse.tcf.internal.debug.model.TCFLaunch$43.onChannelClosed(TCFLaunch.java:1643)
	at org.eclipse.tcf.core.AbstractChannel$9.run(AbstractChannel.java:858)
	at org.eclipse.tcf.EventQueue.run(EventQueue.java:98)
	at java.base/java.lang.Thread.run(Thread.java:834)
20:18:58 INFO  : Disconnected from the channel tcfchan#8.
20:18:58 INFO  : Connected to target on host '127.0.0.1' and port '3121'.
20:18:59 INFO  : Jtag cable 'Digilent Zybo 210279A42C4EA' is selected.
20:18:59 INFO  : 'jtag frequency' command is executed.
20:18:59 INFO  : Context for 'APU' is selected.
20:18:59 INFO  : System reset is completed.
20:19:02 INFO  : 'after 3000' command is executed.
20:19:02 INFO  : 'targets -set -filter {jtag_cable_name =~ "Digilent Zybo 210279A42C4EA" && level==0 && jtag_device_ctx=="jsn-Zybo-210279A42C4EA-13722093-0"}' command is executed.
20:19:03 INFO  : Device configured successfully with "/home/user/Desktop/lab_3/Vitis/zynq_keypad/_ide/bitstream/zynq_keypad_system_wrapper.bit"
20:19:03 INFO  : Context for 'APU' is selected.
20:19:03 INFO  : Hardware design and registers information is loaded from '/home/user/Desktop/lab_3/Vitis/zynq_keypad_system_wrapper/export/zynq_keypad_system_wrapper/hw/zynq_keypad_system_wrapper.xsa'.
20:19:03 INFO  : 'configparams force-mem-access 1' command is executed.
20:19:03 INFO  : Context for 'APU' is selected.
20:19:03 INFO  : Sourcing of '/home/user/Desktop/lab_3/Vitis/zynq_keypad/_ide/psinit/ps7_init.tcl' is done.
20:19:03 INFO  : 'ps7_init' command is executed.
20:19:03 INFO  : 'ps7_post_config' command is executed.
20:19:03 INFO  : Context for processor 'ps7_cortexa9_0' is selected.
20:19:03 INFO  : The application '/home/user/Desktop/lab_3/Vitis/zynq_keypad/Debug/zynq_keypad.elf' is downloaded to processor 'ps7_cortexa9_0'.
20:19:03 INFO  : 'configparams force-mem-access 0' command is executed.
20:19:03 INFO  : ----------------XSDB Script----------------
connect -url tcp:127.0.0.1:3121
targets -set -nocase -filter {name =~"APU*"}
rst -system
after 3000
targets -set -filter {jtag_cable_name =~ "Digilent Zybo 210279A42C4EA" && level==0 && jtag_device_ctx=="jsn-Zybo-210279A42C4EA-13722093-0"}
fpga -file /home/user/Desktop/lab_3/Vitis/zynq_keypad/_ide/bitstream/zynq_keypad_system_wrapper.bit
targets -set -nocase -filter {name =~"APU*"}
loadhw -hw /home/user/Desktop/lab_3/Vitis/zynq_keypad_system_wrapper/export/zynq_keypad_system_wrapper/hw/zynq_keypad_system_wrapper.xsa -mem-ranges [list {0x40000000 0xbfffffff}] -regs
configparams force-mem-access 1
targets -set -nocase -filter {name =~"APU*"}
source /home/user/Desktop/lab_3/Vitis/zynq_keypad/_ide/psinit/ps7_init.tcl
ps7_init
ps7_post_config
targets -set -nocase -filter {name =~ "*A9*#0"}
dow /home/user/Desktop/lab_3/Vitis/zynq_keypad/Debug/zynq_keypad.elf
configparams force-mem-access 0
----------------End of Script----------------

20:19:03 INFO  : Context for processor 'ps7_cortexa9_0' is selected.
20:19:04 INFO  : 'con' command is executed.
20:19:04 INFO  : ----------------XSDB Script (After Launch)----------------
targets -set -nocase -filter {name =~ "*A9*#0"}
con
----------------End of Script----------------

20:19:04 INFO  : Launch script is exported to file '/home/user/Desktop/lab_3/Vitis/zynq_keypad_system/_ide/scripts/systemdebugger_zynq_keypad_system_standalone.tcl'
20:33:33 INFO  : Checking for BSP changes to sync application flags for project 'zynq_keypad'...
20:34:08 INFO  : Disconnected from the channel tcfchan#12.
20:34:09 INFO  : Connected to target on host '127.0.0.1' and port '3121'.
20:34:18 INFO  : ----------------XSDB Script----------------
connect -url tcp:127.0.0.1:3121
----------------End of Script----------------

20:34:18 ERROR : Could not find FPGA device on the board for connection 'Local'.


Troubleshooting hints:
1. Check whether board is connected to system properly.
2. In case of zynq board, check whether Digilent/Xilinx cable switch settings are correct.
3. If you are using Xilinx Platform Cable USB, ensure that status LED is green.
20:34:38 INFO  : Result from executing command 'removePlatformRepo': 
20:36:13 INFO  : Result from executing command 'getProjects': zynq_keypad_system_wrapper
20:36:13 INFO  : Result from executing command 'getPlatforms': 
20:36:16 INFO  : Checking for BSP changes to sync application flags for project 'zynq_keypad'...
20:36:25 INFO  : Connected to target on host '127.0.0.1' and port '3121'.
20:36:25 INFO  : Jtag cable 'Digilent Zybo 210279A42C4EA' is selected.
20:36:25 INFO  : 'jtag frequency' command is executed.
20:36:25 INFO  : Context for 'APU' is selected.
20:36:25 INFO  : System reset is completed.
20:36:28 INFO  : 'after 3000' command is executed.
20:36:29 INFO  : 'targets -set -filter {jtag_cable_name =~ "Digilent Zybo 210279A42C4EA" && level==0 && jtag_device_ctx=="jsn-Zybo-210279A42C4EA-13722093-0"}' command is executed.
20:36:30 INFO  : Device configured successfully with "/home/user/Desktop/lab_3/Vitis/zynq_keypad/_ide/bitstream/zynq_keypad_system_wrapper.bit"
20:36:30 INFO  : Context for 'APU' is selected.
20:36:30 INFO  : Hardware design and registers information is loaded from '/home/user/Desktop/lab_3/Vitis/zynq_keypad_system_wrapper/export/zynq_keypad_system_wrapper/hw/zynq_keypad_system_wrapper.xsa'.
20:36:30 INFO  : 'configparams force-mem-access 1' command is executed.
20:36:30 INFO  : Context for 'APU' is selected.
20:36:30 INFO  : Sourcing of '/home/user/Desktop/lab_3/Vitis/zynq_keypad/_ide/psinit/ps7_init.tcl' is done.
20:36:30 INFO  : 'ps7_init' command is executed.
20:36:30 INFO  : 'ps7_post_config' command is executed.
20:36:30 INFO  : Context for processor 'ps7_cortexa9_0' is selected.
20:36:30 INFO  : The application '/home/user/Desktop/lab_3/Vitis/zynq_keypad/Debug/zynq_keypad.elf' is downloaded to processor 'ps7_cortexa9_0'.
20:36:30 INFO  : 'configparams force-mem-access 0' command is executed.
20:36:30 INFO  : ----------------XSDB Script----------------
connect -url tcp:127.0.0.1:3121
targets -set -nocase -filter {name =~"APU*"}
rst -system
after 3000
targets -set -filter {jtag_cable_name =~ "Digilent Zybo 210279A42C4EA" && level==0 && jtag_device_ctx=="jsn-Zybo-210279A42C4EA-13722093-0"}
fpga -file /home/user/Desktop/lab_3/Vitis/zynq_keypad/_ide/bitstream/zynq_keypad_system_wrapper.bit
targets -set -nocase -filter {name =~"APU*"}
loadhw -hw /home/user/Desktop/lab_3/Vitis/zynq_keypad_system_wrapper/export/zynq_keypad_system_wrapper/hw/zynq_keypad_system_wrapper.xsa -mem-ranges [list {0x40000000 0xbfffffff}] -regs
configparams force-mem-access 1
targets -set -nocase -filter {name =~"APU*"}
source /home/user/Desktop/lab_3/Vitis/zynq_keypad/_ide/psinit/ps7_init.tcl
ps7_init
ps7_post_config
targets -set -nocase -filter {name =~ "*A9*#0"}
dow /home/user/Desktop/lab_3/Vitis/zynq_keypad/Debug/zynq_keypad.elf
configparams force-mem-access 0
----------------End of Script----------------

20:36:30 INFO  : Context for processor 'ps7_cortexa9_0' is selected.
20:36:30 INFO  : 'con' command is executed.
20:36:30 INFO  : ----------------XSDB Script (After Launch)----------------
targets -set -nocase -filter {name =~ "*A9*#0"}
con
----------------End of Script----------------

20:36:30 INFO  : Launch script is exported to file '/home/user/Desktop/lab_3/Vitis/zynq_keypad_system/_ide/scripts/debugger_zynq_keypad-default.tcl'
20:54:01 INFO  : Checking for BSP changes to sync application flags for project 'zynq_keypad'...
20:54:51 INFO  : Disconnected from the channel tcfchan#13.
20:54:52 INFO  : Connected to target on host '127.0.0.1' and port '3121'.
20:54:52 INFO  : Jtag cable 'Digilent Zybo 210279A42C4EA' is selected.
20:54:52 ERROR : port closed
20:54:52 INFO  : ----------------XSDB Script----------------
connect -url tcp:127.0.0.1:3121
----------------End of Script----------------

20:54:52 ERROR : port closed
20:55:16 INFO  : Result from executing command 'removePlatformRepo': 
20:55:32 INFO  : Result from executing command 'getProjects': zynq_keypad_system_wrapper
20:55:32 INFO  : Result from executing command 'getPlatforms': 
20:55:35 INFO  : Checking for BSP changes to sync application flags for project 'zynq_keypad'...
