
*** Running vivado
    with args -log zynq_keypad_system_PmodKYPD_0_0.vds -m64 -product Vivado -mode batch -messageDb vivado.pb -notrace -source zynq_keypad_system_PmodKYPD_0_0.tcl


****** Vivado v2021.1 (64-bit)
  **** SW Build 3247384 on Thu Jun 10 19:36:07 MDT 2021
  **** IP Build 3246043 on Fri Jun 11 00:30:35 MDT 2021
    ** Copyright 1986-2021 Xilinx, Inc. All Rights Reserved.

source zynq_keypad_system_PmodKYPD_0_0.tcl -notrace
INFO: [IP_Flow 19-234] Refreshing IP repositories
INFO: [IP_Flow 19-1700] Loaded user IP repository '/home/software/digilent'.
INFO: [IP_Flow 19-2313] Loaded Vivado IP repository '/home/software/Xilinx/Vivado/2021.1/data/ip'.
Command: synth_design -top zynq_keypad_system_PmodKYPD_0_0 -part xc7z010clg400-1 -mode out_of_context
Starting synth_design
Attempting to get a license for feature 'Synthesis' and/or device 'xc7z010'
INFO: [Common 17-349] Got license for feature 'Synthesis' and/or device 'xc7z010'
INFO: [Device 21-403] Loading part xc7z010clg400-1
INFO: [Synth 8-7079] Multithreading enabled for synth_design using a maximum of 4 processes.
INFO: [Synth 8-7078] Launching helper process for spawning children vivado processes
INFO: [Synth 8-7075] Helper process launched with PID 28318
---------------------------------------------------------------------------------
Starting RTL Elaboration : Time (s): cpu = 00:00:04 ; elapsed = 00:00:05 . Memory (MB): peak = 2465.230 ; gain = 0.000 ; free physical = 1274 ; free virtual = 19024
---------------------------------------------------------------------------------
INFO: [Synth 8-6157] synthesizing module 'zynq_keypad_system_PmodKYPD_0_0' [/home/user/Desktop/lab_3/lab_3.gen/sources_1/bd/zynq_keypad_system/ip/zynq_keypad_system_PmodKYPD_0_0/synth/zynq_keypad_system_PmodKYPD_0_0.v:56]
INFO: [Synth 8-6157] synthesizing module 'PmodKYPD' [/home/user/Desktop/lab_3/lab_3.gen/sources_1/bd/zynq_keypad_system/ipshared/c850/src/PmodKYPD.v:12]
INFO: [Synth 8-638] synthesizing module 'PmodKYPD_axi_gpio_0_0' [/home/user/Desktop/lab_3/lab_3.gen/sources_1/bd/zynq_keypad_system/ip/zynq_keypad_system_PmodKYPD_0_0/src/PmodKYPD_axi_gpio_0_0/synth/PmodKYPD_axi_gpio_0_0.vhd:86]
	Parameter C_FAMILY bound to: zynq - type: string 
	Parameter C_S_AXI_ADDR_WIDTH bound to: 9 - type: integer 
	Parameter C_S_AXI_DATA_WIDTH bound to: 32 - type: integer 
	Parameter C_GPIO_WIDTH bound to: 8 - type: integer 
	Parameter C_GPIO2_WIDTH bound to: 32 - type: integer 
	Parameter C_ALL_INPUTS bound to: 0 - type: integer 
	Parameter C_ALL_INPUTS_2 bound to: 0 - type: integer 
	Parameter C_ALL_OUTPUTS bound to: 0 - type: integer 
	Parameter C_ALL_OUTPUTS_2 bound to: 0 - type: integer 
	Parameter C_INTERRUPT_PRESENT bound to: 0 - type: integer 
	Parameter C_DOUT_DEFAULT bound to: 32'b00000000000000000000000000000000 
	Parameter C_TRI_DEFAULT bound to: 32'b11111111111111111111111111111111 
	Parameter C_IS_DUAL bound to: 0 - type: integer 
	Parameter C_DOUT_DEFAULT_2 bound to: 32'b00000000000000000000000000000000 
	Parameter C_TRI_DEFAULT_2 bound to: 32'b11111111111111111111111111111111 
INFO: [Synth 8-3491] module 'axi_gpio' declared at '/home/user/Desktop/lab_3/lab_3.gen/sources_1/bd/zynq_keypad_system/ip/zynq_keypad_system_PmodKYPD_0_0/src/PmodKYPD_axi_gpio_0_0/hdl/axi_gpio_v2_0_vh_rfs.vhd:1265' bound to instance 'U0' of component 'axi_gpio' [/home/user/Desktop/lab_3/lab_3.gen/sources_1/bd/zynq_keypad_system/ip/zynq_keypad_system_PmodKYPD_0_0/src/PmodKYPD_axi_gpio_0_0/synth/PmodKYPD_axi_gpio_0_0.vhd:172]
INFO: [Synth 8-638] synthesizing module 'axi_gpio' [/home/user/Desktop/lab_3/lab_3.gen/sources_1/bd/zynq_keypad_system/ip/zynq_keypad_system_PmodKYPD_0_0/src/PmodKYPD_axi_gpio_0_0/hdl/axi_gpio_v2_0_vh_rfs.vhd:1351]
INFO: [Synth 8-638] synthesizing module 'axi_lite_ipif' [/home/user/Desktop/lab_3/lab_3.gen/sources_1/bd/zynq_keypad_system/ip/zynq_keypad_system_PmodKYPD_0_0/src/PmodKYPD_axi_gpio_0_0/hdl/axi_lite_ipif_v3_0_vh_rfs.vhd:2948]
INFO: [Synth 8-638] synthesizing module 'slave_attachment' [/home/user/Desktop/lab_3/lab_3.gen/sources_1/bd/zynq_keypad_system/ip/zynq_keypad_system_PmodKYPD_0_0/src/PmodKYPD_axi_gpio_0_0/hdl/axi_lite_ipif_v3_0_vh_rfs.vhd:2341]
INFO: [Synth 8-638] synthesizing module 'address_decoder' [/home/user/Desktop/lab_3/lab_3.gen/sources_1/bd/zynq_keypad_system/ip/zynq_keypad_system_PmodKYPD_0_0/src/PmodKYPD_axi_gpio_0_0/hdl/axi_lite_ipif_v3_0_vh_rfs.vhd:1775]
INFO: [Synth 8-638] synthesizing module 'pselect_f' [/home/user/Desktop/lab_3/lab_3.gen/sources_1/bd/zynq_keypad_system/ip/zynq_keypad_system_PmodKYPD_0_0/src/PmodKYPD_axi_gpio_0_0/hdl/axi_lite_ipif_v3_0_vh_rfs.vhd:1534]
INFO: [Synth 8-256] done synthesizing module 'pselect_f' (1#1) [/home/user/Desktop/lab_3/lab_3.gen/sources_1/bd/zynq_keypad_system/ip/zynq_keypad_system_PmodKYPD_0_0/src/PmodKYPD_axi_gpio_0_0/hdl/axi_lite_ipif_v3_0_vh_rfs.vhd:1534]
INFO: [Synth 8-638] synthesizing module 'pselect_f__parameterized0' [/home/user/Desktop/lab_3/lab_3.gen/sources_1/bd/zynq_keypad_system/ip/zynq_keypad_system_PmodKYPD_0_0/src/PmodKYPD_axi_gpio_0_0/hdl/axi_lite_ipif_v3_0_vh_rfs.vhd:1534]
INFO: [Synth 8-256] done synthesizing module 'pselect_f__parameterized0' (1#1) [/home/user/Desktop/lab_3/lab_3.gen/sources_1/bd/zynq_keypad_system/ip/zynq_keypad_system_PmodKYPD_0_0/src/PmodKYPD_axi_gpio_0_0/hdl/axi_lite_ipif_v3_0_vh_rfs.vhd:1534]
INFO: [Synth 8-638] synthesizing module 'pselect_f__parameterized1' [/home/user/Desktop/lab_3/lab_3.gen/sources_1/bd/zynq_keypad_system/ip/zynq_keypad_system_PmodKYPD_0_0/src/PmodKYPD_axi_gpio_0_0/hdl/axi_lite_ipif_v3_0_vh_rfs.vhd:1534]
INFO: [Synth 8-256] done synthesizing module 'pselect_f__parameterized1' (1#1) [/home/user/Desktop/lab_3/lab_3.gen/sources_1/bd/zynq_keypad_system/ip/zynq_keypad_system_PmodKYPD_0_0/src/PmodKYPD_axi_gpio_0_0/hdl/axi_lite_ipif_v3_0_vh_rfs.vhd:1534]
INFO: [Synth 8-638] synthesizing module 'pselect_f__parameterized2' [/home/user/Desktop/lab_3/lab_3.gen/sources_1/bd/zynq_keypad_system/ip/zynq_keypad_system_PmodKYPD_0_0/src/PmodKYPD_axi_gpio_0_0/hdl/axi_lite_ipif_v3_0_vh_rfs.vhd:1534]
INFO: [Synth 8-256] done synthesizing module 'pselect_f__parameterized2' (1#1) [/home/user/Desktop/lab_3/lab_3.gen/sources_1/bd/zynq_keypad_system/ip/zynq_keypad_system_PmodKYPD_0_0/src/PmodKYPD_axi_gpio_0_0/hdl/axi_lite_ipif_v3_0_vh_rfs.vhd:1534]
INFO: [Synth 8-256] done synthesizing module 'address_decoder' (2#1) [/home/user/Desktop/lab_3/lab_3.gen/sources_1/bd/zynq_keypad_system/ip/zynq_keypad_system_PmodKYPD_0_0/src/PmodKYPD_axi_gpio_0_0/hdl/axi_lite_ipif_v3_0_vh_rfs.vhd:1775]
INFO: [Synth 8-226] default block is never used [/home/user/Desktop/lab_3/lab_3.gen/sources_1/bd/zynq_keypad_system/ip/zynq_keypad_system_PmodKYPD_0_0/src/PmodKYPD_axi_gpio_0_0/hdl/axi_lite_ipif_v3_0_vh_rfs.vhd:2550]
INFO: [Synth 8-256] done synthesizing module 'slave_attachment' (3#1) [/home/user/Desktop/lab_3/lab_3.gen/sources_1/bd/zynq_keypad_system/ip/zynq_keypad_system_PmodKYPD_0_0/src/PmodKYPD_axi_gpio_0_0/hdl/axi_lite_ipif_v3_0_vh_rfs.vhd:2341]
INFO: [Synth 8-256] done synthesizing module 'axi_lite_ipif' (4#1) [/home/user/Desktop/lab_3/lab_3.gen/sources_1/bd/zynq_keypad_system/ip/zynq_keypad_system_PmodKYPD_0_0/src/PmodKYPD_axi_gpio_0_0/hdl/axi_lite_ipif_v3_0_vh_rfs.vhd:2948]
INFO: [Synth 8-638] synthesizing module 'GPIO_Core' [/home/user/Desktop/lab_3/lab_3.gen/sources_1/bd/zynq_keypad_system/ip/zynq_keypad_system_PmodKYPD_0_0/src/PmodKYPD_axi_gpio_0_0/hdl/axi_gpio_v2_0_vh_rfs.vhd:178]
INFO: [Synth 8-226] default block is never used [/home/user/Desktop/lab_3/lab_3.gen/sources_1/bd/zynq_keypad_system/ip/zynq_keypad_system_PmodKYPD_0_0/src/PmodKYPD_axi_gpio_0_0/hdl/axi_gpio_v2_0_vh_rfs.vhd:443]
INFO: [Synth 8-638] synthesizing module 'cdc_sync' [/home/user/Desktop/lab_3/lab_3.gen/sources_1/bd/zynq_keypad_system/ip/zynq_keypad_system_PmodKYPD_0_0/src/PmodKYPD_axi_gpio_0_0/hdl/lib_cdc_v1_0_rfs.vhd:106]
	Parameter INIT bound to: 1'b0 
INFO: [Synth 8-113] binding component instance 'CROSS2_PLEVEL_IN2SCNDRY_IN_cdc_to' to cell 'FDR' [/home/user/Desktop/lab_3/lab_3.gen/sources_1/bd/zynq_keypad_system/ip/zynq_keypad_system_PmodKYPD_0_0/src/PmodKYPD_axi_gpio_0_0/hdl/lib_cdc_v1_0_rfs.vhd:736]
	Parameter INIT bound to: 1'b0 
INFO: [Synth 8-113] binding component instance 'CROSS2_PLEVEL_IN2SCNDRY_IN_cdc_to' to cell 'FDR' [/home/user/Desktop/lab_3/lab_3.gen/sources_1/bd/zynq_keypad_system/ip/zynq_keypad_system_PmodKYPD_0_0/src/PmodKYPD_axi_gpio_0_0/hdl/lib_cdc_v1_0_rfs.vhd:736]
	Parameter INIT bound to: 1'b0 
INFO: [Synth 8-113] binding component instance 'CROSS2_PLEVEL_IN2SCNDRY_IN_cdc_to' to cell 'FDR' [/home/user/Desktop/lab_3/lab_3.gen/sources_1/bd/zynq_keypad_system/ip/zynq_keypad_system_PmodKYPD_0_0/src/PmodKYPD_axi_gpio_0_0/hdl/lib_cdc_v1_0_rfs.vhd:736]
	Parameter INIT bound to: 1'b0 
INFO: [Synth 8-113] binding component instance 'CROSS2_PLEVEL_IN2SCNDRY_IN_cdc_to' to cell 'FDR' [/home/user/Desktop/lab_3/lab_3.gen/sources_1/bd/zynq_keypad_system/ip/zynq_keypad_system_PmodKYPD_0_0/src/PmodKYPD_axi_gpio_0_0/hdl/lib_cdc_v1_0_rfs.vhd:736]
	Parameter INIT bound to: 1'b0 
INFO: [Synth 8-113] binding component instance 'CROSS2_PLEVEL_IN2SCNDRY_IN_cdc_to' to cell 'FDR' [/home/user/Desktop/lab_3/lab_3.gen/sources_1/bd/zynq_keypad_system/ip/zynq_keypad_system_PmodKYPD_0_0/src/PmodKYPD_axi_gpio_0_0/hdl/lib_cdc_v1_0_rfs.vhd:736]
	Parameter INIT bound to: 1'b0 
INFO: [Synth 8-113] binding component instance 'CROSS2_PLEVEL_IN2SCNDRY_IN_cdc_to' to cell 'FDR' [/home/user/Desktop/lab_3/lab_3.gen/sources_1/bd/zynq_keypad_system/ip/zynq_keypad_system_PmodKYPD_0_0/src/PmodKYPD_axi_gpio_0_0/hdl/lib_cdc_v1_0_rfs.vhd:736]
	Parameter INIT bound to: 1'b0 
INFO: [Synth 8-113] binding component instance 'CROSS2_PLEVEL_IN2SCNDRY_IN_cdc_to' to cell 'FDR' [/home/user/Desktop/lab_3/lab_3.gen/sources_1/bd/zynq_keypad_system/ip/zynq_keypad_system_PmodKYPD_0_0/src/PmodKYPD_axi_gpio_0_0/hdl/lib_cdc_v1_0_rfs.vhd:736]
	Parameter INIT bound to: 1'b0 
INFO: [Synth 8-113] binding component instance 'CROSS2_PLEVEL_IN2SCNDRY_IN_cdc_to' to cell 'FDR' [/home/user/Desktop/lab_3/lab_3.gen/sources_1/bd/zynq_keypad_system/ip/zynq_keypad_system_PmodKYPD_0_0/src/PmodKYPD_axi_gpio_0_0/hdl/lib_cdc_v1_0_rfs.vhd:736]
	Parameter INIT bound to: 1'b0 
INFO: [Synth 8-113] binding component instance 'CROSS2_PLEVEL_IN2SCNDRY_s_level_out_bus_d2' to cell 'FDR' [/home/user/Desktop/lab_3/lab_3.gen/sources_1/bd/zynq_keypad_system/ip/zynq_keypad_system_PmodKYPD_0_0/src/PmodKYPD_axi_gpio_0_0/hdl/lib_cdc_v1_0_rfs.vhd:772]
	Parameter INIT bound to: 1'b0 
INFO: [Synth 8-113] binding component instance 'CROSS2_PLEVEL_IN2SCNDRY_s_level_out_bus_d2' to cell 'FDR' [/home/user/Desktop/lab_3/lab_3.gen/sources_1/bd/zynq_keypad_system/ip/zynq_keypad_system_PmodKYPD_0_0/src/PmodKYPD_axi_gpio_0_0/hdl/lib_cdc_v1_0_rfs.vhd:772]
	Parameter INIT bound to: 1'b0 
INFO: [Synth 8-113] binding component instance 'CROSS2_PLEVEL_IN2SCNDRY_s_level_out_bus_d2' to cell 'FDR' [/home/user/Desktop/lab_3/lab_3.gen/sources_1/bd/zynq_keypad_system/ip/zynq_keypad_system_PmodKYPD_0_0/src/PmodKYPD_axi_gpio_0_0/hdl/lib_cdc_v1_0_rfs.vhd:772]
	Parameter INIT bound to: 1'b0 
INFO: [Synth 8-113] binding component instance 'CROSS2_PLEVEL_IN2SCNDRY_s_level_out_bus_d2' to cell 'FDR' [/home/user/Desktop/lab_3/lab_3.gen/sources_1/bd/zynq_keypad_system/ip/zynq_keypad_system_PmodKYPD_0_0/src/PmodKYPD_axi_gpio_0_0/hdl/lib_cdc_v1_0_rfs.vhd:772]
	Parameter INIT bound to: 1'b0 
INFO: [Synth 8-113] binding component instance 'CROSS2_PLEVEL_IN2SCNDRY_s_level_out_bus_d2' to cell 'FDR' [/home/user/Desktop/lab_3/lab_3.gen/sources_1/bd/zynq_keypad_system/ip/zynq_keypad_system_PmodKYPD_0_0/src/PmodKYPD_axi_gpio_0_0/hdl/lib_cdc_v1_0_rfs.vhd:772]
	Parameter INIT bound to: 1'b0 
INFO: [Synth 8-113] binding component instance 'CROSS2_PLEVEL_IN2SCNDRY_s_level_out_bus_d2' to cell 'FDR' [/home/user/Desktop/lab_3/lab_3.gen/sources_1/bd/zynq_keypad_system/ip/zynq_keypad_system_PmodKYPD_0_0/src/PmodKYPD_axi_gpio_0_0/hdl/lib_cdc_v1_0_rfs.vhd:772]
	Parameter INIT bound to: 1'b0 
INFO: [Synth 8-113] binding component instance 'CROSS2_PLEVEL_IN2SCNDRY_s_level_out_bus_d2' to cell 'FDR' [/home/user/Desktop/lab_3/lab_3.gen/sources_1/bd/zynq_keypad_system/ip/zynq_keypad_system_PmodKYPD_0_0/src/PmodKYPD_axi_gpio_0_0/hdl/lib_cdc_v1_0_rfs.vhd:772]
	Parameter INIT bound to: 1'b0 
INFO: [Synth 8-113] binding component instance 'CROSS2_PLEVEL_IN2SCNDRY_s_level_out_bus_d2' to cell 'FDR' [/home/user/Desktop/lab_3/lab_3.gen/sources_1/bd/zynq_keypad_system/ip/zynq_keypad_system_PmodKYPD_0_0/src/PmodKYPD_axi_gpio_0_0/hdl/lib_cdc_v1_0_rfs.vhd:772]
	Parameter INIT bound to: 1'b0 
INFO: [Synth 8-113] binding component instance 'CROSS2_PLEVEL_IN2SCNDRY_s_level_out_bus_d3' to cell 'FDR' [/home/user/Desktop/lab_3/lab_3.gen/sources_1/bd/zynq_keypad_system/ip/zynq_keypad_system_PmodKYPD_0_0/src/PmodKYPD_axi_gpio_0_0/hdl/lib_cdc_v1_0_rfs.vhd:788]
	Parameter INIT bound to: 1'b0 
INFO: [Synth 8-113] binding component instance 'CROSS2_PLEVEL_IN2SCNDRY_s_level_out_bus_d3' to cell 'FDR' [/home/user/Desktop/lab_3/lab_3.gen/sources_1/bd/zynq_keypad_system/ip/zynq_keypad_system_PmodKYPD_0_0/src/PmodKYPD_axi_gpio_0_0/hdl/lib_cdc_v1_0_rfs.vhd:788]
	Parameter INIT bound to: 1'b0 
INFO: [Synth 8-113] binding component instance 'CROSS2_PLEVEL_IN2SCNDRY_s_level_out_bus_d3' to cell 'FDR' [/home/user/Desktop/lab_3/lab_3.gen/sources_1/bd/zynq_keypad_system/ip/zynq_keypad_system_PmodKYPD_0_0/src/PmodKYPD_axi_gpio_0_0/hdl/lib_cdc_v1_0_rfs.vhd:788]
	Parameter INIT bound to: 1'b0 
INFO: [Synth 8-113] binding component instance 'CROSS2_PLEVEL_IN2SCNDRY_s_level_out_bus_d3' to cell 'FDR' [/home/user/Desktop/lab_3/lab_3.gen/sources_1/bd/zynq_keypad_system/ip/zynq_keypad_system_PmodKYPD_0_0/src/PmodKYPD_axi_gpio_0_0/hdl/lib_cdc_v1_0_rfs.vhd:788]
	Parameter INIT bound to: 1'b0 
INFO: [Synth 8-113] binding component instance 'CROSS2_PLEVEL_IN2SCNDRY_s_level_out_bus_d3' to cell 'FDR' [/home/user/Desktop/lab_3/lab_3.gen/sources_1/bd/zynq_keypad_system/ip/zynq_keypad_system_PmodKYPD_0_0/src/PmodKYPD_axi_gpio_0_0/hdl/lib_cdc_v1_0_rfs.vhd:788]
	Parameter INIT bound to: 1'b0 
INFO: [Synth 8-113] binding component instance 'CROSS2_PLEVEL_IN2SCNDRY_s_level_out_bus_d3' to cell 'FDR' [/home/user/Desktop/lab_3/lab_3.gen/sources_1/bd/zynq_keypad_system/ip/zynq_keypad_system_PmodKYPD_0_0/src/PmodKYPD_axi_gpio_0_0/hdl/lib_cdc_v1_0_rfs.vhd:788]
	Parameter INIT bound to: 1'b0 
INFO: [Synth 8-113] binding component instance 'CROSS2_PLEVEL_IN2SCNDRY_s_level_out_bus_d3' to cell 'FDR' [/home/user/Desktop/lab_3/lab_3.gen/sources_1/bd/zynq_keypad_system/ip/zynq_keypad_system_PmodKYPD_0_0/src/PmodKYPD_axi_gpio_0_0/hdl/lib_cdc_v1_0_rfs.vhd:788]
	Parameter INIT bound to: 1'b0 
INFO: [Synth 8-113] binding component instance 'CROSS2_PLEVEL_IN2SCNDRY_s_level_out_bus_d3' to cell 'FDR' [/home/user/Desktop/lab_3/lab_3.gen/sources_1/bd/zynq_keypad_system/ip/zynq_keypad_system_PmodKYPD_0_0/src/PmodKYPD_axi_gpio_0_0/hdl/lib_cdc_v1_0_rfs.vhd:788]
	Parameter INIT bound to: 1'b0 
INFO: [Synth 8-113] binding component instance 'CROSS2_PLEVEL_IN2SCNDRY_s_level_out_bus_d4' to cell 'FDR' [/home/user/Desktop/lab_3/lab_3.gen/sources_1/bd/zynq_keypad_system/ip/zynq_keypad_system_PmodKYPD_0_0/src/PmodKYPD_axi_gpio_0_0/hdl/lib_cdc_v1_0_rfs.vhd:804]
	Parameter INIT bound to: 1'b0 
INFO: [Synth 8-113] binding component instance 'CROSS2_PLEVEL_IN2SCNDRY_s_level_out_bus_d4' to cell 'FDR' [/home/user/Desktop/lab_3/lab_3.gen/sources_1/bd/zynq_keypad_system/ip/zynq_keypad_system_PmodKYPD_0_0/src/PmodKYPD_axi_gpio_0_0/hdl/lib_cdc_v1_0_rfs.vhd:804]
	Parameter INIT bound to: 1'b0 
INFO: [Synth 8-113] binding component instance 'CROSS2_PLEVEL_IN2SCNDRY_s_level_out_bus_d4' to cell 'FDR' [/home/user/Desktop/lab_3/lab_3.gen/sources_1/bd/zynq_keypad_system/ip/zynq_keypad_system_PmodKYPD_0_0/src/PmodKYPD_axi_gpio_0_0/hdl/lib_cdc_v1_0_rfs.vhd:804]
	Parameter INIT bound to: 1'b0 
INFO: [Synth 8-113] binding component instance 'CROSS2_PLEVEL_IN2SCNDRY_s_level_out_bus_d4' to cell 'FDR' [/home/user/Desktop/lab_3/lab_3.gen/sources_1/bd/zynq_keypad_system/ip/zynq_keypad_system_PmodKYPD_0_0/src/PmodKYPD_axi_gpio_0_0/hdl/lib_cdc_v1_0_rfs.vhd:804]
	Parameter INIT bound to: 1'b0 
INFO: [Synth 8-113] binding component instance 'CROSS2_PLEVEL_IN2SCNDRY_s_level_out_bus_d4' to cell 'FDR' [/home/user/Desktop/lab_3/lab_3.gen/sources_1/bd/zynq_keypad_system/ip/zynq_keypad_system_PmodKYPD_0_0/src/PmodKYPD_axi_gpio_0_0/hdl/lib_cdc_v1_0_rfs.vhd:804]
	Parameter INIT bound to: 1'b0 
INFO: [Synth 8-113] binding component instance 'CROSS2_PLEVEL_IN2SCNDRY_s_level_out_bus_d4' to cell 'FDR' [/home/user/Desktop/lab_3/lab_3.gen/sources_1/bd/zynq_keypad_system/ip/zynq_keypad_system_PmodKYPD_0_0/src/PmodKYPD_axi_gpio_0_0/hdl/lib_cdc_v1_0_rfs.vhd:804]
	Parameter INIT bound to: 1'b0 
INFO: [Synth 8-113] binding component instance 'CROSS2_PLEVEL_IN2SCNDRY_s_level_out_bus_d4' to cell 'FDR' [/home/user/Desktop/lab_3/lab_3.gen/sources_1/bd/zynq_keypad_system/ip/zynq_keypad_system_PmodKYPD_0_0/src/PmodKYPD_axi_gpio_0_0/hdl/lib_cdc_v1_0_rfs.vhd:804]
	Parameter INIT bound to: 1'b0 
INFO: [Synth 8-113] binding component instance 'CROSS2_PLEVEL_IN2SCNDRY_s_level_out_bus_d4' to cell 'FDR' [/home/user/Desktop/lab_3/lab_3.gen/sources_1/bd/zynq_keypad_system/ip/zynq_keypad_system_PmodKYPD_0_0/src/PmodKYPD_axi_gpio_0_0/hdl/lib_cdc_v1_0_rfs.vhd:804]
	Parameter INIT bound to: 1'b0 
INFO: [Synth 8-113] binding component instance 'CROSS2_PLEVEL_IN2SCNDRY_s_level_out_bus_d5' to cell 'FDR' [/home/user/Desktop/lab_3/lab_3.gen/sources_1/bd/zynq_keypad_system/ip/zynq_keypad_system_PmodKYPD_0_0/src/PmodKYPD_axi_gpio_0_0/hdl/lib_cdc_v1_0_rfs.vhd:821]
	Parameter INIT bound to: 1'b0 
INFO: [Synth 8-113] binding component instance 'CROSS2_PLEVEL_IN2SCNDRY_s_level_out_bus_d5' to cell 'FDR' [/home/user/Desktop/lab_3/lab_3.gen/sources_1/bd/zynq_keypad_system/ip/zynq_keypad_system_PmodKYPD_0_0/src/PmodKYPD_axi_gpio_0_0/hdl/lib_cdc_v1_0_rfs.vhd:821]
	Parameter INIT bound to: 1'b0 
INFO: [Synth 8-113] binding component instance 'CROSS2_PLEVEL_IN2SCNDRY_s_level_out_bus_d5' to cell 'FDR' [/home/user/Desktop/lab_3/lab_3.gen/sources_1/bd/zynq_keypad_system/ip/zynq_keypad_system_PmodKYPD_0_0/src/PmodKYPD_axi_gpio_0_0/hdl/lib_cdc_v1_0_rfs.vhd:821]
	Parameter INIT bound to: 1'b0 
INFO: [Synth 8-113] binding component instance 'CROSS2_PLEVEL_IN2SCNDRY_s_level_out_bus_d5' to cell 'FDR' [/home/user/Desktop/lab_3/lab_3.gen/sources_1/bd/zynq_keypad_system/ip/zynq_keypad_system_PmodKYPD_0_0/src/PmodKYPD_axi_gpio_0_0/hdl/lib_cdc_v1_0_rfs.vhd:821]
	Parameter INIT bound to: 1'b0 
INFO: [Synth 8-113] binding component instance 'CROSS2_PLEVEL_IN2SCNDRY_s_level_out_bus_d5' to cell 'FDR' [/home/user/Desktop/lab_3/lab_3.gen/sources_1/bd/zynq_keypad_system/ip/zynq_keypad_system_PmodKYPD_0_0/src/PmodKYPD_axi_gpio_0_0/hdl/lib_cdc_v1_0_rfs.vhd:821]
	Parameter INIT bound to: 1'b0 
INFO: [Synth 8-113] binding component instance 'CROSS2_PLEVEL_IN2SCNDRY_s_level_out_bus_d5' to cell 'FDR' [/home/user/Desktop/lab_3/lab_3.gen/sources_1/bd/zynq_keypad_system/ip/zynq_keypad_system_PmodKYPD_0_0/src/PmodKYPD_axi_gpio_0_0/hdl/lib_cdc_v1_0_rfs.vhd:821]
	Parameter INIT bound to: 1'b0 
INFO: [Synth 8-113] binding component instance 'CROSS2_PLEVEL_IN2SCNDRY_s_level_out_bus_d5' to cell 'FDR' [/home/user/Desktop/lab_3/lab_3.gen/sources_1/bd/zynq_keypad_system/ip/zynq_keypad_system_PmodKYPD_0_0/src/PmodKYPD_axi_gpio_0_0/hdl/lib_cdc_v1_0_rfs.vhd:821]
	Parameter INIT bound to: 1'b0 
INFO: [Synth 8-113] binding component instance 'CROSS2_PLEVEL_IN2SCNDRY_s_level_out_bus_d5' to cell 'FDR' [/home/user/Desktop/lab_3/lab_3.gen/sources_1/bd/zynq_keypad_system/ip/zynq_keypad_system_PmodKYPD_0_0/src/PmodKYPD_axi_gpio_0_0/hdl/lib_cdc_v1_0_rfs.vhd:821]
	Parameter INIT bound to: 1'b0 
INFO: [Synth 8-113] binding component instance 'CROSS2_PLEVEL_IN2SCNDRY_s_level_out_bus_d6' to cell 'FDR' [/home/user/Desktop/lab_3/lab_3.gen/sources_1/bd/zynq_keypad_system/ip/zynq_keypad_system_PmodKYPD_0_0/src/PmodKYPD_axi_gpio_0_0/hdl/lib_cdc_v1_0_rfs.vhd:837]
	Parameter INIT bound to: 1'b0 
INFO: [Synth 8-113] binding component instance 'CROSS2_PLEVEL_IN2SCNDRY_s_level_out_bus_d6' to cell 'FDR' [/home/user/Desktop/lab_3/lab_3.gen/sources_1/bd/zynq_keypad_system/ip/zynq_keypad_system_PmodKYPD_0_0/src/PmodKYPD_axi_gpio_0_0/hdl/lib_cdc_v1_0_rfs.vhd:837]
	Parameter INIT bound to: 1'b0 
INFO: [Synth 8-113] binding component instance 'CROSS2_PLEVEL_IN2SCNDRY_s_level_out_bus_d6' to cell 'FDR' [/home/user/Desktop/lab_3/lab_3.gen/sources_1/bd/zynq_keypad_system/ip/zynq_keypad_system_PmodKYPD_0_0/src/PmodKYPD_axi_gpio_0_0/hdl/lib_cdc_v1_0_rfs.vhd:837]
	Parameter INIT bound to: 1'b0 
INFO: [Synth 8-113] binding component instance 'CROSS2_PLEVEL_IN2SCNDRY_s_level_out_bus_d6' to cell 'FDR' [/home/user/Desktop/lab_3/lab_3.gen/sources_1/bd/zynq_keypad_system/ip/zynq_keypad_system_PmodKYPD_0_0/src/PmodKYPD_axi_gpio_0_0/hdl/lib_cdc_v1_0_rfs.vhd:837]
	Parameter INIT bound to: 1'b0 
INFO: [Synth 8-113] binding component instance 'CROSS2_PLEVEL_IN2SCNDRY_s_level_out_bus_d6' to cell 'FDR' [/home/user/Desktop/lab_3/lab_3.gen/sources_1/bd/zynq_keypad_system/ip/zynq_keypad_system_PmodKYPD_0_0/src/PmodKYPD_axi_gpio_0_0/hdl/lib_cdc_v1_0_rfs.vhd:837]
	Parameter INIT bound to: 1'b0 
INFO: [Synth 8-113] binding component instance 'CROSS2_PLEVEL_IN2SCNDRY_s_level_out_bus_d6' to cell 'FDR' [/home/user/Desktop/lab_3/lab_3.gen/sources_1/bd/zynq_keypad_system/ip/zynq_keypad_system_PmodKYPD_0_0/src/PmodKYPD_axi_gpio_0_0/hdl/lib_cdc_v1_0_rfs.vhd:837]
	Parameter INIT bound to: 1'b0 
INFO: [Synth 8-113] binding component instance 'CROSS2_PLEVEL_IN2SCNDRY_s_level_out_bus_d6' to cell 'FDR' [/home/user/Desktop/lab_3/lab_3.gen/sources_1/bd/zynq_keypad_system/ip/zynq_keypad_system_PmodKYPD_0_0/src/PmodKYPD_axi_gpio_0_0/hdl/lib_cdc_v1_0_rfs.vhd:837]
	Parameter INIT bound to: 1'b0 
INFO: [Synth 8-113] binding component instance 'CROSS2_PLEVEL_IN2SCNDRY_s_level_out_bus_d6' to cell 'FDR' [/home/user/Desktop/lab_3/lab_3.gen/sources_1/bd/zynq_keypad_system/ip/zynq_keypad_system_PmodKYPD_0_0/src/PmodKYPD_axi_gpio_0_0/hdl/lib_cdc_v1_0_rfs.vhd:837]
INFO: [Synth 8-256] done synthesizing module 'cdc_sync' (5#1) [/home/user/Desktop/lab_3/lab_3.gen/sources_1/bd/zynq_keypad_system/ip/zynq_keypad_system_PmodKYPD_0_0/src/PmodKYPD_axi_gpio_0_0/hdl/lib_cdc_v1_0_rfs.vhd:106]
INFO: [Synth 8-256] done synthesizing module 'GPIO_Core' (6#1) [/home/user/Desktop/lab_3/lab_3.gen/sources_1/bd/zynq_keypad_system/ip/zynq_keypad_system_PmodKYPD_0_0/src/PmodKYPD_axi_gpio_0_0/hdl/axi_gpio_v2_0_vh_rfs.vhd:178]
INFO: [Synth 8-256] done synthesizing module 'axi_gpio' (7#1) [/home/user/Desktop/lab_3/lab_3.gen/sources_1/bd/zynq_keypad_system/ip/zynq_keypad_system_PmodKYPD_0_0/src/PmodKYPD_axi_gpio_0_0/hdl/axi_gpio_v2_0_vh_rfs.vhd:1351]
INFO: [Synth 8-256] done synthesizing module 'PmodKYPD_axi_gpio_0_0' (8#1) [/home/user/Desktop/lab_3/lab_3.gen/sources_1/bd/zynq_keypad_system/ip/zynq_keypad_system_PmodKYPD_0_0/src/PmodKYPD_axi_gpio_0_0/synth/PmodKYPD_axi_gpio_0_0.vhd:86]
INFO: [Synth 8-6157] synthesizing module 'PmodKYPD_pmod_bridge_0_0' [/home/user/Desktop/lab_3/lab_3.gen/sources_1/bd/zynq_keypad_system/ip/zynq_keypad_system_PmodKYPD_0_0/src/PmodKYPD_pmod_bridge_0_0/synth/PmodKYPD_pmod_bridge_0_0.v:56]
INFO: [Synth 8-6157] synthesizing module 'pmod_concat' [/home/user/Desktop/lab_3/lab_3.gen/sources_1/bd/zynq_keypad_system/ip/zynq_keypad_system_PmodKYPD_0_0/src/PmodKYPD_pmod_bridge_0_0/src/pmod_concat.v:12]
INFO: [Synth 8-6155] done synthesizing module 'pmod_concat' (9#1) [/home/user/Desktop/lab_3/lab_3.gen/sources_1/bd/zynq_keypad_system/ip/zynq_keypad_system_PmodKYPD_0_0/src/PmodKYPD_pmod_bridge_0_0/src/pmod_concat.v:12]
INFO: [Synth 8-6155] done synthesizing module 'PmodKYPD_pmod_bridge_0_0' (10#1) [/home/user/Desktop/lab_3/lab_3.gen/sources_1/bd/zynq_keypad_system/ip/zynq_keypad_system_PmodKYPD_0_0/src/PmodKYPD_pmod_bridge_0_0/synth/PmodKYPD_pmod_bridge_0_0.v:56]
INFO: [Synth 8-6157] synthesizing module 'PmodKYPD_xlconcat_0_0' [/home/user/Desktop/lab_3/lab_3.gen/sources_1/bd/zynq_keypad_system/ip/zynq_keypad_system_PmodKYPD_0_0/src/PmodKYPD_xlconcat_0_0/synth/PmodKYPD_xlconcat_0_0.v:60]
INFO: [Synth 8-6157] synthesizing module 'xlconcat_v2_1_4_xlconcat' [/home/user/Desktop/lab_3/lab_3.gen/sources_1/bd/zynq_keypad_system/ip/zynq_keypad_system_PmodKYPD_0_0/src/PmodKYPD_xlconcat_0_0/hdl/xlconcat_v2_1_vl_rfs.v:14]
INFO: [Synth 8-6155] done synthesizing module 'xlconcat_v2_1_4_xlconcat' (11#1) [/home/user/Desktop/lab_3/lab_3.gen/sources_1/bd/zynq_keypad_system/ip/zynq_keypad_system_PmodKYPD_0_0/src/PmodKYPD_xlconcat_0_0/hdl/xlconcat_v2_1_vl_rfs.v:14]
INFO: [Synth 8-6155] done synthesizing module 'PmodKYPD_xlconcat_0_0' (12#1) [/home/user/Desktop/lab_3/lab_3.gen/sources_1/bd/zynq_keypad_system/ip/zynq_keypad_system_PmodKYPD_0_0/src/PmodKYPD_xlconcat_0_0/synth/PmodKYPD_xlconcat_0_0.v:60]
INFO: [Synth 8-6157] synthesizing module 'PmodKYPD_xlslice_0_0' [/home/user/Desktop/lab_3/lab_3.gen/sources_1/bd/zynq_keypad_system/ip/zynq_keypad_system_PmodKYPD_0_0/src/PmodKYPD_xlslice_0_0/synth/PmodKYPD_xlslice_0_0.v:57]
INFO: [Synth 8-6157] synthesizing module 'xlslice_v1_0_2_xlslice' [/home/user/Desktop/lab_3/lab_3.gen/sources_1/bd/zynq_keypad_system/ip/zynq_keypad_system_PmodKYPD_0_0/src/PmodKYPD_xlslice_t_0_0/hdl/xlslice_v1_0_vl_rfs.v:13]
INFO: [Synth 8-6155] done synthesizing module 'xlslice_v1_0_2_xlslice' (13#1) [/home/user/Desktop/lab_3/lab_3.gen/sources_1/bd/zynq_keypad_system/ip/zynq_keypad_system_PmodKYPD_0_0/src/PmodKYPD_xlslice_t_0_0/hdl/xlslice_v1_0_vl_rfs.v:13]
INFO: [Synth 8-6155] done synthesizing module 'PmodKYPD_xlslice_0_0' (14#1) [/home/user/Desktop/lab_3/lab_3.gen/sources_1/bd/zynq_keypad_system/ip/zynq_keypad_system_PmodKYPD_0_0/src/PmodKYPD_xlslice_0_0/synth/PmodKYPD_xlslice_0_0.v:57]
INFO: [Synth 8-6157] synthesizing module 'PmodKYPD_xlslice_0_1' [/home/user/Desktop/lab_3/lab_3.gen/sources_1/bd/zynq_keypad_system/ip/zynq_keypad_system_PmodKYPD_0_0/src/PmodKYPD_xlslice_0_1/synth/PmodKYPD_xlslice_0_1.v:57]
INFO: [Synth 8-6157] synthesizing module 'xlslice_v1_0_2_xlslice__parameterized0' [/home/user/Desktop/lab_3/lab_3.gen/sources_1/bd/zynq_keypad_system/ip/zynq_keypad_system_PmodKYPD_0_0/src/PmodKYPD_xlslice_t_0_0/hdl/xlslice_v1_0_vl_rfs.v:13]
INFO: [Synth 8-6155] done synthesizing module 'xlslice_v1_0_2_xlslice__parameterized0' (14#1) [/home/user/Desktop/lab_3/lab_3.gen/sources_1/bd/zynq_keypad_system/ip/zynq_keypad_system_PmodKYPD_0_0/src/PmodKYPD_xlslice_t_0_0/hdl/xlslice_v1_0_vl_rfs.v:13]
INFO: [Synth 8-6155] done synthesizing module 'PmodKYPD_xlslice_0_1' (15#1) [/home/user/Desktop/lab_3/lab_3.gen/sources_1/bd/zynq_keypad_system/ip/zynq_keypad_system_PmodKYPD_0_0/src/PmodKYPD_xlslice_0_1/synth/PmodKYPD_xlslice_0_1.v:57]
INFO: [Synth 8-6157] synthesizing module 'PmodKYPD_xlslice_0_2' [/home/user/Desktop/lab_3/lab_3.gen/sources_1/bd/zynq_keypad_system/ip/zynq_keypad_system_PmodKYPD_0_0/src/PmodKYPD_xlslice_0_2/synth/PmodKYPD_xlslice_0_2.v:57]
INFO: [Synth 8-6155] done synthesizing module 'PmodKYPD_xlslice_0_2' (16#1) [/home/user/Desktop/lab_3/lab_3.gen/sources_1/bd/zynq_keypad_system/ip/zynq_keypad_system_PmodKYPD_0_0/src/PmodKYPD_xlslice_0_2/synth/PmodKYPD_xlslice_0_2.v:57]
INFO: [Synth 8-6157] synthesizing module 'PmodKYPD_xlslice_t_0_0' [/home/user/Desktop/lab_3/lab_3.gen/sources_1/bd/zynq_keypad_system/ip/zynq_keypad_system_PmodKYPD_0_0/src/PmodKYPD_xlslice_t_0_0/synth/PmodKYPD_xlslice_t_0_0.v:57]
INFO: [Synth 8-6155] done synthesizing module 'PmodKYPD_xlslice_t_0_0' (17#1) [/home/user/Desktop/lab_3/lab_3.gen/sources_1/bd/zynq_keypad_system/ip/zynq_keypad_system_PmodKYPD_0_0/src/PmodKYPD_xlslice_t_0_0/synth/PmodKYPD_xlslice_t_0_0.v:57]
INFO: [Synth 8-6155] done synthesizing module 'PmodKYPD' (18#1) [/home/user/Desktop/lab_3/lab_3.gen/sources_1/bd/zynq_keypad_system/ipshared/c850/src/PmodKYPD.v:12]
INFO: [Synth 8-6155] done synthesizing module 'zynq_keypad_system_PmodKYPD_0_0' (19#1) [/home/user/Desktop/lab_3/lab_3.gen/sources_1/bd/zynq_keypad_system/ip/zynq_keypad_system_PmodKYPD_0_0/synth/zynq_keypad_system_PmodKYPD_0_0.v:56]
---------------------------------------------------------------------------------
Finished RTL Elaboration : Time (s): cpu = 00:00:06 ; elapsed = 00:00:07 . Memory (MB): peak = 2465.230 ; gain = 0.000 ; free physical = 2210 ; free virtual = 18531
---------------------------------------------------------------------------------
---------------------------------------------------------------------------------
Start Handling Custom Attributes
---------------------------------------------------------------------------------
---------------------------------------------------------------------------------
Finished Handling Custom Attributes : Time (s): cpu = 00:00:07 ; elapsed = 00:00:08 . Memory (MB): peak = 2465.230 ; gain = 0.000 ; free physical = 3919 ; free virtual = 20244
---------------------------------------------------------------------------------
---------------------------------------------------------------------------------
Finished RTL Optimization Phase 1 : Time (s): cpu = 00:00:07 ; elapsed = 00:00:08 . Memory (MB): peak = 2465.230 ; gain = 0.000 ; free physical = 3926 ; free virtual = 20251
---------------------------------------------------------------------------------
Netlist sorting complete. Time (s): cpu = 00:00:00.02 ; elapsed = 00:00:00.01 . Memory (MB): peak = 2465.230 ; gain = 0.000 ; free physical = 3901 ; free virtual = 20226
INFO: [Netlist 29-17] Analyzing 48 Unisim elements for replacement
INFO: [Netlist 29-28] Unisim Transformation completed in 0 CPU seconds
INFO: [Project 1-570] Preparing netlist for logic optimization

Processing XDC Constraints
Initializing timing engine
Parsing XDC File [/home/user/Desktop/lab_3/lab_3.gen/sources_1/bd/zynq_keypad_system/ip/zynq_keypad_system_PmodKYPD_0_0/src/PmodKYPD_ooc.xdc] for cell 'inst'
Finished Parsing XDC File [/home/user/Desktop/lab_3/lab_3.gen/sources_1/bd/zynq_keypad_system/ip/zynq_keypad_system_PmodKYPD_0_0/src/PmodKYPD_ooc.xdc] for cell 'inst'
Parsing XDC File [/home/user/Desktop/lab_3/lab_3.gen/sources_1/bd/zynq_keypad_system/ip/zynq_keypad_system_PmodKYPD_0_0/src/PmodKYPD_axi_gpio_0_0/PmodKYPD_axi_gpio_0_0_board.xdc] for cell 'inst/axi_gpio_0/U0'
Finished Parsing XDC File [/home/user/Desktop/lab_3/lab_3.gen/sources_1/bd/zynq_keypad_system/ip/zynq_keypad_system_PmodKYPD_0_0/src/PmodKYPD_axi_gpio_0_0/PmodKYPD_axi_gpio_0_0_board.xdc] for cell 'inst/axi_gpio_0/U0'
Parsing XDC File [/home/user/Desktop/lab_3/lab_3.gen/sources_1/bd/zynq_keypad_system/ip/zynq_keypad_system_PmodKYPD_0_0/src/PmodKYPD_axi_gpio_0_0/PmodKYPD_axi_gpio_0_0.xdc] for cell 'inst/axi_gpio_0/U0'
Finished Parsing XDC File [/home/user/Desktop/lab_3/lab_3.gen/sources_1/bd/zynq_keypad_system/ip/zynq_keypad_system_PmodKYPD_0_0/src/PmodKYPD_axi_gpio_0_0/PmodKYPD_axi_gpio_0_0.xdc] for cell 'inst/axi_gpio_0/U0'
Parsing XDC File [/home/user/Desktop/lab_3/lab_3.gen/sources_1/bd/zynq_keypad_system/ip/zynq_keypad_system_PmodKYPD_0_0/src/PmodKYPD_pmod_bridge_0_0/PmodKYPD_pmod_bridge_0_0_board.xdc] for cell 'inst/pmod_bridge_0/inst'
Finished Parsing XDC File [/home/user/Desktop/lab_3/lab_3.gen/sources_1/bd/zynq_keypad_system/ip/zynq_keypad_system_PmodKYPD_0_0/src/PmodKYPD_pmod_bridge_0_0/PmodKYPD_pmod_bridge_0_0_board.xdc] for cell 'inst/pmod_bridge_0/inst'
Parsing XDC File [/home/user/Desktop/lab_3/lab_3.gen/sources_1/bd/zynq_keypad_system/ip/zynq_keypad_system_PmodKYPD_0_0/zynq_keypad_system_PmodKYPD_0_0_board.xdc] for cell 'inst'
Finished Parsing XDC File [/home/user/Desktop/lab_3/lab_3.gen/sources_1/bd/zynq_keypad_system/ip/zynq_keypad_system_PmodKYPD_0_0/zynq_keypad_system_PmodKYPD_0_0_board.xdc] for cell 'inst'
Parsing XDC File [/home/user/Desktop/lab_3/lab_3.runs/zynq_keypad_system_PmodKYPD_0_0_synth_1/dont_touch.xdc]
Finished Parsing XDC File [/home/user/Desktop/lab_3/lab_3.runs/zynq_keypad_system_PmodKYPD_0_0_synth_1/dont_touch.xdc]
INFO: [Project 1-236] Implementation specific constraints were found while reading constraint file [/home/user/Desktop/lab_3/lab_3.runs/zynq_keypad_system_PmodKYPD_0_0_synth_1/dont_touch.xdc]. These constraints will be ignored for synthesis but will be used in implementation. Impacted constraints are listed in the file [.Xil/zynq_keypad_system_PmodKYPD_0_0_propImpl.xdc].
Resolution: To avoid this warning, move constraints listed in [.Xil/zynq_keypad_system_PmodKYPD_0_0_propImpl.xdc] to another XDC file and exclude this new file from synthesis with the used_in_synthesis property (File Properties dialog in GUI) and re-run elaboration/synthesis.
Completed Processing XDC Constraints

Netlist sorting complete. Time (s): cpu = 00:00:00 ; elapsed = 00:00:00 . Memory (MB): peak = 2529.129 ; gain = 0.000 ; free physical = 3641 ; free virtual = 19992
INFO: [Project 1-111] Unisim Transformation Summary:
  A total of 48 instances were transformed.
  FDR => FDRE: 48 instances

Constraint Validation Runtime : Time (s): cpu = 00:00:00.03 ; elapsed = 00:00:00.02 . Memory (MB): peak = 2529.129 ; gain = 0.000 ; free physical = 3640 ; free virtual = 19991
---------------------------------------------------------------------------------
Finished Constraint Validation : Time (s): cpu = 00:00:11 ; elapsed = 00:00:12 . Memory (MB): peak = 2529.129 ; gain = 63.898 ; free physical = 3819 ; free virtual = 20178
---------------------------------------------------------------------------------
---------------------------------------------------------------------------------
Start Loading Part and Timing Information
---------------------------------------------------------------------------------
Loading part: xc7z010clg400-1
---------------------------------------------------------------------------------
Finished Loading Part and Timing Information : Time (s): cpu = 00:00:11 ; elapsed = 00:00:12 . Memory (MB): peak = 2529.129 ; gain = 63.898 ; free physical = 3819 ; free virtual = 20178
---------------------------------------------------------------------------------
---------------------------------------------------------------------------------
Start Applying 'set_property' XDC Constraints
---------------------------------------------------------------------------------
Applied set_property KEEP_HIERARCHY = SOFT for inst/pmod_bridge_0/inst. (constraint file  /home/user/Desktop/lab_3/lab_3.runs/zynq_keypad_system_PmodKYPD_0_0_synth_1/dont_touch.xdc, line 29).
Applied set_property KEEP_HIERARCHY = SOFT for inst. (constraint file  /home/user/Desktop/lab_3/lab_3.runs/zynq_keypad_system_PmodKYPD_0_0_synth_1/dont_touch.xdc, line 35).
Applied set_property KEEP_HIERARCHY = SOFT for inst/axi_gpio_0/U0. (constraint file  /home/user/Desktop/lab_3/lab_3.runs/zynq_keypad_system_PmodKYPD_0_0_synth_1/dont_touch.xdc, line 42).
Applied set_property KEEP_HIERARCHY = SOFT for inst/xlconcat_0. (constraint file  auto generated constraint).
Applied set_property KEEP_HIERARCHY = SOFT for inst/xlslice_t_1. (constraint file  auto generated constraint).
Applied set_property KEEP_HIERARCHY = SOFT for inst/xlslice_t_0. (constraint file  auto generated constraint).
Applied set_property KEEP_HIERARCHY = SOFT for inst/xlslice_o_1. (constraint file  auto generated constraint).
Applied set_property KEEP_HIERARCHY = SOFT for inst/xlslice_o_0. (constraint file  auto generated constraint).
Applied set_property KEEP_HIERARCHY = SOFT for inst/axi_gpio_0. (constraint file  auto generated constraint).
Applied set_property KEEP_HIERARCHY = SOFT for inst/pmod_bridge_0. (constraint file  auto generated constraint).
Applied set_property KEEP = true for inst/axi_gpio_0/U0/gpio_core_1/GPIO_IO_T[0]. (constraint file  auto generated constraint).
---------------------------------------------------------------------------------
Finished applying 'set_property' XDC Constraints : Time (s): cpu = 00:00:11 ; elapsed = 00:00:12 . Memory (MB): peak = 2529.129 ; gain = 63.898 ; free physical = 3816 ; free virtual = 20175
---------------------------------------------------------------------------------
INFO: [Synth 8-802] inferred FSM for state register 'state_reg' in module 'slave_attachment'
---------------------------------------------------------------------------------------------------
                   State |                     New Encoding |                Previous Encoding 
---------------------------------------------------------------------------------------------------
                 iSTATE2 |                             0001 |                               00
                  iSTATE |                             0010 |                               01
                 iSTATE0 |                             0100 |                               10
                 iSTATE1 |                             1000 |                               11
---------------------------------------------------------------------------------------------------
INFO: [Synth 8-3354] encoded FSM with state register 'state_reg' using encoding 'one-hot' in module 'slave_attachment'
---------------------------------------------------------------------------------
Finished RTL Optimization Phase 2 : Time (s): cpu = 00:00:11 ; elapsed = 00:00:13 . Memory (MB): peak = 2529.129 ; gain = 63.898 ; free physical = 3797 ; free virtual = 20158
---------------------------------------------------------------------------------
---------------------------------------------------------------------------------
Start RTL Component Statistics 
---------------------------------------------------------------------------------
Detailed RTL Component Info : 
+---Adders : 
	   2 Input    4 Bit       Adders := 1     
+---Registers : 
	               32 Bit    Registers := 2     
	                9 Bit    Registers := 1     
	                8 Bit    Registers := 3     
	                4 Bit    Registers := 1     
	                2 Bit    Registers := 3     
	                1 Bit    Registers := 18    
+---Muxes : 
	   5 Input   32 Bit        Muxes := 1     
	   2 Input   32 Bit        Muxes := 1     
	   2 Input    9 Bit        Muxes := 1     
	   2 Input    8 Bit        Muxes := 2     
	   4 Input    4 Bit        Muxes := 1     
	   2 Input    4 Bit        Muxes := 5     
	   7 Input    2 Bit        Muxes := 1     
	   2 Input    2 Bit        Muxes := 2     
	   2 Input    1 Bit        Muxes := 27    
	   4 Input    1 Bit        Muxes := 3     
---------------------------------------------------------------------------------
Finished RTL Component Statistics 
---------------------------------------------------------------------------------
---------------------------------------------------------------------------------
Start Part Resource Summary
---------------------------------------------------------------------------------
Part Resources:
DSPs: 80 (col length:40)
BRAMs: 120 (col length: RAMB18 40 RAMB36 20)
---------------------------------------------------------------------------------
Finished Part Resource Summary
---------------------------------------------------------------------------------
---------------------------------------------------------------------------------
Start Cross Boundary and Area Optimization
---------------------------------------------------------------------------------
---------------------------------------------------------------------------------
Finished Cross Boundary and Area Optimization : Time (s): cpu = 00:00:12 ; elapsed = 00:00:14 . Memory (MB): peak = 2529.129 ; gain = 63.898 ; free physical = 3770 ; free virtual = 20133
---------------------------------------------------------------------------------
---------------------------------------------------------------------------------
Start Applying XDC Timing Constraints
---------------------------------------------------------------------------------
---------------------------------------------------------------------------------
Finished Applying XDC Timing Constraints : Time (s): cpu = 00:00:17 ; elapsed = 00:00:18 . Memory (MB): peak = 2529.129 ; gain = 63.898 ; free physical = 3408 ; free virtual = 19774
---------------------------------------------------------------------------------
---------------------------------------------------------------------------------
Start Timing Optimization
---------------------------------------------------------------------------------
---------------------------------------------------------------------------------
Finished Timing Optimization : Time (s): cpu = 00:00:17 ; elapsed = 00:00:18 . Memory (MB): peak = 2529.129 ; gain = 63.898 ; free physical = 3378 ; free virtual = 19744
---------------------------------------------------------------------------------
---------------------------------------------------------------------------------
Start Technology Mapping
---------------------------------------------------------------------------------
---------------------------------------------------------------------------------
Finished Technology Mapping : Time (s): cpu = 00:00:17 ; elapsed = 00:00:19 . Memory (MB): peak = 2529.129 ; gain = 63.898 ; free physical = 3225 ; free virtual = 19591
---------------------------------------------------------------------------------
---------------------------------------------------------------------------------
Start IO Insertion
---------------------------------------------------------------------------------
---------------------------------------------------------------------------------
Start Flattening Before IO Insertion
---------------------------------------------------------------------------------
---------------------------------------------------------------------------------
Finished Flattening Before IO Insertion
---------------------------------------------------------------------------------
---------------------------------------------------------------------------------
Start Final Netlist Cleanup
---------------------------------------------------------------------------------
---------------------------------------------------------------------------------
Finished Final Netlist Cleanup
---------------------------------------------------------------------------------
---------------------------------------------------------------------------------
Finished IO Insertion : Time (s): cpu = 00:00:19 ; elapsed = 00:00:21 . Memory (MB): peak = 2529.129 ; gain = 63.898 ; free physical = 3430 ; free virtual = 19806
---------------------------------------------------------------------------------
---------------------------------------------------------------------------------
Start Renaming Generated Instances
---------------------------------------------------------------------------------
---------------------------------------------------------------------------------
Finished Renaming Generated Instances : Time (s): cpu = 00:00:19 ; elapsed = 00:00:21 . Memory (MB): peak = 2529.129 ; gain = 63.898 ; free physical = 3430 ; free virtual = 19806
---------------------------------------------------------------------------------
---------------------------------------------------------------------------------
Start Rebuilding User Hierarchy
---------------------------------------------------------------------------------
---------------------------------------------------------------------------------
Finished Rebuilding User Hierarchy : Time (s): cpu = 00:00:19 ; elapsed = 00:00:21 . Memory (MB): peak = 2529.129 ; gain = 63.898 ; free physical = 3427 ; free virtual = 19803
---------------------------------------------------------------------------------
---------------------------------------------------------------------------------
Start Renaming Generated Ports
---------------------------------------------------------------------------------
---------------------------------------------------------------------------------
Finished Renaming Generated Ports : Time (s): cpu = 00:00:19 ; elapsed = 00:00:21 . Memory (MB): peak = 2529.129 ; gain = 63.898 ; free physical = 3426 ; free virtual = 19803
---------------------------------------------------------------------------------
---------------------------------------------------------------------------------
Start Handling Custom Attributes
---------------------------------------------------------------------------------
---------------------------------------------------------------------------------
Finished Handling Custom Attributes : Time (s): cpu = 00:00:19 ; elapsed = 00:00:21 . Memory (MB): peak = 2529.129 ; gain = 63.898 ; free physical = 3426 ; free virtual = 19803
---------------------------------------------------------------------------------
---------------------------------------------------------------------------------
Start Renaming Generated Nets
---------------------------------------------------------------------------------
---------------------------------------------------------------------------------
Finished Renaming Generated Nets : Time (s): cpu = 00:00:19 ; elapsed = 00:00:21 . Memory (MB): peak = 2529.129 ; gain = 63.898 ; free physical = 3425 ; free virtual = 19802
---------------------------------------------------------------------------------
---------------------------------------------------------------------------------
Start Writing Synthesis Report
---------------------------------------------------------------------------------

Report BlackBoxes: 
+-+--------------+----------+
| |BlackBox name |Instances |
+-+--------------+----------+
+-+--------------+----------+

Report Cell Usage: 
+------+-----+------+
|      |Cell |Count |
+------+-----+------+
|1     |LUT1 |     2|
|2     |LUT2 |     9|
|3     |LUT3 |     8|
|4     |LUT4 |    12|
|5     |LUT5 |    36|
|6     |LUT6 |     8|
|7     |FDR  |    32|
|8     |FDRE |    79|
|9     |FDSE |     9|
+------+-----+------+
---------------------------------------------------------------------------------
Finished Writing Synthesis Report : Time (s): cpu = 00:00:19 ; elapsed = 00:00:21 . Memory (MB): peak = 2529.129 ; gain = 63.898 ; free physical = 3425 ; free virtual = 19802
---------------------------------------------------------------------------------
Synthesis finished with 0 errors, 0 critical warnings and 0 warnings.
Synthesis Optimization Runtime : Time (s): cpu = 00:00:18 ; elapsed = 00:00:19 . Memory (MB): peak = 2529.129 ; gain = 0.000 ; free physical = 3469 ; free virtual = 19848
Synthesis Optimization Complete : Time (s): cpu = 00:00:20 ; elapsed = 00:00:21 . Memory (MB): peak = 2529.129 ; gain = 63.898 ; free physical = 3468 ; free virtual = 19847
INFO: [Project 1-571] Translating synthesized netlist
Netlist sorting complete. Time (s): cpu = 00:00:00 ; elapsed = 00:00:00.01 . Memory (MB): peak = 2529.129 ; gain = 0.000 ; free physical = 3462 ; free virtual = 19841
INFO: [Netlist 29-17] Analyzing 32 Unisim elements for replacement
INFO: [Netlist 29-28] Unisim Transformation completed in 0 CPU seconds
INFO: [Project 1-570] Preparing netlist for logic optimization
INFO: [Opt 31-138] Pushed 0 inverter(s) to 0 load pin(s).
Netlist sorting complete. Time (s): cpu = 00:00:00 ; elapsed = 00:00:00 . Memory (MB): peak = 2529.129 ; gain = 0.000 ; free physical = 3588 ; free virtual = 19968
INFO: [Project 1-111] Unisim Transformation Summary:
  A total of 32 instances were transformed.
  FDR => FDRE: 32 instances

Synth Design complete, checksum: a081c379
INFO: [Common 17-83] Releasing license: Synthesis
119 Infos, 0 Warnings, 0 Critical Warnings and 0 Errors encountered.
synth_design completed successfully
synth_design: Time (s): cpu = 00:00:29 ; elapsed = 00:00:25 . Memory (MB): peak = 2529.129 ; gain = 64.031 ; free physical = 3721 ; free virtual = 20101
INFO: [Common 17-1381] The checkpoint '/home/user/Desktop/lab_3/lab_3.runs/zynq_keypad_system_PmodKYPD_0_0_synth_1/zynq_keypad_system_PmodKYPD_0_0.dcp' has been generated.
INFO: [Coretcl 2-1648] Added synthesis output to IP cache for IP zynq_keypad_system_PmodKYPD_0_0, cache-ID = 01656a42269278f3
INFO: [Coretcl 2-1174] Renamed 15 cell refs.
INFO: [Common 17-1381] The checkpoint '/home/user/Desktop/lab_3/lab_3.runs/zynq_keypad_system_PmodKYPD_0_0_synth_1/zynq_keypad_system_PmodKYPD_0_0.dcp' has been generated.
INFO: [runtcl-4] Executing : report_utilization -file zynq_keypad_system_PmodKYPD_0_0_utilization_synth.rpt -pb zynq_keypad_system_PmodKYPD_0_0_utilization_synth.pb
INFO: [Common 17-206] Exiting Vivado at Wed Sep 23 19:23:11 2026...
