19:24:23 INFO  : Launching XSCT server: xsct -n  -interactive /home/user/Desktop/lab_2/temp_xsdb_launch_script.tcl
19:24:24 INFO  : Platform repository initialization has completed.
19:24:24 INFO  : Registering command handlers for Vitis TCF services
19:24:26 INFO  : XSCT server has started successfully.
19:24:27 INFO  : plnx-install-location is set to ''
19:24:27 INFO  : Successfully done setting XSCT server connection channel  
19:24:27 INFO  : Successfully done query RDI_DATADIR 
19:24:27 INFO  : Successfully done setting workspace for the tool. 
19:26:44 INFO  : Result from executing command 'getProjects': zynq_interrupt_system_wrapper
19:26:44 INFO  : Result from executing command 'getPlatforms': 
19:26:44 WARN  : An unexpected exception occurred in the module 'platform project logging'
19:26:45 INFO  : Platform 'zynq_interrupt_system_wrapper' is added to custom repositories.
19:26:52 INFO  : Platform 'zynq_interrupt_system_wrapper' is added to custom repositories.
19:32:04 INFO  : Result from executing command 'removePlatformRepo': 
19:32:19 INFO  : Result from executing command 'getProjects': zynq_interrupt_system_wrapper
19:32:19 INFO  : Result from executing command 'getPlatforms': 
19:32:22 INFO  : Checking for BSP changes to sync application flags for project 'interrupt_counter'...
19:32:49 INFO  : Connected to target on host '127.0.0.1' and port '3121'.
19:32:49 INFO  : 'targets -set -filter {jtag_cable_name =~ "Digilent Zybo 210279A78FF9A" && level==0 && jtag_device_ctx=="jsn-Zybo-210279A78FF9A-13722093-0"}' command is executed.
19:32:50 INFO  : Device configured successfully with "/home/user/Desktop/lab_2/interrupt_counter/_ide/bitstream/zynq_interrupt_system_wrapper.bit"
19:34:08 INFO  : Connected to target on host '127.0.0.1' and port '3121'.
19:34:08 INFO  : Jtag cable 'Digilent Zybo 210279A78FF9A' is selected.
19:34:08 INFO  : 'jtag frequency' command is executed.
19:34:08 INFO  : Context for 'APU' is selected.
19:34:08 INFO  : System reset is completed.
19:34:11 INFO  : 'after 3000' command is executed.
19:34:11 INFO  : 'targets -set -filter {jtag_cable_name =~ "Digilent Zybo 210279A78FF9A" && level==0 && jtag_device_ctx=="jsn-Zybo-210279A78FF9A-13722093-0"}' command is executed.
19:34:12 INFO  : Device configured successfully with "/home/user/Desktop/lab_2/interrupt_counter/_ide/bitstream/zynq_interrupt_system_wrapper.bit"
19:34:12 INFO  : Context for 'APU' is selected.
19:34:12 INFO  : Hardware design and registers information is loaded from '/home/user/Desktop/lab_2/zynq_interrupt_system_wrapper/export/zynq_interrupt_system_wrapper/hw/zynq_interrupt_system_wrapper.xsa'.
19:34:12 INFO  : 'configparams force-mem-access 1' command is executed.
19:34:12 INFO  : Context for 'APU' is selected.
19:34:12 INFO  : Sourcing of '/home/user/Desktop/lab_2/interrupt_counter/_ide/psinit/ps7_init.tcl' is done.
19:34:13 INFO  : 'ps7_init' command is executed.
19:34:13 INFO  : 'ps7_post_config' command is executed.
19:34:13 INFO  : Context for processor 'ps7_cortexa9_0' is selected.
19:34:13 INFO  : The application '/home/user/Desktop/lab_2/interrupt_counter/Debug/interrupt_counter.elf' is downloaded to processor 'ps7_cortexa9_0'.
19:34:13 INFO  : 'configparams force-mem-access 0' command is executed.
19:34:13 INFO  : ----------------XSDB Script----------------
connect -url tcp:127.0.0.1:3121
targets -set -nocase -filter {name =~"APU*"}
rst -system
after 3000
targets -set -filter {jtag_cable_name =~ "Digilent Zybo 210279A78FF9A" && level==0 && jtag_device_ctx=="jsn-Zybo-210279A78FF9A-13722093-0"}
fpga -file /home/user/Desktop/lab_2/interrupt_counter/_ide/bitstream/zynq_interrupt_system_wrapper.bit
targets -set -nocase -filter {name =~"APU*"}
loadhw -hw /home/user/Desktop/lab_2/zynq_interrupt_system_wrapper/export/zynq_interrupt_system_wrapper/hw/zynq_interrupt_system_wrapper.xsa -mem-ranges [list {0x40000000 0xbfffffff}] -regs
configparams force-mem-access 1
targets -set -nocase -filter {name =~"APU*"}
source /home/user/Desktop/lab_2/interrupt_counter/_ide/psinit/ps7_init.tcl
ps7_init
ps7_post_config
targets -set -nocase -filter {name =~ "*A9*#0"}
dow /home/user/Desktop/lab_2/interrupt_counter/Debug/interrupt_counter.elf
configparams force-mem-access 0
----------------End of Script----------------

19:34:13 INFO  : Context for processor 'ps7_cortexa9_0' is selected.
19:34:13 INFO  : 'con' command is executed.
19:34:13 INFO  : ----------------XSDB Script (After Launch)----------------
targets -set -nocase -filter {name =~ "*A9*#0"}
con
----------------End of Script----------------

19:34:13 INFO  : Disconnected from the channel tcfchan#3.
19:56:06 INFO  : Launching XSCT server: xsct -n  -interactive /home/user/Desktop/lab_2/temp_xsdb_launch_script.tcl
19:56:08 INFO  : Platform repository initialization has completed.
19:56:09 INFO  : Registering command handlers for Vitis TCF services
19:56:10 INFO  : XSCT server has started successfully.
19:56:11 INFO  : plnx-install-location is set to ''
19:56:11 INFO  : Successfully done setting XSCT server connection channel  
19:56:11 INFO  : Successfully done query RDI_DATADIR 
19:56:11 INFO  : Successfully done setting workspace for the tool. 
19:57:22 INFO  : Launching XSCT server: xsct -n  -interactive /home/user/Desktop/lab_2/temp_xsdb_launch_script.tcl
19:57:24 INFO  : Platform repository initialization has completed.
19:57:24 INFO  : Registering command handlers for Vitis TCF services
19:57:26 INFO  : XSCT server has started successfully.
19:57:26 INFO  : Successfully done setting XSCT server connection channel  
19:57:26 INFO  : plnx-install-location is set to ''
19:57:26 INFO  : Successfully done query RDI_DATADIR 
19:57:26 INFO  : Successfully done setting workspace for the tool. 
19:58:01 INFO  : Launching XSCT server: xsct -n  -interactive /home/user/Desktop/lab_2/temp_xsdb_launch_script.tcl
19:58:03 INFO  : Platform repository initialization has completed.
19:58:03 INFO  : Registering command handlers for Vitis TCF services
19:58:04 INFO  : XSCT server has started successfully.
19:58:04 INFO  : Successfully done setting XSCT server connection channel  
19:58:04 INFO  : plnx-install-location is set to ''
19:58:04 INFO  : Successfully done query RDI_DATADIR 
19:58:04 INFO  : Successfully done setting workspace for the tool. 
19:59:44 INFO  : Launching XSCT server: xsct -n  -interactive /home/user/Desktop/lab_2/temp_xsdb_launch_script.tcl
19:59:45 INFO  : Platform repository initialization has completed.
19:59:45 INFO  : Registering command handlers for Vitis TCF services
19:59:47 INFO  : XSCT server has started successfully.
19:59:47 INFO  : plnx-install-location is set to ''
19:59:47 INFO  : Successfully done setting XSCT server connection channel  
19:59:47 INFO  : Successfully done query RDI_DATADIR 
19:59:47 INFO  : Successfully done setting workspace for the tool. 
20:00:30 ERROR : Error encountered while initializing user repository paths
Reason: No Platforms Found.


20:00:30 INFO  : Platform repository initialization has completed.
20:00:31 INFO  : Launching XSCT server: xsct -n  -interactive /home/user/Desktop/lab_2/temp_xsdb_launch_script.tcl
20:00:31 INFO  : Registering command handlers for Vitis TCF services
20:00:34 INFO  : XSCT server has started successfully.
20:00:34 INFO  : plnx-install-location is set to ''
20:00:34 INFO  : Successfully done setting XSCT server connection channel  
20:00:34 INFO  : Successfully done query RDI_DATADIR 
20:00:34 INFO  : Successfully done setting workspace for the tool. 
20:04:29 INFO  : Result from executing command 'getProjects': interrupt_counter2
20:04:29 INFO  : Result from executing command 'getPlatforms': 
20:04:29 WARN  : An unexpected exception occurred in the module 'platform project logging'
20:04:29 INFO  : Platform 'interrupt_counter2' is added to custom repositories.
20:04:31 ERROR : 
org.eclipse.core.runtime.CoreException: CDT Project already configured
	at org.eclipse.cdt.internal.core.settings.model.ExceptionFactory.createCoreException(ExceptionFactory.java:26)
	at org.eclipse.cdt.core.CCorePlugin.mapCProjectOwner(CCorePlugin.java:890)
	at org.eclipse.cdt.core.CCorePlugin$1.run(CCorePlugin.java:945)
	at org.eclipse.core.internal.resources.Workspace.run(Workspace.java:2292)
	at org.eclipse.cdt.core.CCorePlugin.createCProject(CCorePlugin.java:930)
	at com.xilinx.sdx.sdk.core.gen.AppCreationHandler.createCProject(AppCreationHandler.java:92)
	at com.xilinx.sdx.sdk.core.gen.StandaloneProjectHandler.createCoreApp(StandaloneProjectHandler.java:67)
	at com.xilinx.sdx.sdk.core.gen.AppCreationHandler.createApplication(AppCreationHandler.java:79)
	at com.xilinx.sdx.sdk.core.gen.AppCreationHandler.execute(AppCreationHandler.java:69)
	at com.xilinx.sdx.sdk.core.SdkAppCreationHandler.executeInternal(SdkAppCreationHandler.java:75)
	at com.xilinx.sdx.sdk.core.SdkAppCreationHandler.lambda$1(SdkAppCreationHandler.java:67)
	at org.eclipse.core.internal.resources.Workspace.run(Workspace.java:2292)
	at org.eclipse.core.internal.resources.Workspace.run(Workspace.java:2312)
	at com.xilinx.sdx.sdk.core.SdkAppCreationHandler.execute(SdkAppCreationHandler.java:66)
	at com.xilinx.sdx.npw.NewProjectCreationHandler.createApplicationProject(NewProjectCreationHandler.java:237)
	at com.xilinx.sdx.npw.NewProjectCreationHandler.internalExecute(NewProjectCreationHandler.java:382)
	at com.xilinx.sdx.npw.NewProjectCreationHandler$1.execute(NewProjectCreationHandler.java:100)
	at org.eclipse.ui.actions.WorkspaceModifyOperation.lambda$0(WorkspaceModifyOperation.java:110)
	at org.eclipse.core.internal.resources.Workspace.run(Workspace.java:2292)
	at org.eclipse.core.internal.resources.Workspace.run(Workspace.java:2317)
	at org.eclipse.ui.actions.WorkspaceModifyOperation.run(WorkspaceModifyOperation.java:131)
	at org.eclipse.jface.operation.ModalContext$ModalContextThread.run(ModalContext.java:122)
Caused by: org.eclipse.core.runtime.CoreException: CDT Project already configured
	at org.eclipse.cdt.internal.core.CConfigBasedDescriptorManager.configure(CConfigBasedDescriptorManager.java:160)
	at org.eclipse.cdt.core.CCorePlugin.mapCProjectOwner(CCorePlugin.java:885)
	... 20 more
20:04:31 ERROR : Failed to create application project
org.eclipse.core.runtime.CoreException: CDT Project already configured
	at com.xilinx.sdx.sdk.core.gen.StandaloneProjectHandler.createCoreApp(StandaloneProjectHandler.java:150)
	at com.xilinx.sdx.sdk.core.gen.AppCreationHandler.createApplication(AppCreationHandler.java:79)
	at com.xilinx.sdx.sdk.core.gen.AppCreationHandler.execute(AppCreationHandler.java:69)
	at com.xilinx.sdx.sdk.core.SdkAppCreationHandler.executeInternal(SdkAppCreationHandler.java:75)
	at com.xilinx.sdx.sdk.core.SdkAppCreationHandler.lambda$1(SdkAppCreationHandler.java:67)
	at org.eclipse.core.internal.resources.Workspace.run(Workspace.java:2292)
	at org.eclipse.core.internal.resources.Workspace.run(Workspace.java:2312)
	at com.xilinx.sdx.sdk.core.SdkAppCreationHandler.execute(SdkAppCreationHandler.java:66)
	at com.xilinx.sdx.npw.NewProjectCreationHandler.createApplicationProject(NewProjectCreationHandler.java:237)
	at com.xilinx.sdx.npw.NewProjectCreationHandler.internalExecute(NewProjectCreationHandler.java:382)
	at com.xilinx.sdx.npw.NewProjectCreationHandler$1.execute(NewProjectCreationHandler.java:100)
	at org.eclipse.ui.actions.WorkspaceModifyOperation.lambda$0(WorkspaceModifyOperation.java:110)
	at org.eclipse.core.internal.resources.Workspace.run(Workspace.java:2292)
	at org.eclipse.core.internal.resources.Workspace.run(Workspace.java:2317)
	at org.eclipse.ui.actions.WorkspaceModifyOperation.run(WorkspaceModifyOperation.java:131)
	at org.eclipse.jface.operation.ModalContext$ModalContextThread.run(ModalContext.java:122)
20:04:31 WARN  : Failed to update project references for project interrupt_counter
20:04:31 WARN  : Failed to update project references for project interrupt_counter_system
20:04:31 WARN  : Failed to update project references for project zynq_interrupt_system_wrapper
20:05:28 ERROR : Error encountered while initializing user repository paths
Reason: No Platforms Found.


20:05:28 INFO  : Platform repository initialization has completed.
20:05:28 INFO  : Launching XSCT server: xsct -n  -interactive /home/user/Desktop/lab_2/temp_xsdb_launch_script.tcl
20:05:28 INFO  : Registering command handlers for Vitis TCF services
20:05:31 INFO  : XSCT server has started successfully.
20:05:31 INFO  : plnx-install-location is set to ''
20:05:31 INFO  : Successfully done setting XSCT server connection channel  
20:05:31 INFO  : Successfully done query RDI_DATADIR 
20:05:31 INFO  : Successfully done setting workspace for the tool. 
20:06:31 INFO  : Result from executing command 'getProjects': zynq_interrupt_system_wrapper_1
20:06:31 INFO  : Result from executing command 'getPlatforms': 
20:06:31 WARN  : An unexpected exception occurred in the module 'platform project logging'
20:06:31 INFO  : Platform 'zynq_interrupt_system_wrapper_1' is added to custom repositories.
20:06:38 INFO  : Platform 'zynq_interrupt_system_wrapper_1' is added to custom repositories.
20:07:23 INFO  : Result from executing command 'removePlatformRepo': 
20:07:46 INFO  : Result from executing command 'getProjects': zynq_interrupt_system_wrapper_1
20:07:46 INFO  : Result from executing command 'getPlatforms': 
20:07:49 INFO  : Checking for BSP changes to sync application flags for project 'interrupt_countertest'...
20:08:05 INFO  : Connected to target on host '127.0.0.1' and port '3121'.
20:08:05 INFO  : 'targets -set -filter {jtag_cable_name =~ "Digilent Zybo 210279A78FF9A" && level==0 && jtag_device_ctx=="jsn-Zybo-210279A78FF9A-13722093-0"}' command is executed.
20:08:06 INFO  : Device configured successfully with "/home/user/Desktop/lab_2/interrupt_countertest/_ide/bitstream/zynq_interrupt_system_wrapper.bit"
20:08:13 INFO  : Connected to target on host '127.0.0.1' and port '3121'.
20:08:13 INFO  : Jtag cable 'Digilent Zybo 210279A78FF9A' is selected.
20:08:13 INFO  : 'jtag frequency' command is executed.
20:08:14 INFO  : Context for 'APU' is selected.
20:08:14 INFO  : System reset is completed.
20:08:17 INFO  : 'after 3000' command is executed.
20:08:17 INFO  : 'targets -set -filter {jtag_cable_name =~ "Digilent Zybo 210279A78FF9A" && level==0 && jtag_device_ctx=="jsn-Zybo-210279A78FF9A-13722093-0"}' command is executed.
20:08:18 INFO  : Device configured successfully with "/home/user/Desktop/lab_2/interrupt_countertest/_ide/bitstream/zynq_interrupt_system_wrapper.bit"
20:08:18 INFO  : Context for 'APU' is selected.
20:08:18 INFO  : Hardware design and registers information is loaded from '/home/user/Desktop/lab_2/zynq_interrupt_system_wrapper_1/export/zynq_interrupt_system_wrapper_1/hw/zynq_interrupt_system_wrapper.xsa'.
20:08:18 INFO  : 'configparams force-mem-access 1' command is executed.
20:08:18 INFO  : Context for 'APU' is selected.
20:08:18 INFO  : Sourcing of '/home/user/Desktop/lab_2/interrupt_countertest/_ide/psinit/ps7_init.tcl' is done.
20:08:18 INFO  : 'ps7_init' command is executed.
20:08:18 INFO  : 'ps7_post_config' command is executed.
20:08:18 INFO  : Context for processor 'ps7_cortexa9_0' is selected.
20:08:18 INFO  : The application '/home/user/Desktop/lab_2/interrupt_countertest/Debug/interrupt_countertest.elf' is downloaded to processor 'ps7_cortexa9_0'.
20:08:19 INFO  : 'configparams force-mem-access 0' command is executed.
20:08:19 INFO  : ----------------XSDB Script----------------
connect -url tcp:127.0.0.1:3121
targets -set -nocase -filter {name =~"APU*"}
rst -system
after 3000
targets -set -filter {jtag_cable_name =~ "Digilent Zybo 210279A78FF9A" && level==0 && jtag_device_ctx=="jsn-Zybo-210279A78FF9A-13722093-0"}
fpga -file /home/user/Desktop/lab_2/interrupt_countertest/_ide/bitstream/zynq_interrupt_system_wrapper.bit
targets -set -nocase -filter {name =~"APU*"}
loadhw -hw /home/user/Desktop/lab_2/zynq_interrupt_system_wrapper_1/export/zynq_interrupt_system_wrapper_1/hw/zynq_interrupt_system_wrapper.xsa -mem-ranges [list {0x40000000 0xbfffffff}] -regs
configparams force-mem-access 1
targets -set -nocase -filter {name =~"APU*"}
source /home/user/Desktop/lab_2/interrupt_countertest/_ide/psinit/ps7_init.tcl
ps7_init
ps7_post_config
targets -set -nocase -filter {name =~ "*A9*#0"}
dow /home/user/Desktop/lab_2/interrupt_countertest/Debug/interrupt_countertest.elf
configparams force-mem-access 0
----------------End of Script----------------

20:08:19 INFO  : Context for processor 'ps7_cortexa9_0' is selected.
20:08:19 INFO  : 'con' command is executed.
20:08:19 INFO  : ----------------XSDB Script (After Launch)----------------
targets -set -nocase -filter {name =~ "*A9*#0"}
con
----------------End of Script----------------

20:08:19 INFO  : Disconnected from the channel tcfchan#3.
