19:32:23 **** Build of configuration Debug for project interrupt_counter ****
make all 
make --no-print-directory pre-build
a9-linaro-pre-build-step
 
make --no-print-directory main-build
Building file: ../src/interrupt_counter_tut_2B.c
Invoking: ARM v7 gcc compiler
arm-none-eabi-gcc -Wall -O0 -g3 -c -fmessage-length=0 -MT"src/interrupt_counter_tut_2B.o" -mcpu=cortex-a9 -mfpu=vfpv3 -mfloat-abi=hard -I/home/user/Desktop/lab_2/zynq_interrupt_system_wrapper/export/zynq_interrupt_system_wrapper/sw/zynq_interrupt_system_wrapper/standalone_ps7_cortexa9_0/bspinclude/include -MMD -MP -MF"src/interrupt_counter_tut_2B.d" -MT"src/interrupt_counter_tut_2B.o" -o "src/interrupt_counter_tut_2B.o" "../src/interrupt_counter_tut_2B.c"
Finished building: ../src/interrupt_counter_tut_2B.c
 
Building target: interrupt_counter.elf
Invoking: ARM v7 gcc linker
arm-none-eabi-gcc -mcpu=cortex-a9 -mfpu=vfpv3 -mfloat-abi=hard -Wl,-build-id=none -specs=Xilinx.spec -Wl,-T -Wl,../src/lscript.ld -L/home/user/Desktop/lab_2/zynq_interrupt_system_wrapper/export/zynq_interrupt_system_wrapper/sw/zynq_interrupt_system_wrapper/standalone_ps7_cortexa9_0/bsplib/lib -o "interrupt_counter.elf"  ./src/interrupt_counter_tut_2B.o   -Wl,--start-group,-lxil,-lgcc,-lc,--end-group
Finished building target: interrupt_counter.elf
 
Invoking: ARM v7 Print Size
arm-none-eabi-size interrupt_counter.elf  |tee "interrupt_counter.elf.size"
   text	   data	    bss	    dec	    hex	filename
  25465	   1952	  22648	  50065	   c391	interrupt_counter.elf
Finished building: interrupt_counter.elf.size
 

19:32:24 Build Finished (took 914ms)

