20:07:50 **** Build of configuration Debug for project interrupt_countertest ****
make all 
make --no-print-directory pre-build
a9-linaro-pre-build-step
 
make --no-print-directory main-build
Building file: ../src/interrupt_counter_tut_2D.c
Invoking: ARM v7 gcc compiler
arm-none-eabi-gcc -Wall -O0 -g3 -c -fmessage-length=0 -MT"src/interrupt_counter_tut_2D.o" -mcpu=cortex-a9 -mfpu=vfpv3 -mfloat-abi=hard -I/home/user/Desktop/lab_2/zynq_interrupt_system_wrapper_1/export/zynq_interrupt_system_wrapper_1/sw/zynq_interrupt_system_wrapper_1/standalone_ps7_cortexa9_0/bspinclude/include -MMD -MP -MF"src/interrupt_counter_tut_2D.d" -MT"src/interrupt_counter_tut_2D.o" -o "src/interrupt_counter_tut_2D.o" "../src/interrupt_counter_tut_2D.c"
../src/interrupt_counter_tut_2D.c: In function 'main':
../src/interrupt_counter_tut_2D.c:126:32: warning: passing argument 2 of 'XTmrCtr_SetHandler' from incompatible pointer type [-Wincompatible-pointer-types]
  126 |   XTmrCtr_SetHandler(&TMRInst, TMR_Intr_Handler, &TMRInst);
      |                                ^~~~~~~~~~~~~~~~
      |                                |
      |                                void (*)(void *)
In file included from ../src/interrupt_counter_tut_2D.c:22:
/home/user/Desktop/lab_2/zynq_interrupt_system_wrapper_1/export/zynq_interrupt_system_wrapper_1/sw/zynq_interrupt_system_wrapper_1/standalone_ps7_cortexa9_0/bspinclude/include/xtmrctr.h:300:64: note: expected 'XTmrCtr_Handler' {aka 'void (*)(void *, unsigned char)'} but argument is of type 'void (*)(void *)'
  300 | void XTmrCtr_SetHandler(XTmrCtr * InstancePtr, XTmrCtr_Handler FuncPtr,
      |                                                ~~~~~~~~~~~~~~~~^~~~~~~
Finished building: ../src/interrupt_counter_tut_2D.c
 
Building target: interrupt_countertest.elf
Invoking: ARM v7 gcc linker
arm-none-eabi-gcc -mcpu=cortex-a9 -mfpu=vfpv3 -mfloat-abi=hard -Wl,-build-id=none -specs=Xilinx.spec -Wl,-T -Wl,../src/lscript.ld -L/home/user/Desktop/lab_2/zynq_interrupt_system_wrapper_1/export/zynq_interrupt_system_wrapper_1/sw/zynq_interrupt_system_wrapper_1/standalone_ps7_cortexa9_0/bsplib/lib -o "interrupt_countertest.elf"  ./src/interrupt_counter_tut_2D.o   -Wl,--start-group,-lxil,-lgcc,-lc,--end-group
Finished building target: interrupt_countertest.elf
 
Invoking: ARM v7 Print Size
arm-none-eabi-size interrupt_countertest.elf  |tee "interrupt_countertest.elf.size"
   text	   data	    bss	    dec	    hex	filename
  30824	   1968	  22688	  55480	   d8b8	interrupt_countertest.elf
Finished building: interrupt_countertest.elf.size
 

20:07:51 Build Finished (took 915ms)

